
 Start         Length     Name                   Class
 0001:00000000 00107288H .text                   CODE
 0002:00000000 000014ECH .data                   DATA
 0002:000014EC 0000081DH .bss                    BSS


Detailed map of segments

 0001:00000000 0000049E C=CODE     S=.text    G=(none)   M=System   ACBP=A9
 0001:000004A0 000000C8 C=CODE     S=.text    G=(none)   M=SysInit  ACBP=A9
 0001:00000568 00000086 C=CODE     S=.text    G=(none)   M=Dialogs  ACBP=A9
 0001:000005F0 00000286 C=CODE     S=.text    G=(none)   M=StdCtrls ACBP=A9
 0001:00000878 0000000E C=CODE     S=.text    G=(none)   M=ActnList ACBP=A9
 0001:00000888 0000001E C=CODE     S=.text    G=(none)   M=ImgList  ACBP=A9
 0001:000008A8 0000000E C=CODE     S=.text    G=(none)   M=ActiveX  ACBP=A9
 0001:000008B8 000002E4 C=CODE     S=.text    G=(none)   M=Windows  ACBP=A9
 0001:00000B9C 00000038 C=CODE     S=.text    G=(none)   M=Messages ACBP=A9
 0001:00000BD4 00000038 C=CODE     S=.text    G=(none)   M=Commctrl ACBP=A9
 0001:00000C0C 000001E6 C=CODE     S=.text    G=(none)   M=Graphics ACBP=A9
 0001:00000DF4 000002FE C=CODE     S=.text    G=(none)   M=Classes  ACBP=A9
 0001:000010F4 0000016E C=CODE     S=.text    G=(none)   M=SysUtils ACBP=A9
 0001:00001264 0000000E C=CODE     S=.text    G=(none)   M=SysConst ACBP=A9
 0001:00001274 00000066 C=CODE     S=.text    G=(none)   M=TypInfo  ACBP=A9
 0001:000012DC 0000000E C=CODE     S=.text    G=(none)   M=Consts   ACBP=A9
 0001:000012EC 000002BE C=CODE     S=.text    G=(none)   M=Forms    ACBP=A9
 0001:000015AC 0000000E C=CODE     S=.text    G=(none)   M=MultiMon ACBP=A9
 0001:000015BC 00000436 C=CODE     S=.text    G=(none)   M=Controls ACBP=A9
 0001:000019F4 00000038 C=CODE     S=.text    G=(none)   M=Imm      ACBP=A9
 0001:00001A2C 00000146 C=CODE     S=.text    G=(none)   M=Menus    ACBP=A9
 0001:00001B74 0000000E C=CODE     S=.text    G=(none)   M=StdActns ACBP=A9
 0001:00001B84 00000026 C=CODE     S=.text    G=(none)   M=Clipbrd  ACBP=A9
 0001:00001BAC 0000000E C=CODE     S=.text    G=(none)   M=FlatSB   ACBP=A9
 0001:00001BBC 0000007E C=CODE     S=.text    G=(none)   M=Printers ACBP=A9
 0001:00001C3C 00000088 C=CODE     S=.text    G=(none)   M=WinSpool ACBP=A9
 0001:00001CC4 00000026 C=CODE     S=.text    G=(none)   M=Math     ACBP=A9
 0001:00001CEC 00000040 C=CODE     S=.text    G=(none)   M=CommDlg  ACBP=A9
 0001:00001D2C 00000038 C=CODE     S=.text    G=(none)   M=Dlgs     ACBP=A9
 0001:00001D64 00000076 C=CODE     S=.text    G=(none)   M=ExtCtrls ACBP=A9
 0001:00001DDC 0000000E C=CODE     S=.text    G=(none)   M=ppTypes  ACBP=A9
 0001:00001DEC 0000000E C=CODE     S=.text    G=(none)   M=DsgnIntf ACBP=A9
 0001:00001DFC 0000000E C=CODE     S=.text    G=(none)   M=Registry ACBP=A9
 0001:00001E0C 00000016 C=CODE     S=.text    G=(none)   M=IniFiles ACBP=A9
 0001:00001E24 00000066 C=CODE     S=.text    G=(none)   M=Mask     ACBP=A9
 0001:00001E8C 000000B6 C=CODE     S=.text    G=(none)   M=ppDevice ACBP=A9
 0001:00001F44 00000116 C=CODE     S=.text    G=(none)   M=ppPrintr ACBP=A9
 0001:0000205C 00000066 C=CODE     S=.text    G=(none)   M=ppUtils  ACBP=A9
 0001:000020C4 0000006E C=CODE     S=.text    G=(none)   M=ppForms  ACBP=A9
 0001:00002134 0000007E C=CODE     S=.text    G=(none)   M=ppComm   ACBP=A9
 0001:000021B4 0000000E C=CODE     S=.text    G=(none)   M=ppDsIntf ACBP=A9
 0001:000021C4 0000033E C=CODE     S=.text    G=(none)   M=ComCtrls ACBP=A9
 0001:00002504 0000000E C=CODE     S=.text    G=(none)   M=ToolWin  ACBP=A9
 0001:00002514 00000038 C=CODE     S=.text    G=(none)   M=RichEdit ACBP=A9
 0001:0000254C 0000000E C=CODE     S=.text    G=(none)   M=ComStrs  ACBP=A9
 0001:0000255C 0000009E C=CODE     S=.text    G=(none)   M=ppProd   ACBP=A9
 0001:000025FC 0000000E C=CODE     S=.text    G=(none)   M=ppPrnDev ACBP=A9
 0001:0000260C 0000000E C=CODE     S=.text    G=(none)   M=ppDrwCmd ACBP=A9
 0001:0000261C 0000007E C=CODE     S=.text    G=(none)   M=ppViewr  ACBP=A9
 0001:0000269C 0000000E C=CODE     S=.text    G=(none)   M=ppFilDev ACBP=A9
 0001:000026AC 0000001E C=CODE     S=.text    G=(none)   M=Buttons  ACBP=A9
 0001:000026CC 0000000E C=CODE     S=.text    G=(none)   M=ppPDlg   ACBP=A9
 0001:000026DC 0000000E C=CODE     S=.text    G=(none)   M=Tabnotbk ACBP=A9
 0001:000026EC 0000001E C=CODE     S=.text    G=(none)   M=Spin     ACBP=A9
 0001:0000270C 0000000E C=CODE     S=.text    G=(none)   M=ppCDlg   ACBP=A9
 0001:0000271C 0000000E C=CODE     S=.text    G=(none)   M=ppPrvDlg ACBP=A9
 0001:0000272C 0000009E C=CODE     S=.text    G=(none)   M=ppReport ACBP=A9
 0001:000027CC 0000001E C=CODE     S=.text    G=(none)   M=ppBands  ACBP=A9
 0001:000027EC 00000086 C=CODE     S=.text    G=(none)   M=ppRelatv ACBP=A9
 0001:00002874 00000016 C=CODE     S=.text    G=(none)   M=ppCache  ACBP=A9
 0001:0000288C 0000000E C=CODE     S=.text    G=(none)   M=ppDsgnCt ACBP=A9
 0001:0000289C 000001B6 C=CODE     S=.text    G=(none)   M=ppPrnabl ACBP=A9
 0001:00002A54 0000002E C=CODE     S=.text    G=(none)   M=ppDB     ACBP=A9
 0001:00002A84 0000020E C=CODE     S=.text    G=(none)   M=ppClass  ACBP=A9
 0001:00002C94 0000000E C=CODE     S=.text    G=(none)   M=ppTmplat ACBP=A9
 0001:00002CA4 0000000E C=CODE     S=.text    G=(none)   M=ppStrtch ACBP=A9
 0001:00002CB4 0000000E C=CODE     S=.text    G=(none)   M=ppRuler  ACBP=A9
 0001:00002CC4 0000000E C=CODE     S=.text    G=(none)   M=ppCmpReg ACBP=A9
 0001:00002CD4 0000000E C=CODE     S=.text    G=(none)   M=ppTmEDlg ACBP=A9
 0001:00002CE4 0000000E C=CODE     S=.text    G=(none)   M=ppTmDlg  ACBP=A9
 0001:00002CF4 0000000E C=CODE     S=.text    G=(none)   M=ppMemo   ACBP=A9
 0001:00002D04 0000000E C=CODE     S=.text    G=(none)   M=ppSubRpt ACBP=A9
 0001:00002D14 0000000E C=CODE     S=.text    G=(none)   M=ppRegion ACBP=A9
 0001:00002D24 0000012E C=CODE     S=.text    G=(none)   M=ppCtrls  ACBP=A9
 0001:00002E54 0000000E C=CODE     S=.text    G=(none)   M=ExtDlgs  ACBP=A9
 0001:00002E64 0000000E C=CODE     S=.text    G=(none)   M=ppEngine ACBP=A9
 0001:00002E74 00000016 C=CODE     S=.text    G=(none)   M=ppClasUt ACBP=A9
 0001:00002E8C 0000000E C=CODE     S=.text    G=(none)   M=ppBarCod ACBP=A9
 0001:00002E9C 0000000E C=CODE     S=.text    G=(none)   M=ppVar    ACBP=A9
 0001:00002EAC 0000000E C=CODE     S=.text    G=(none)   M=ppRichTx ACBP=A9
 0001:00002EBC 0000000E C=CODE     S=.text    G=(none)   M=ppDBBDE  ACBP=A9
 0001:00002ECC 000004AE C=CODE     S=.text    G=(none)   M=DBTables ACBP=A9
 0001:0000337C 0000000E C=CODE     S=.text    G=(none)   M=StdVCL   ACBP=A9
 0001:0000338C 0000000E C=CODE     S=.text    G=(none)   M=SMIntf   ACBP=A9
 0001:0000339C 0000001E C=CODE     S=.text    G=(none)   M=Bde      ACBP=A9
 0001:000033BC 0000004E C=CODE     S=.text    G=(none)   M=DBCommon ACBP=A9
 0001:0000340C 0000078E C=CODE     S=.text    G=(none)   M=Db       ACBP=A9
 0001:00003B9C 0000000E C=CODE     S=.text    G=(none)   M=DbConsts ACBP=A9
 0001:00003BAC 0000000E C=CODE     S=.text    G=(none)   M=BdeConst ACBP=A9
 0001:00003BBC 0000000E C=CODE     S=.text    G=(none)   M=DBLogDlg ACBP=A9
 0001:00003BCC 0000000E C=CODE     S=.text    G=(none)   M=DBPWDlg  ACBP=A9
 0001:00003BDC 00000026 C=CODE     S=.text    G=(none)   M=ppDBPipe ACBP=A9
 0001:00003C04 000003D6 C=CODE     S=.text    G=(none)   M=DBCtrls  ACBP=A9
 0001:00003FDC 000000BE C=CODE     S=.text    G=(none)   M=Grids    ACBP=A9
 0001:0000409C 00000206 C=CODE     S=.text    G=(none)   M=DBGrids  ACBP=A9
 0001:000042A4 00000038 C=CODE     S=.text    G=(none)   M=XCracks  ACBP=A9
 0001:000042DC 00000A45 C=CODE     S=.text    G=(none)   M=XMisc    ACBP=A9
 0001:00004D24 00000488 C=CODE     S=.text    G=(none)   M=EtvConst ACBP=A9
 0001:000051AC 00000868 C=CODE     S=.text    G=(none)   M=EtvPas   ACBP=A9
 0001:00005A14 00000038 C=CODE     S=.text    G=(none)   M=EtvOther ACBP=A9
 0001:00005A4C 000008E4 C=CODE     S=.text    G=(none)   M=DiDual   ACBP=A9
 0001:00006330 00003C60 C=CODE     S=.text    G=(none)   M=EtvDBFun ACBP=A9
 0001:00009F90 00000350 C=CODE     S=.text    G=(none)   M=DiAdv    ACBP=A9
 0001:0000A2E0 00000D15 C=CODE     S=.text    G=(none)   M=EtvDB    ACBP=A9
 0001:0000AFF8 00000148 C=CODE     S=.text    G=(none)   M=EtvMem   ACBP=A9
 0001:0000B140 00000104 C=CODE     S=.text    G=(none)   M=EtvBor   ACBP=A9
 0001:0000B244 0000101C C=CODE     S=.text    G=(none)   M=EtvTable ACBP=A9
 0001:0000C260 000079A2 C=CODE     S=.text    G=(none)   M=EtvLook  ACBP=A9
 0001:00013C04 00001984 C=CODE     S=.text    G=(none)   M=EtvPopup ACBP=A9
 0001:00015588 0000062C C=CODE     S=.text    G=(none)   M=EtvTemp  ACBP=A9
 0001:00015BB4 000017D0 C=CODE     S=.text    G=(none)   M=EtvContr ACBP=A9
 0001:00017384 00002B20 C=CODE     S=.text    G=(none)   M=Filter   ACBP=A9
 0001:00019EA4 00005330 C=CODE     S=.text    G=(none)   M=EtvFilt  ACBP=A9
 0001:0001F1D4 00000260 C=CODE     S=.text    G=(none)   M=Pasw     ACBP=A9
 0001:0001F434 00000AE4 C=CODE     S=.text    G=(none)   M=EtvDBase ACBP=A9
 0001:0001FF18 0000025C C=CODE     S=.text    G=(none)   M=LnPasw   ACBP=A9
 0001:00020174 00000B48 C=CODE     S=.text    G=(none)   M=DualFunc ACBP=A9
 0001:00020CBC 00000D4B C=CODE     S=.text    G=(none)   M=EtvList  ACBP=A9
 0001:00021A08 00004F1C C=CODE     S=.text    G=(none)   M=XDBMisc  ACBP=A9
 0001:00026924 00000038 C=CODE     S=.text    G=(none)   M=vgVCLRes ACBP=A9
 0001:0002695C 00000016 C=CODE     S=.text    G=(none)   M=ComObj   ACBP=A9
 0001:00026974 0000000E C=CODE     S=.text    G=(none)   M=ComConst ACBP=A9
 0001:00026984 00000894 C=CODE     S=.text    G=(none)   M=vgUtils  ACBP=A9
 0001:00027218 000003E4 C=CODE     S=.text    G=(none)   M=Misc     ACBP=A9
 0001:000275FC 000027F5 C=CODE     S=.text    G=(none)   M=LnTables ACBP=A9
 0001:00029DF4 0000268C C=CODE     S=.text    G=(none)   M=EtvPrint ACBP=A9
 0001:0002C480 00002260 C=CODE     S=.text    G=(none)   M=DiPrint  ACBP=A9
 0001:0002E6E0 00007240 C=CODE     S=.text    G=(none)   M=EtvGrid  ACBP=A9
 0001:00035920 0000000E C=CODE     S=.text    G=(none)   M=DBIndex  ACBP=A9
 0001:00035930 0000000E C=CODE     S=.text    G=(none)   M=StrUtils ACBP=A9
 0001:00035940 0000000E C=CODE     S=.text    G=(none)   M=DBUtils  ACBP=A9
 0001:00035950 0000000E C=CODE     S=.text    G=(none)   M=RXDConst ACBP=A9
 0001:00035960 0000000E C=CODE     S=.text    G=(none)   M=VCLUtils ACBP=A9
 0001:00035970 0000000E C=CODE     S=.text    G=(none)   M=MaxMin   ACBP=A9
 0001:00035980 0000000E C=CODE     S=.text    G=(none)   M=RXConst  ACBP=A9
 0001:00035990 0000000E C=CODE     S=.text    G=(none)   M=RXCConst ACBP=A9
 0001:000359A0 0000000E C=CODE     S=.text    G=(none)   M=FileUtil ACBP=A9
 0001:000359B0 00000038 C=CODE     S=.text    G=(none)   M=UrlMon   ACBP=A9
 0001:000359E8 00000038 C=CODE     S=.text    G=(none)   M=WinInet  ACBP=A9
 0001:00035A20 00000038 C=CODE     S=.text    G=(none)   M=RegStr   ACBP=A9
 0001:00035A58 00000038 C=CODE     S=.text    G=(none)   M=ShellAPI ACBP=A9
 0001:00035A90 00000038 C=CODE     S=.text    G=(none)   M=ShlObj   ACBP=A9
 0001:00035AC8 0000000E C=CODE     S=.text    G=(none)   M=DateUtil ACBP=A9
 0001:00035AD8 0000000E C=CODE     S=.text    G=(none)   M=FileCtrl ACBP=A9
 0001:00035AE8 0000000E C=CODE     S=.text    G=(none)   M=RxPrgrss ACBP=A9
 0001:00035AF8 0000001E C=CODE     S=.text    G=(none)   M=Gauges   ACBP=A9
 0001:00035B18 0000000E C=CODE     S=.text    G=(none)   M=AppUtils ACBP=A9
 0001:00035B28 0000000E C=CODE     S=.text    G=(none)   M=Placemnt ACBP=A9
 0001:00035B38 0000000E C=CODE     S=.text    G=(none)   M=RxHook   ACBP=A9
 0001:00035B48 0000000E C=CODE     S=.text    G=(none)   M=RXProps  ACBP=A9
 0001:00035B58 0000000E C=CODE     S=.text    G=(none)   M=BdeUtils ACBP=A9
 0001:00035B68 000008E8 C=CODE     S=.text    G=(none)   M=SrcIndex ACBP=A9
 0001:00036450 00000160 C=CODE     S=.text    G=(none)   M=FVisDisp ACBP=A9
 0001:000365B0 000012D0 C=CODE     S=.text    G=(none)   M=FindDlgc ACBP=A9
 0001:00037880 00002420 C=CODE     S=.text    G=(none)   M=XTxtPrn  ACBP=A9
 0001:00039CA0 00000E0A C=CODE     S=.text    G=(none)   M=XTxtDev  ACBP=A9
 0001:0003AAAC 0000122C C=CODE     S=.text    G=(none)   M=XPDlg    ACBP=A9
 0001:0003BCD8 00000D24 C=CODE     S=.text    G=(none)   M=XPrevDlg ACBP=A9
 0001:0003C9FC 000015B4 C=CODE     S=.text    G=(none)   M=XPrlDlg  ACBP=A9
 0001:0003DFB0 00000590 C=CODE     S=.text    G=(none)   M=EtvPpCtl ACBP=A9
 0001:0003E540 00002ABC C=CODE     S=.text    G=(none)   M=XRepLays ACBP=A9
 0001:00040FFC 00000016 C=CODE     S=.text    G=(none)   M=ppDBJIT  ACBP=A9
 0001:00041014 000053E4 C=CODE     S=.text    G=(none)   M=LnkMisc  ACBP=A9
 0001:000463F8 0000221E C=CODE     S=.text    G=(none)   M=XReports ACBP=A9
 0001:00048618 00000CA3 C=CODE     S=.text    G=(none)   M=XApps    ACBP=A9
 0001:000492BC 0000004E C=CODE     S=.text    G=(none)   M=CheckLst ACBP=A9
 0001:0004930C 00000046 C=CODE     S=.text    G=(none)   M=RXCtrls  ACBP=A9
 0001:00049354 0000000E C=CODE     S=.text    G=(none)   M=RxTimer  ACBP=A9
 0001:00049364 000006F0 C=CODE     S=.text    G=(none)   M=XCtrls   ACBP=A9
 0001:00049A54 00000308 C=CODE     S=.text    G=(none)   M=XSplash  ACBP=A9
 0001:00049D5C 000002F4 C=CODE     S=.text    G=(none)   M=XAbout   ACBP=A9
 0001:0004A050 0000116C C=CODE     S=.text    G=(none)   M=UsersSet ACBP=A9
 0001:0004B1BC 0000004E C=CODE     S=.text    G=(none)   M=ppEndUsr ACBP=A9
 0001:0004B20C 0000000E C=CODE     S=.text    G=(none)   M=ppDsgnDB ACBP=A9
 0001:0004B21C 0000000E C=CODE     S=.text    G=(none)   M=ppWizard ACBP=A9
 0001:0004B22C 0000000E C=CODE     S=.text    G=(none)   M=ppDsgner ACBP=A9
 0001:0004B23C 0000000E C=CODE     S=.text    G=(none)   M=ppToolWn ACBP=A9
 0001:0004B24C 0000000E C=CODE     S=.text    G=(none)   M=ppTB97   ACBP=A9
 0001:0004B25C 0000000E C=CODE     S=.text    G=(none)   M=pptb97ut ACBP=A9
 0001:0004B26C 0000000E C=CODE     S=.text    G=(none)   M=ppIDE    ACBP=A9
 0001:0004B27C 0000000E C=CODE     S=.text    G=(none)   M=ppTreeVw ACBP=A9
 0001:0004B28C 0000000E C=CODE     S=.text    G=(none)   M=ppMetaB  ACBP=A9
 0001:0004B29C 0000000E C=CODE     S=.text    G=(none)   M=ppTB97x  ACBP=A9
 0001:0004B2AC 0000000E C=CODE     S=.text    G=(none)   M=ppMetaAL ACBP=A9
 0001:0004B2BC 0000000E C=CODE     S=.text    G=(none)   M=ppRptWiz ACBP=A9
 0001:0004B2CC 0000000E C=CODE     S=.text    G=(none)   M=ppMetaRW ACBP=A9
 0001:0004B2DC 0000000E C=CODE     S=.text    G=(none)   M=ppRWzDlg ACBP=A9
 0001:0004B2EC 0000000E C=CODE     S=.text    G=(none)   M=Tabs     ACBP=A9
 0001:0004B2FC 0000000E C=CODE     S=.text    G=(none)   M=ppPgNDlg ACBP=A9
 0001:0004B30C 0000000E C=CODE     S=.text    G=(none)   M=ppCOrDlg ACBP=A9
 0001:0004B31C 0000000E C=CODE     S=.text    G=(none)   M=ppNewDlg ACBP=A9
 0001:0004B32C 0000000E C=CODE     S=.text    G=(none)   M=ppMMDlg  ACBP=A9
 0001:0004B33C 0000000E C=CODE     S=.text    G=(none)   M=ppVarDlg ACBP=A9
 0001:0004B34C 0000000E C=CODE     S=.text    G=(none)   M=ppDrlDlg ACBP=A9
 0001:0004B35C 0000000E C=CODE     S=.text    G=(none)   M=ppBarDlg ACBP=A9
 0001:0004B36C 0000000E C=CODE     S=.text    G=(none)   M=ppBPsDlg ACBP=A9
 0001:0004B37C 0000000E C=CODE     S=.text    G=(none)   M=ppDatDlg ACBP=A9
 0001:0004B38C 0000000E C=CODE     S=.text    G=(none)   M=ppPosDlg ACBP=A9
 0001:0004B39C 0000000E C=CODE     S=.text    G=(none)   M=ppDemo   ACBP=A9
 0001:0004B3AC 0000000E C=CODE     S=.text    G=(none)   M=ppShfDlg ACBP=A9
 0001:0004B3BC 0000000E C=CODE     S=.text    G=(none)   M=ppClcDlg ACBP=A9
 0001:0004B3CC 0000000E C=CODE     S=.text    G=(none)   M=ppMemDlg ACBP=A9
 0001:0004B3DC 0000000E C=CODE     S=.text    G=(none)   M=ppAbout  ACBP=A9
 0001:0004B3EC 0000000E C=CODE     S=.text    G=(none)   M=ppGrdDlg ACBP=A9
 0001:0004B3FC 0000000E C=CODE     S=.text    G=(none)   M=ppFmtDlg ACBP=A9
 0001:0004B40C 0000000E C=CODE     S=.text    G=(none)   M=ppGrpDlg ACBP=A9
 0001:0004B41C 0000000E C=CODE     S=.text    G=(none)   M=ppTxtDlg ACBP=A9
 0001:0004B42C 0000000E C=CODE     S=.text    G=(none)   M=ppPgSdlg ACBP=A9
 0001:0004B43C 0000000E C=CODE     S=.text    G=(none)   M=ppRichEd ACBP=A9
 0001:0004B44C 00000980 C=CODE     S=.text    G=(none)   M=EtvPages ACBP=A9
 0001:0004BDCC 0000196D C=CODE     S=.text    G=(none)   M=XDBForms ACBP=A9
 0001:0004D73C 000007B8 C=CODE     S=.text    G=(none)   M=FEdIFNs  ACBP=A9
 0001:0004DEF4 00001D44 C=CODE     S=.text    G=(none)   M=FSetInq  ACBP=A9
 0001:0004FC38 00000DAC C=CODE     S=.text    G=(none)   M=FSetReps ACBP=A9
 0001:000509E4 00000096 C=CODE     S=.text    G=(none)   M=ToolEdit ACBP=A9
 0001:00050A7C 0000000E C=CODE     S=.text    G=(none)   M=PickDate ACBP=A9
 0001:00050A8C 00000086 C=CODE     S=.text    G=(none)   M=RXDBCtrl ACBP=A9
 0001:00050B14 00000026 C=CODE     S=.text    G=(none)   M=CurrEdit ACBP=A9
 0001:00050B3C 0000000E C=CODE     S=.text    G=(none)   M=RxCalc   ACBP=A9
 0001:00050B4C 0000029C C=CODE     S=.text    G=(none)   M=EtvRXCtl ACBP=A9
 0001:00050DE8 00001258 C=CODE     S=.text    G=(none)   M=TlsForm  ACBP=A9
 0001:00052040 00003C92 C=CODE     S=.text    G=(none)   M=XECtrls  ACBP=A9
 0001:00055CD4 000008E4 C=CODE     S=.text    G=(none)   M=BEForms  ACBP=A9
 0001:000565B8 0000000E C=CODE     S=.text    G=(none)   M=OleCtrls ACBP=A9
 0001:000565C8 0000000E C=CODE     S=.text    G=(none)   M=AxCtrls  ACBP=A9
 0001:000565D8 0000000E C=CODE     S=.text    G=(none)   M=OleConst ACBP=A9
 0001:000565E8 00000038 C=CODE     S=.text    G=(none)   M=Office_TLB ACBP=A9
 0001:00056620 00000038 C=CODE     S=.text    G=(none)   M=VBIDE_TLB ACBP=A9
 0001:00056658 00000124 C=CODE     S=.text    G=(none)   M=Excel_TLB ACBP=A9
 0001:0005677C 00003DE8 C=CODE     S=.text    G=(none)   M=ExpExcel ACBP=A9
 0001:0005A564 0000072E C=CODE     S=.text    G=(none)   M=XLnkPipe ACBP=A9
 0001:0005AC94 00007659 C=CODE     S=.text    G=(none)   M=XDBTFC   ACBP=A9
 0001:000622F0 00004207 C=CODE     S=.text    G=(none)   M=LnkSet   ACBP=A9
 0001:000664F8 00000968 C=CODE     S=.text    G=(none)   M=XTools   ACBP=A9
 0001:00066E60 0000066E C=CODE     S=.text    G=(none)   M=XForms   ACBP=A9
 0001:000674D0 00002B22 C=CODE     S=.text    G=(none)   M=XTFC     ACBP=A9
 0001:00069FF4 000003BC C=CODE     S=.text    G=(none)   M=Splash   ACBP=A9
 0001:0006A3B0 00000247 C=CODE     S=.text    G=(none)   M=SaErrors ACBP=A9
 0001:0006A5F8 00000586 C=CODE     S=.text    G=(none)   M=XEFields ACBP=A9
 0001:0006AB80 000010B8 C=CODE     S=.text    G=(none)   M=MdGeography ACBP=A9
 0001:0006BC38 000010D8 C=CODE     S=.text    G=(none)   M=EtvRus   ACBP=A9
 0001:0006CD10 0000000E C=CODE     S=.text    G=(none)   M=RxMemDS  ACBP=A9
 0001:0006CD20 00000086 C=CODE     S=.text    G=(none)   M=ppModule ACBP=A9
 0001:0006CDA8 0000005C C=CODE     S=.text    G=(none)   M=daDB     ACBP=A9
 0001:0006CE04 0000004C C=CODE     S=.text    G=(none)   M=daDataVw ACBP=A9
 0001:0006CE50 00000350 C=CODE     S=.text    G=(none)   M=daDatMod ACBP=A9
 0001:0006D1A0 00000050 C=CODE     S=.text    G=(none)   M=jconsts  ACBP=A9
 0001:0006D1F0 00013810 C=CODE     S=.text    G=(none)   M=jpeg     ACBP=A9
 0001:00080A00 00000480 C=CODE     S=.text    G=(none)   M=XSBForm  ACBP=A9
 0001:00080E80 000003B8 C=CODE     S=.text    G=(none)   M=DiDate   ACBP=A9
 0001:00081238 000001C0 C=CODE     S=.text    G=(none)   M=ABEForms ACBP=A9
 0001:000813F8 000001E4 C=CODE     S=.text    G=(none)   M=BBEForms ACBP=A9
 0001:000815DC 00000280 C=CODE     S=.text    G=(none)   M=MBEForms ACBP=A9
 0001:0008185C 0000081C C=CODE     S=.text    G=(none)   M=PopupTr  ACBP=A9
 0001:00082078 0000373C C=CODE     S=.text    G=(none)   M=Vg       ACBP=A9
 0001:000857B4 00000038 C=CODE     S=.text    G=(none)   M=EtvForms ACBP=A9
 0001:000857EC 00000714 C=CODE     S=.text    G=(none)   M=EtvView  ACBP=A9
 0001:00085F00 000040C4 C=CODE     S=.text    G=(none)   M=EtvShb   ACBP=A9
 0001:00089FC4 00000016 C=CODE     S=.text    G=(none)   M=RXSwitch ACBP=A9
 0001:00089FDC 000004D5 C=CODE     S=.text    G=(none)   M=XETrees  ACBP=A9
 0001:0008A4B4 00000308 C=CODE     S=.text    G=(none)   M=PriceDlg ACBP=A9
 0001:0008A7BC 0000022C C=CODE     S=.text    G=(none)   M=DlgOneDate ACBP=A9
 0001:0008A9E8 00003FA4 C=CODE     S=.text    G=(none)   M=Prod     ACBP=A9
 0001:0008E98C 000002FC C=CODE     S=.text    G=(none)   M=DlgUnLock ACBP=A9
 0001:0008EC88 00000A20 C=CODE     S=.text    G=(none)   M=Person2  ACBP=A9
 0001:0008F6A8 000009F0 C=CODE     S=.text    G=(none)   M=EtvClone ACBP=A9
 0001:00090098 00000468 C=CODE     S=.text    G=(none)   M=DlgClient ACBP=A9
 0001:00090500 0000000E C=CODE     S=.text    G=(none)   M=RXSplit  ACBP=A9
 0001:00090510 0000081C C=CODE     S=.text    G=(none)   M=Materials ACBP=A9
 0001:00090D2C 00003A8C C=CODE     S=.text    G=(none)   M=MInvoice ACBP=A9
 0001:000947B8 00000CF0 C=CODE     S=.text    G=(none)   M=MdContr  ACBP=A9
 0001:000954A8 00000026 C=CODE     S=.text    G=(none)   M=RXSpin   ACBP=A9
 0001:000954D0 00000590 C=CODE     S=.text    G=(none)   M=MInvoiceCheckSS ACBP=A9
 0001:00095A60 000001CC C=CODE     S=.text    G=(none)   M=MInvoiceDragInfo ACBP=A9
 0001:00095C2C 00000280 C=CODE     S=.text    G=(none)   M=MServiceUnit ACBP=A9
 0001:00095EAC 0000057C C=CODE     S=.text    G=(none)   M=MFaktura ACBP=A9
 0001:00096428 00000038 C=CODE     S=.text    G=(none)   M=selectBox ACBP=A9
 0001:00096460 0001F08C C=CODE     S=.text    G=(none)   M=mdMaterials ACBP=A9
 0001:000B54EC 00000310 C=CODE     S=.text    G=(none)   M=DlgAct   ACBP=A9
 0001:000B57FC 00000038 C=CODE     S=.text    G=(none)   M=GksmCons ACBP=A9
 0001:000B5834 00001860 C=CODE     S=.text    G=(none)   M=PayDoc   ACBP=A9
 0001:000B7094 00002F98 C=CODE     S=.text    G=(none)   M=MdPays   ACBP=A9
 0001:000BA02C 00011758 C=CODE     S=.text    G=(none)   M=MdClientsAdd ACBP=A9
 0001:000CB784 00000980 C=CODE     S=.text    G=(none)   M=Orgs     ACBP=A9
 0001:000CC104 00002638 C=CODE     S=.text    G=(none)   M=MdOrgs   ACBP=A9
 0001:000CE73C 00000BE4 C=CODE     S=.text    G=(none)   M=Workers  ACBP=A9
 0001:000CF320 00007ECC C=CODE     S=.text    G=(none)   M=MdWorkers ACBP=A9
 0001:000D71EC 000037C4 C=CODE     S=.text    G=(none)   M=Invoice  ACBP=A9
 0001:000DA9B0 00000ADC C=CODE     S=.text    G=(none)   M=ProdPlan ACBP=A9
 0001:000DB48C 00006000 C=CODE     S=.text    G=(none)   M=MdProd   ACBP=A9
 0001:000E148C 000004B0 C=CODE     S=.text    G=(none)   M=MdShop   ACBP=A9
 0001:000E193C 00000F2C C=CODE     S=.text    G=(none)   M=SForm    ACBP=A9
 0001:000E2868 000003CC C=CODE     S=.text    G=(none)   M=FactureVAT ACBP=A9
 0001:000E2C34 00014278 C=CODE     S=.text    G=(none)   M=MdInvc   ACBP=A9
 0001:000F6EAC 0000A584 C=CODE     S=.text    G=(none)   M=MdCommon ACBP=A9
 0001:00101430 00002C48 C=CODE     S=.text    G=(none)   M=MdBase   ACBP=A9
 0001:00104078 000003E0 C=CODE     S=.text    G=(none)   M=Bank     ACBP=A9
 0001:00104458 0000027C C=CODE     S=.text    G=(none)   M=ProdMat  ACBP=A9
 0001:001046D4 000001FC C=CODE     S=.text    G=(none)   M=Tare     ACBP=A9
 0001:001048D0 000002B4 C=CODE     S=.text    G=(none)   M=ContrProd ACBP=A9
 0001:00104B84 00000500 C=CODE     S=.text    G=(none)   M=Contract ACBP=A9
 0001:00105084 000002C0 C=CODE     S=.text    G=(none)   M=Shop     ACBP=A9
 0001:00105344 00000038 C=CODE     S=.text    G=(none)   M=MInvoiceCalc ACBP=A9
 0001:0010537C 00000648 C=CODE     S=.text    G=(none)   M=Person   ACBP=A9
 0001:001059C4 000004A0 C=CODE     S=.text    G=(none)   M=Facture  ACBP=A9
 0001:00105E64 0000055C C=CODE     S=.text    G=(none)   M=WorkTime ACBP=A9
 0001:001063C0 00000EC8 C=CODE     S=.text    G=(none)   M=KSMProj  ACBP=A9
 0002:00000000 00000018 C=DATA     S=.data    G=DGROUP   M=SysInit  ACBP=A9
 0002:00000018 00000008 C=DATA     S=.data    G=DGROUP   M=XMisc    ACBP=A9
 0002:00000020 00000004 C=DATA     S=.data    G=DGROUP   M=EtvTable ACBP=A9
 0002:00000024 00000008 C=DATA     S=.data    G=DGROUP   M=XDBMisc  ACBP=A9
 0002:0000002C 00000008 C=DATA     S=.data    G=DGROUP   M=vgUtils  ACBP=A9
 0002:00000034 00000008 C=DATA     S=.data    G=DGROUP   M=Misc     ACBP=A9
 0002:0000003C 00000004 C=DATA     S=.data    G=DGROUP   M=LnTables ACBP=A9
 0002:00000040 00000008 C=DATA     S=.data    G=DGROUP   M=EtvPrint ACBP=A9
 0002:00000048 00000014 C=DATA     S=.data    G=DGROUP   M=EtvGrid  ACBP=A9
 0002:0000005C 00000018 C=DATA     S=.data    G=DGROUP   M=FVisDisp ACBP=A9
 0002:00000074 00000001 C=DATA     S=.data    G=DGROUP   M=XTxtPrn  ACBP=A9
 0002:00000078 00000001 C=DATA     S=.data    G=DGROUP   M=XPDlg    ACBP=A9
 0002:0000007C 00000010 C=DATA     S=.data    G=DGROUP   M=XPrlDlg  ACBP=A9
 0002:0000008C 00000004 C=DATA     S=.data    G=DGROUP   M=XRepLays ACBP=A9
 0002:00000090 0000000C C=DATA     S=.data    G=DGROUP   M=XApps    ACBP=A9
 0002:0000009C 00000004 C=DATA     S=.data    G=DGROUP   M=XSplash  ACBP=A9
 0002:000000A0 00000004 C=DATA     S=.data    G=DGROUP   M=XAbout   ACBP=A9
 0002:000000A4 00000010 C=DATA     S=.data    G=DGROUP   M=Excel_TLB ACBP=A9
 0002:000000B4 00000014 C=DATA     S=.data    G=DGROUP   M=XTFC     ACBP=A9
 0002:000000C8 00000004 C=DATA     S=.data    G=DGROUP   M=XEFields ACBP=A9
 0002:000000CC 0000063C C=DATA     S=.data    G=DGROUP   M=EtvRus   ACBP=A9
 0002:00000708 00000008 C=DATA     S=.data    G=DGROUP   M=daDB     ACBP=A9
 0002:00000710 00000004 C=DATA     S=.data    G=DGROUP   M=daDataVw ACBP=A9
 0002:00000714 000008F8 C=DATA     S=.data    G=DGROUP   M=jpeg     ACBP=A9
 0002:0000100C 00000054 C=DATA     S=.data    G=DGROUP   M=Prod     ACBP=A9
 0002:00001060 0000006C C=DATA     S=.data    G=DGROUP   M=mdMaterials ACBP=A9
 0002:000010CC 00000007 C=DATA     S=.data    G=DGROUP   M=MdClientsAdd ACBP=A9
 0002:000010D4 00000001 C=DATA     S=.data    G=DGROUP   M=Invoice  ACBP=A9
 0002:000010D8 00000011 C=DATA     S=.data    G=DGROUP   M=MdInvc   ACBP=A9
 0002:000010EC 00000015 C=DATA     S=.data    G=DGROUP   M=MdCommon ACBP=A9
 0002:00001104 00000004 C=DATA     S=.data    G=DGROUP   M=MdBase   ACBP=A9
 0002:00002000 0000000C C=BSS      S=.bss     G=DGROUP   M=SysInit  ACBP=A9
 0002:0000200C 00000004 C=BSS      S=.bss     G=DGROUP   M=Windows  ACBP=A9
 0002:00002010 00000004 C=BSS      S=.bss     G=DGROUP   M=Messages ACBP=A9
 0002:00002014 00000004 C=BSS      S=.bss     G=DGROUP   M=Commctrl ACBP=A9
 0002:00002018 00000004 C=BSS      S=.bss     G=DGROUP   M=Imm      ACBP=A9
 0002:0000201C 00000004 C=BSS      S=.bss     G=DGROUP   M=WinSpool ACBP=A9
 0002:00002020 00000004 C=BSS      S=.bss     G=DGROUP   M=CommDlg  ACBP=A9
 0002:00002024 00000004 C=BSS      S=.bss     G=DGROUP   M=Dlgs     ACBP=A9
 0002:00002028 00000004 C=BSS      S=.bss     G=DGROUP   M=RichEdit ACBP=A9
 0002:0000202C 00000004 C=BSS      S=.bss     G=DGROUP   M=XCracks  ACBP=A9
 0002:00002030 00000010 C=BSS      S=.bss     G=DGROUP   M=XMisc    ACBP=A9
 0002:00002040 00000004 C=BSS      S=.bss     G=DGROUP   M=EtvConst ACBP=A9
 0002:00002044 00000004 C=BSS      S=.bss     G=DGROUP   M=EtvPas   ACBP=A9
 0002:00002048 00000054 C=BSS      S=.bss     G=DGROUP   M=EtvOther ACBP=A9
 0002:0000209C 00000004 C=BSS      S=.bss     G=DGROUP   M=DiDual   ACBP=A9
 0002:000020A0 00000008 C=BSS      S=.bss     G=DGROUP   M=EtvDBFun ACBP=A9
 0002:000020A8 00000008 C=BSS      S=.bss     G=DGROUP   M=DiAdv    ACBP=A9
 0002:000020B0 0000000C C=BSS      S=.bss     G=DGROUP   M=EtvDB    ACBP=A9
 0002:000020BC 00000004 C=BSS      S=.bss     G=DGROUP   M=EtvMem   ACBP=A9
 0002:000020C0 00000004 C=BSS      S=.bss     G=DGROUP   M=EtvBor   ACBP=A9
 0002:000020C4 00000008 C=BSS      S=.bss     G=DGROUP   M=EtvTable ACBP=A9
 0002:000020CC 00000018 C=BSS      S=.bss     G=DGROUP   M=EtvLook  ACBP=A9
 0002:000020E4 00000010 C=BSS      S=.bss     G=DGROUP   M=EtvPopup ACBP=A9
 0002:000020F4 00000008 C=BSS      S=.bss     G=DGROUP   M=EtvTemp  ACBP=A9
 0002:000020FC 00000004 C=BSS      S=.bss     G=DGROUP   M=EtvContr ACBP=A9
 0002:00002100 00000004 C=BSS      S=.bss     G=DGROUP   M=Filter   ACBP=A9
 0002:00002104 00000004 C=BSS      S=.bss     G=DGROUP   M=EtvFilt  ACBP=A9
 0002:00002108 00000004 C=BSS      S=.bss     G=DGROUP   M=Pasw     ACBP=A9
 0002:0000210C 00000004 C=BSS      S=.bss     G=DGROUP   M=EtvDBase ACBP=A9
 0002:00002110 00000004 C=BSS      S=.bss     G=DGROUP   M=LnPasw   ACBP=A9
 0002:00002114 00000008 C=BSS      S=.bss     G=DGROUP   M=DualFunc ACBP=A9
 0002:0000211C 00000008 C=BSS      S=.bss     G=DGROUP   M=EtvList  ACBP=A9
 0002:00002124 0000000C C=BSS      S=.bss     G=DGROUP   M=XDBMisc  ACBP=A9
 0002:00002130 00000004 C=BSS      S=.bss     G=DGROUP   M=vgVCLRes ACBP=A9
 0002:00002134 0000001C C=BSS      S=.bss     G=DGROUP   M=vgUtils  ACBP=A9
 0002:00002150 00000004 C=BSS      S=.bss     G=DGROUP   M=Misc     ACBP=A9
 0002:00002154 00000008 C=BSS      S=.bss     G=DGROUP   M=LnTables ACBP=A9
 0002:0000215C 00000008 C=BSS      S=.bss     G=DGROUP   M=EtvPrint ACBP=A9
 0002:00002164 00000008 C=BSS      S=.bss     G=DGROUP   M=DiPrint  ACBP=A9
 0002:0000216C 00000010 C=BSS      S=.bss     G=DGROUP   M=EtvGrid  ACBP=A9
 0002:0000217C 00000004 C=BSS      S=.bss     G=DGROUP   M=UrlMon   ACBP=A9
 0002:00002180 00000004 C=BSS      S=.bss     G=DGROUP   M=WinInet  ACBP=A9
 0002:00002184 00000004 C=BSS      S=.bss     G=DGROUP   M=RegStr   ACBP=A9
 0002:00002188 00000004 C=BSS      S=.bss     G=DGROUP   M=ShellAPI ACBP=A9
 0002:0000218C 00000004 C=BSS      S=.bss     G=DGROUP   M=ShlObj   ACBP=A9
 0002:00002190 00000004 C=BSS      S=.bss     G=DGROUP   M=SrcIndex ACBP=A9
 0002:00002194 00000004 C=BSS      S=.bss     G=DGROUP   M=FVisDisp ACBP=A9
 0002:00002198 00000004 C=BSS      S=.bss     G=DGROUP   M=FindDlgc ACBP=A9
 0002:0000219C 00000005 C=BSS      S=.bss     G=DGROUP   M=XTxtPrn  ACBP=A9
 0002:000021A4 00000004 C=BSS      S=.bss     G=DGROUP   M=XTxtDev  ACBP=A9
 0002:000021A8 00000004 C=BSS      S=.bss     G=DGROUP   M=XPDlg    ACBP=A9
 0002:000021AC 00000004 C=BSS      S=.bss     G=DGROUP   M=XPrevDlg ACBP=A9
 0002:000021B0 00000004 C=BSS      S=.bss     G=DGROUP   M=XPrlDlg  ACBP=A9
 0002:000021B4 00000004 C=BSS      S=.bss     G=DGROUP   M=EtvPpCtl ACBP=A9
 0002:000021B8 00000006 C=BSS      S=.bss     G=DGROUP   M=XRepLays ACBP=A9
 0002:000021C0 00000004 C=BSS      S=.bss     G=DGROUP   M=LnkMisc  ACBP=A9
 0002:000021C4 00000004 C=BSS      S=.bss     G=DGROUP   M=XReports ACBP=A9
 0002:000021C8 00000014 C=BSS      S=.bss     G=DGROUP   M=XApps    ACBP=A9
 0002:000021DC 00000004 C=BSS      S=.bss     G=DGROUP   M=XCtrls   ACBP=A9
 0002:000021E0 00000004 C=BSS      S=.bss     G=DGROUP   M=XSplash  ACBP=A9
 0002:000021E4 00000004 C=BSS      S=.bss     G=DGROUP   M=XAbout   ACBP=A9
 0002:000021E8 00000004 C=BSS      S=.bss     G=DGROUP   M=UsersSet ACBP=A9
 0002:000021EC 00000004 C=BSS      S=.bss     G=DGROUP   M=EtvPages ACBP=A9
 0002:000021F0 00000008 C=BSS      S=.bss     G=DGROUP   M=XDBForms ACBP=A9
 0002:000021F8 00000008 C=BSS      S=.bss     G=DGROUP   M=FEdIFNs  ACBP=A9
 0002:00002200 00000008 C=BSS      S=.bss     G=DGROUP   M=FSetInq  ACBP=A9
 0002:00002208 00000008 C=BSS      S=.bss     G=DGROUP   M=FSetReps ACBP=A9
 0002:00002210 00000004 C=BSS      S=.bss     G=DGROUP   M=EtvRXCtl ACBP=A9
 0002:00002214 00000004 C=BSS      S=.bss     G=DGROUP   M=TlsForm  ACBP=A9
 0002:00002218 00000009 C=BSS      S=.bss     G=DGROUP   M=XECtrls  ACBP=A9
 0002:00002224 00000008 C=BSS      S=.bss     G=DGROUP   M=BEForms  ACBP=A9
 0002:0000222C 00000004 C=BSS      S=.bss     G=DGROUP   M=Office_TLB ACBP=A9
 0002:00002230 00000004 C=BSS      S=.bss     G=DGROUP   M=VBIDE_TLB ACBP=A9
 0002:00002234 00000004 C=BSS      S=.bss     G=DGROUP   M=Excel_TLB ACBP=A9
 0002:00002238 0000000C C=BSS      S=.bss     G=DGROUP   M=ExpExcel ACBP=A9
 0002:00002244 00000004 C=BSS      S=.bss     G=DGROUP   M=XLnkPipe ACBP=A9
 0002:00002248 00000018 C=BSS      S=.bss     G=DGROUP   M=XDBTFC   ACBP=A9
 0002:00002260 0000000C C=BSS      S=.bss     G=DGROUP   M=LnkSet   ACBP=A9
 0002:0000226C 00000004 C=BSS      S=.bss     G=DGROUP   M=XTools   ACBP=A9
 0002:00002270 00000004 C=BSS      S=.bss     G=DGROUP   M=XForms   ACBP=A9
 0002:00002274 00000008 C=BSS      S=.bss     G=DGROUP   M=XTFC     ACBP=A9
 0002:0000227C 00000004 C=BSS      S=.bss     G=DGROUP   M=Splash   ACBP=A9
 0002:00002280 00000008 C=BSS      S=.bss     G=DGROUP   M=SaErrors ACBP=A9
 0002:00002288 00000004 C=BSS      S=.bss     G=DGROUP   M=XEFields ACBP=A9
 0002:0000228C 00000008 C=BSS      S=.bss     G=DGROUP   M=MdGeography ACBP=A9
 0002:00002294 00000005 C=BSS      S=.bss     G=DGROUP   M=EtvRus   ACBP=A9
 0002:0000229C 00000004 C=BSS      S=.bss     G=DGROUP   M=daDB     ACBP=A9
 0002:000022A0 00000004 C=BSS      S=.bss     G=DGROUP   M=daDataVw ACBP=A9
 0002:000022A4 00000004 C=BSS      S=.bss     G=DGROUP   M=daDatMod ACBP=A9
 0002:000022A8 00000004 C=BSS      S=.bss     G=DGROUP   M=jconsts  ACBP=A9
 0002:000022AC 00000004 C=BSS      S=.bss     G=DGROUP   M=jpeg     ACBP=A9
 0002:000022B0 00000004 C=BSS      S=.bss     G=DGROUP   M=XSBForm  ACBP=A9
 0002:000022B4 00000008 C=BSS      S=.bss     G=DGROUP   M=DiDate   ACBP=A9
 0002:000022BC 00000004 C=BSS      S=.bss     G=DGROUP   M=ABEForms ACBP=A9
 0002:000022C0 00000004 C=BSS      S=.bss     G=DGROUP   M=BBEForms ACBP=A9
 0002:000022C4 00000004 C=BSS      S=.bss     G=DGROUP   M=MBEForms ACBP=A9
 0002:000022C8 00000008 C=BSS      S=.bss     G=DGROUP   M=PopupTr  ACBP=A9
 0002:000022D0 00000008 C=BSS      S=.bss     G=DGROUP   M=Vg       ACBP=A9
 0002:000022D8 00000004 C=BSS      S=.bss     G=DGROUP   M=EtvForms ACBP=A9
 0002:000022DC 00000008 C=BSS      S=.bss     G=DGROUP   M=EtvView  ACBP=A9
 0002:000022E4 00000004 C=BSS      S=.bss     G=DGROUP   M=EtvShb   ACBP=A9
 0002:000022E8 00000008 C=BSS      S=.bss     G=DGROUP   M=XETrees  ACBP=A9
 0002:000022F0 00000004 C=BSS      S=.bss     G=DGROUP   M=PriceDlg ACBP=A9
 0002:000022F4 00000008 C=BSS      S=.bss     G=DGROUP   M=DlgOneDate ACBP=A9
 0002:000022FC 00000028 C=BSS      S=.bss     G=DGROUP   M=Prod     ACBP=A9
 0002:00002324 00000008 C=BSS      S=.bss     G=DGROUP   M=DlgUnLock ACBP=A9
 0002:0000232C 00000004 C=BSS      S=.bss     G=DGROUP   M=Person2  ACBP=A9
 0002:00002330 00000004 C=BSS      S=.bss     G=DGROUP   M=EtvClone ACBP=A9
 0002:00002334 00000008 C=BSS      S=.bss     G=DGROUP   M=DlgClient ACBP=A9
 0002:0000233C 00000004 C=BSS      S=.bss     G=DGROUP   M=Materials ACBP=A9
 0002:00002340 00000008 C=BSS      S=.bss     G=DGROUP   M=MInvoice ACBP=A9
 0002:00002348 00000008 C=BSS      S=.bss     G=DGROUP   M=MdContr  ACBP=A9
 0002:00002350 00000008 C=BSS      S=.bss     G=DGROUP   M=MInvoiceCheckSS ACBP=A9
 0002:00002358 00000008 C=BSS      S=.bss     G=DGROUP   M=MInvoiceDragInfo ACBP=A9
 0002:00002360 00000008 C=BSS      S=.bss     G=DGROUP   M=MServiceUnit ACBP=A9
 0002:00002368 00000004 C=BSS      S=.bss     G=DGROUP   M=MFaktura ACBP=A9
 0002:0000236C 00000004 C=BSS      S=.bss     G=DGROUP   M=selectBox ACBP=A9
 0002:00002370 000000EC C=BSS      S=.bss     G=DGROUP   M=mdMaterials ACBP=A9
 0002:0000245C 00000008 C=BSS      S=.bss     G=DGROUP   M=DlgAct   ACBP=A9
 0002:00002464 00000004 C=BSS      S=.bss     G=DGROUP   M=GksmCons ACBP=A9
 0002:00002468 00000004 C=BSS      S=.bss     G=DGROUP   M=PayDoc   ACBP=A9
 0002:0000246C 00000008 C=BSS      S=.bss     G=DGROUP   M=MdPays   ACBP=A9
 0002:00002474 00000108 C=BSS      S=.bss     G=DGROUP   M=MdClientsAdd ACBP=A9
 0002:0000257C 00000004 C=BSS      S=.bss     G=DGROUP   M=Orgs     ACBP=A9
 0002:00002580 00000009 C=BSS      S=.bss     G=DGROUP   M=MdOrgs   ACBP=A9
 0002:0000258C 00000004 C=BSS      S=.bss     G=DGROUP   M=Workers  ACBP=A9
 0002:00002590 00000029 C=BSS      S=.bss     G=DGROUP   M=MdWorkers ACBP=A9
 0002:000025BC 00000018 C=BSS      S=.bss     G=DGROUP   M=Invoice  ACBP=A9
 0002:000025D4 00000004 C=BSS      S=.bss     G=DGROUP   M=ProdPlan ACBP=A9
 0002:000025D8 00000070 C=BSS      S=.bss     G=DGROUP   M=MdProd   ACBP=A9
 0002:00002648 00000008 C=BSS      S=.bss     G=DGROUP   M=MdShop   ACBP=A9
 0002:00002650 00000008 C=BSS      S=.bss     G=DGROUP   M=SForm    ACBP=A9
 0002:00002658 00000004 C=BSS      S=.bss     G=DGROUP   M=FactureVAT ACBP=A9
 0002:0000265C 000000C4 C=BSS      S=.bss     G=DGROUP   M=MdInvc   ACBP=A9
 0002:00002720 00000086 C=BSS      S=.bss     G=DGROUP   M=MdCommon ACBP=A9
 0002:000027A8 0000004C C=BSS      S=.bss     G=DGROUP   M=MdBase   ACBP=A9
 0002:000027F4 00000004 C=BSS      S=.bss     G=DGROUP   M=Bank     ACBP=A9
 0002:000027F8 00000004 C=BSS      S=.bss     G=DGROUP   M=ProdMat  ACBP=A9
 0002:000027FC 00000004 C=BSS      S=.bss     G=DGROUP   M=Tare     ACBP=A9
 0002:00002800 00000004 C=BSS      S=.bss     G=DGROUP   M=ContrProd ACBP=A9
 0002:00002804 00000004 C=BSS      S=.bss     G=DGROUP   M=Contract ACBP=A9
 0002:00002808 00000004 C=BSS      S=.bss     G=DGROUP   M=Shop     ACBP=A9
 0002:0000280C 00000004 C=BSS      S=.bss     G=DGROUP   M=MInvoiceCalc ACBP=A9
 0002:00002810 00000004 C=BSS      S=.bss     G=DGROUP   M=Person   ACBP=A9
 0002:00002814 00000004 C=BSS      S=.bss     G=DGROUP   M=Facture  ACBP=A9
 0002:00002818 00000004 C=BSS      S=.bss     G=DGROUP   M=WorkTime ACBP=A9


  Address         Publics by Name

 0002:00000790       .
 0001:0007CBCC       .
 0001:0007659C       .
 0001:00075500       .
 0001:00076890       .
 0001:0007B9FC       .
 0002:000009AC       .
 0001:00076B7C       .
 0001:00074E28       .
 0001:00073B20       .
 0001:0007E92C       .
 0002:000008A0       .
 0001:00072EC8       .
 0001:0007291C       .
 0001:00072330       .
 0001:0007D3FC       .
 0001:0007C534       .
 0002:00000820       .
 0001:0006ED18       .
 0001:00078634       .
 0001:0007FD94       .
 0001:000718A0       .
 0001:0007C690       .
 0002:000007A0       .
 0001:0006F978       .
 0001:00070AD4       .
 0001:0007A270       .
 0001:0007A384       .
 0001:000703A0       .
 0002:00000BAC       .
 0001:0007E3AC       .
 0001:0007DA84       .
 0001:0007B210       .
 0002:00000F4C       .
 0001:0006FEE0       .
 0002:00002294       .1
 0002:000022A8       .1
 0002:00002008       .1
 0002:00002464       .1
 0002:000022FC       .2
 0002:00002808       .2
 0002:00002338       .2
 0002:0000232C       .2
 0002:00002328       .2
 0002:000022F8       .2
 0002:000022F0       .2
 0002:0000233C       .2
 0002:00002344       .2
 0002:0000234C       .2
 0002:00002354       .2
 0002:0000235C       .2
 0002:00002804       .2
 0002:00002800       .2
 0002:000027FC       .2
 0002:00002364       .2
 0002:00002368       .2
 0002:0000236C       .2
 0002:0000280C       .2
 0002:00002810       .2
 0002:00002290       .2
 0002:00002284       .2
 0002:00002460       .2
 0002:00002814       .2
 0002:00002818       .2
 0002:00002468       .2
 0002:00002470       .2
 0002:000022E0       .2
 0002:00002478       .2
 0002:0000257C       .2
 0002:00002584       .2
 0002:0000258C       .2
 0002:00002594       .2
 0002:000025C0       .2
 0002:000025D4       .2
 0002:00002614       .2
 0002:0000264C       .2
 0002:000022B8       .2
 0002:00002654       .2
 0002:000027F8       .2
 0002:00002658       .2
 0002:000027F4       .2
 0002:00002734       .2
 0002:000027F0       .2
 0002:000022AC       .3
 0002:00002378       .3
 0002:000026D4       .3
 0002:000022E4       .8
 0001:00000068       @AbstractError
 0001:00000150       @AfterConstruction
 0001:000000F0       @AsClass
 0001:00000438       @Assign
 0001:00000088       @AStrCmp
 0001:00000158       @BeforeDestruction
 0001:000000A8       @BoundErr
 0001:000000F8       @CallDynaInst
 0001:00000428       @CheckAutoResult
 0001:00000140       @ClassCreate
 0001:00000148       @ClassDestroy
 0001:00000448       @Close
 0001:00000020       @Copy
 0001:00000290       @DispInvoke
 0001:00000188       @DoneExcept
 0001:000003F0       @DynArrayAsg
 0001:000003E8       @DynArrayClear
 0001:000003D8       @DynArrayHigh
 0001:000003E0       @DynArraySetLength
 0001:00000450       @EofText
 0001:00000090       @FillChar
 0001:00000288       @FinalizeArray
 0001:00000100       @FindDynaInst
 0001:00000440       @Flush
 0001:00000050       @FRAC
 0001:00000008       @FreeMem
 0001:00000000       @GetMem
 0001:000001A0       @Halt0
 0001:00000160       @HandleAnyException
 0001:00000170       @HandleFinally
 0001:00000168       @HandleOnException
 0001:000004FC       @InitExe
 0001:00000280       @InitializeArray
 0001:00000420       @IntfCast
 0001:00000410       @IntfClear
 0001:00000418       @IntfCopy
 0001:00000430       @IntfDispCall
 0001:000000E8       @IsClass
 0001:0007A1E4       @jcopy_block_row
 0001:0007A198       @jcopy_sample_rows
 0001:00073A8C       @jinit_1pass_quantizer
 0001:00074D08       @jinit_2pass_quantizer
 0001:0007D838       @jinit_color_converter
 0001:00072CFC       @jinit_color_deconverter
 0001:0007B160       @jinit_compress_master
 0001:0007D334       @jinit_c_coef_controller
 0001:0007C60C       @jinit_c_main_controller
 0001:0007C46C       @jinit_c_master_control
 0001:0007CB24       @jinit_c_prep_controller
 0001:0007E224       @jinit_downsampler
 0001:00076488       @jinit_d_coef_controller
 0001:00075420       @jinit_d_main_controller
 0001:000767FC       @jinit_d_post_controller
 0001:0007E89C       @jinit_forward_dct
 0001:000722F0       @jinit_huff_decoder
 0001:000808D4       @jinit_huff_encoder
 0001:0006FE98       @jinit_input_controller
 0001:00076B00       @jinit_inverse_dct
 0001:0007A114       @jinit_marker_reader
 0001:0007B9B0       @jinit_marker_writer
 0001:00070A9C       @jinit_master_decompress
 0001:0006F848       @jinit_memory_mgr
 0001:0007289C       @jinit_merged_upsampler
 0001:0007182C       @jinit_phuff_decoder
 0001:0007F3D4       @jinit_phuff_encoder
 0001:00077060       @jinit_upsampler
 0001:0007A1F4       @jpeg_abort
 0001:0007A258       @jpeg_alloc_huff_table
 0001:0007A240       @jpeg_alloc_quant_table
 0001:0007FA68       @jpeg_fdct_float
 0001:0007F7FC       @jpeg_fdct_ifast
 0001:0007F418       @jpeg_fdct_islow
 0001:00071BD8       @jpeg_fill_bit_buffer
 0001:0006F94C       @jpeg_free_large
 0001:0006F93C       @jpeg_free_small
 0001:00080618       @jpeg_gen_optimal_table
 0001:0006F944       @jpeg_get_large
 0001:0006F934       @jpeg_get_small
 0001:00071CE8       @jpeg_huff_decode
 0001:000785F8       @jpeg_idct_1x1
 0001:0007841C       @jpeg_idct_2x2
 0001:00078088       @jpeg_idct_4x4
 0001:00077278       @jpeg_idct_float
 0001:000776A8       @jpeg_idct_ifast
 0001:00077AB4       @jpeg_idct_islow
 0001:0007FF60       @jpeg_make_c_derived_tbl
 0001:000719C0       @jpeg_make_d_derived_tbl
 0001:0006F954       @jpeg_mem_available
 0001:0006F970       @jpeg_mem_init
 0001:0006F974       @jpeg_mem_term
 0001:0006F960       @jpeg_open_backing_store
 0001:00079FE8       @jpeg_resync_to_restart
 0001:0007AF94       @jpeg_suppress_tables
 0001:0007A180       @jround_up
 0001:00000220       @LStrAddRef
 0001:000001B0       @LStrArrayClr
 0001:000001B8       @LStrAsg
 0001:00000200       @LStrCat
 0001:00000208       @LStrCat3
 0001:00000210       @LStrCatN
 0001:000001A8       @LStrClr
 0001:00000218       @LStrCmp
 0001:00000238       @LStrCopy
 0001:00000240       @LStrDelete
 0001:000001E8       @LStrFromArray
 0001:000001D0       @LStrFromChar
 0001:000001D8       @LStrFromPChar
 0001:000001C8       @LStrFromPCharLen
 0001:000001E0       @LStrFromString
 0001:00000248       @LStrInsert
 0001:000001C0       @LStrLAsg
 0001:000001F8       @LStrLen
 0001:00000250       @LStrPos
 0001:00000258       @LStrSetLength
 0001:00000228       @LStrToPChar
 0001:000001F0       @LStrToString
 0001:00000328       @OleVarFromLStr
 0001:00000320       @OleVarFromPStr
 0001:00000330       @OleVarFromVar
 0001:00000078       @PStrCpy
 0001:00000070       @PStrNCat
 0001:00000080       @PStrNCpy
 0001:00000180       @RaiseAgain
 0001:00000178       @RaiseExcept
 0001:00000458       @ReadLn
 0001:00000268       @ReadLString
 0001:00000010       @ReallocMem
 0001:00000460       @ResetText
 0001:00000468       @RewritText
 0001:00000058       @ROUND
 0001:000000A0       @SetUnion
 0001:00000198       @StartExe
 0001:00000470       @Str2Ext
 0001:00000060       @TRUNC
 0001:00000190       @TryFinallyExit
 0001:00000478       @ValExt
 0001:00000098       @ValLong
 0001:00000338       @VarAdd
 0001:00000370       @VarAddRef
 0001:000003C8       @VarArrayGet
 0001:000003D0       @VarArrayPut
 0001:000003B0       @VarArrayRedim
 0001:00000298       @VarClear
 0001:00000368       @VarClr
 0001:00000358       @VarCmp
 0001:000002A0       @VarCopy
 0001:000002E0       @VarFromBool
 0001:000002F8       @VarFromCurr
 0001:00000310       @VarFromDisp
 0001:00000318       @VarFromDynArray
 0001:000002D8       @VarFromInt
 0001:00000308       @VarFromLStr
 0001:00000300       @VarFromPStr
 0001:000002E8       @VarFromReal
 0001:000002F0       @VarFromTDateTime
 0001:00000348       @VarMul
 0001:00000360       @VarNeg
 0001:00000350       @VarRDiv
 0001:00000340       @VarSub
 0001:000002B8       @VarToCurr
 0001:000002D0       @VarToDynArray
 0001:000002A8       @VarToInt
 0001:000002C8       @VarToLStr
 0001:000002C0       @VarToPStr
 0001:000002B0       @VarToReal
 0001:00000260       @Write0LString
 0001:00000270       @WStrClr
 0001:00000278       @WStrFromLStr
 0001:00000018       @_IOTest
 0001:00000488       @_lldiv
 0001:00000480       @_llmul
 0001:000813E4       ABEForms
 0001:0000122C       Abort
 0002:000000A0       AboutBox
 0002:000025B8       aCategory
 0002:00002740       AccountD
 0002:00002748       AccountK
 0002:00002500       aClient
 0001:000009C0       ActivateKeyboardLayout
 0001:000008B0       ActiveX
 0001:00000880       ActnList
 0002:00002258       aCurrentLink
 0002:00002298       aCurType
 0002:00001010       aDate
 0002:0000260C       aDate
 0002:000024E0       aDate
 0002:000027A4       aDay
 0001:00004C20       AddCollection
 0001:000072B8       AddFilterCondition
 0001:00001C3C       AddForm
 0001:00087840       AddSum
 0002:000010F0       AFAccount
 0002:00002708       aFactureSumma
 0002:00002700       aFactureSummaVAT
 0002:00002784       AFDateBeg
 0002:00002790       AFDateEnd
 0002:000010FC       AFDebitComboBoxItem
 0002:00001100       AFSection
 0002:000010F8       AFSignComboBox
 0002:00001104       aIdle
 0002:00001018       aKoeff
 0002:00001020       aKoeffExtra
 0002:00001030       aKoeffRateVAT
 0002:000021CC       AliasName
 0001:000065F8       AllFieldNames
 0002:000027A2       aMonth
 0001:00027218       AMScaleForm
 0001:0000111C       AnsiCompareStr
 0001:00001124       AnsiCompareText
 0001:00001114       AnsiLowerCase
 0001:0000110C       AnsiUpperCase
 0002:000024E8       aNumDoc
 0002:000024F4       aNumDoc1
 0002:000026E8       aNumInvoice
 0002:000024DA       aOperation
 0002:000026FC       aPayer
 0002:000026F8       aPayerLookField
 0002:000025A4       aPeriod
 0002:0000279C       aPeriodStr
 0002:0000002C       AppFileName
 0002:066E6F48       Application
 0002:000021D4       AppUserName
 0001:00035B20       AppUtils
 0002:00002504       aPrice
 0002:000010EC       aRound
 0002:000025B4       aSection
 0002:000025B0       aShop
 0002:000025AC       aTabNum
 0002:000024DC       aTare
 0002:00001028       aTare
 0002:00002220       aTick
 0002:0000102C       aTPrice
 0001:0000BBC0       AutoIncBeforePost
 0002:00000020       AutoIncQuery
 0002:000026DC       AutoRailRow
 0001:000565D0       AxCtrls
 0002:000027A0       aYear
 0001:00104428       Bank
 0001:000815C8       BBEForms
 0001:000033B4       Bde
 0001:00003BB4       BdeConst
 0001:00035B60       BdeUtils
 0001:00001244       Beep
 0001:000008C0       Beep
 0001:0005657C       BEForms
 0002:00002224       BitsPerPixel
 0001:000009C8       BringWindowToTop
 0002:00002488       BtnActParam
 0002:0000248C       BtnBy
 0002:00002480       BtnCalcBalance
 0002:00002498       BtnCalcChess62_2008
 0002:0000249C       BtnCalcCircle62
 0002:00002764       BtnCalcCurrencyReport
 0002:00002750       BtnCalcLedger
 0002:00002754       BtnCalcLedgerZ
 0002:0000237C       BtnCalcMAmounts
 0002:0000239C       BtnCalcMAmounts2
 0002:000023A0       BtnCalcMAmounts3
 0002:000023B4       BtnCalcMCards
 0002:00002388       BtnCalcMCards000
 0002:000023B8       BtnCalcMCards2
 0002:00002398       BtnCalcMDrgInvent
 0002:00002758       BtnCalcRotateBalance
 0002:00002494       BtnCalcSummary16_2008
 0002:00002760       BtnCallPageMainBook
 0002:0000275C       BtnCallPageMainBook2
 0002:000024B0       BtnChangeView
 0002:000024AC       BtnCheckSaldo
 0002:00002490       BtnPlus
 0002:000024A8       BtnTareMovePenalty
 0002:000024A0       BtnTareMoveReport
 0002:000024A4       BtnTareMoveReportTotal
 0002:00002484       BtnTimeCalcBalance
 0001:0006DEA8       BuildColorMap
 0001:0006DE00       BuildPalette
 0001:000026C4       Buttons
 0002:0000243D       CalcBID
 0001:0002397C       CalcFieldTotals
 0002:0000243C       CalcPrice
 0001:000009D0       CallWindowProc
 0002:00002438       CardPanel
 0002:00000038       cFontHeight
 0001:00091704       ChangeAccount
 0001:000015BC       ChangeBiDiModeAlignment
 0001:00021E68       ChangeFindLikeQuery
 0001:00022090       ChangeFindLikeQueryVar
 0001:000E2564       ChangeInquiresSources
 0001:000633AC       ChangeLinkQuery
 0001:00063528       ChangeLookQueryField
 0001:000053F0       ChangeSymbol
 0001:000242F8       ChangeToLookField
 0001:00009128       ChangeVisibleFields
 0001:000009D8       CharToOem
 0001:000009E0       CharToOemBuff
 0002:00002380       ChbxMRashWork
 0002:00002384       ChbxMReadyMat
 0001:00002ECC       Check
 0002:0000262C       CheckBoxOTK
 0002:00002630       CheckBoxStore
 0001:000ED100       CheckDuplicationNumInvoiceSDate
 0001:000070C8       CheckFieldNames
 0001:00049304       CheckLst
 0001:00022E78       ChooseAggregateCalcFields
 0001:000230F8       ChooseAggrGroupByCalcFields
 0001:000227AC       ChooseContextIndexFields
 0001:00008C54       ChooseFieldList
 0001:00020668       ChooseFieldListFunc
 0001:00022580       ChooseOrderIndexFields
 0001:00022C08       ChooseResultCalcFields
 0001:00022A00       ChooseVisibleCalcFields
 0001:000010EC       Classes
 0002:000000A4       CLASS_Application_
 0001:00026E50       ClearMethodProps
 0002:00002588       ClientChanged
 0001:00001B94       Clipboard
 0001:00001BA4       Clipbrd
 0001:0002478C       CloneCalcListFields
 0001:0000590C       CloneComponent
 0001:0002487C       CloneDataSetField
 0001:000247F8       CloneDatasetFieldNames
 0001:0000AC54       CloneRecord
 0002:000010D8       CloneRegime
 0001:000008C8       CloseHandle
 0001:00001C44       ClosePrinter
 0001:000566E0       CoApplication_.Create
 0001:00000E1C       CollectionsEqual
 0001:00000C0C       ColorToRGB
 0001:0002697C       ComConst
 0001:000024FC       ComCtrls
 0001:00000C04       Commctrl
 0001:00001D24       CommDlg
 0001:0002696C       ComObj
 0001:00001104       CompareText
 0001:00002554       ComStrs
 0001:00024DA8       ConcatFieldList
 0001:0001702C       ConstructOneRecordEdit
 0001:000012E4       Consts
 0002:000026AC       Contract
 0001:00105050       Contract
 0001:000163AC       ControlRequiredParent
 0001:000019EC       Controls
 0001:00104B4C       ContrProd
 0001:0001F0A4       CopyDataSetToQuery
 0002:000025BD       CopyInvoiceFlag
 0001:00005728       CopyObjectMethodProps
 0001:00000D94       CopyPalette
 0001:0001EBF0       CopyPropDataSetToQuery
 0001:00026C2C       CopyProps
 0001:00027130       CopyResString
 0002:00000034       cPixelsPerInch
 0001:000009E8       CreateCaret
 0001:00026E44       CreateClone
 0001:00026DE4       CreateCloneOwner
 0001:0002695C       CreateComObject
 0001:00021858       CreateEtvCombo
 0001:000165EC       CreateEtvDateEdit
 0001:00021888       CreateEtvDBCombo
 0001:000168D8       CreateEtvDBDateEdit
 0001:00016870       CreateEtvDBEdit
 0001:00016A4C       CreateEtvDBImage
 0001:00016940       CreateEtvDBIntEdit
 0001:00016AD8       CreateEtvDBLookupComboBox
 0001:000169A8       CreateEtvDBMemo
 0001:00016818       CreateEtvDBText
 0001:00016588       CreateEtvEdit
 0001:00016650       CreateEtvIntEdit
 0001:00016718       CreateEtvLookupComboBox
 0001:000166B4       CreateEtvMemo
 0001:000054F8       CreateEtvProcess
 0001:0001653C       CreateEtvText
 0001:00024D10       CreateFieldList
 0001:00000960       CreateHalftonePalette
 0001:00000968       CreateIC
 0001:000243FC       CreateLinkDefFields
 0001:000008D0       CreateMutex
 0002:00002050       CreateOtherDateEdit
 0002:00002068       CreateOtherDBDateEdit
 0002:00002064       CreateOtherDBEdit
 0001:00013B14       CreateOtherDBEtvLookupComboBox
 0002:0000207C       CreateOtherDBGridControls
 0002:00002080       CreateOtherDBGridPrint
 0002:00002084       CreateOtherDBGridPrintRecord
 0002:00002074       CreateOtherDBImage
 0002:0000206C       CreateOtherDBIntEdit
 0002:00002078       CreateOtherDBLookupComboBox
 0002:00002070       CreateOtherDBMemo
 0002:00002060       CreateOtherDBText
 0002:0000204C       CreateOtherEdit
 0001:00013994       CreateOtherEtvDBText
 0001:000218C8       CreateOtherEtvListFieldAutoCorrect
 0001:00013B6C       CreateOtherEtvLookFieldAutoCorrect
 0001:00013A0C       CreateOtherEtvLookupComboBox
 0002:00002094       CreateOtherFieldAutoCorrect
 0002:00002054       CreateOtherIntEdit
 0002:0000205C       CreateOtherLookupComboBox
 0002:00002058       CreateOtherMemo
 0002:0000208C       CreateOtherOnFilterLoad
 0002:00002090       CreateOtherOnFilterSave
 0002:00002048       CreateOtherText
 0001:00000970       CreatePalette
 0001:000008D8       CreateProcess
 0001:0002492C       CreateQueryBaseOnFieldList
 0001:00024AF0       CreateQueryBaseOnFieldNames
 0001:00024BA0       CreateQueryOrderOnFieldList
 0001:00024E80       CreateQueryOrderOnFieldNames
 0001:00025034       CreateQueryWhereOnFieldList
 0001:0002567C       CreateQueryWhereOnFieldListVar
 0001:00023618       CreateQueryWhereOnFilter
 0001:0001EF88       CreateSQLforQuery
 0001:0001EE34       CreateSQLText
 0002:0000242C       CurAccountMotion
 0002:00002434       CurColorArr
 0002:00002430       CurColorIndex
 0002:00002440       CurDateIns
 0002:0000272C       CurLedgerLabel
 0002:000027AC       CurPeriod
 0002:00002420       CurPriceMotion
 0001:00050B34       CurrEdit
 0002:000026A8       Currency
 0002:000024B4       CurrentReportPeriod
 0002:0000001C       CurrentXControl
 0001:00082FB0       CustomSortProc
 0001:0000531C       CutFirstWord
 0001:0006CE48       daDataVw
 0001:0006D18C       daDatMod
 0001:0006CDFC       daDB
 0001:0006CF88       daGetDataModule
 0001:0000340C       DatabaseError
 0001:00003414       DatabaseErrorFmt
 0001:000078A8       DataSetLabel
 0001:000D966C       DataSetLookUpRefresh
 0001:0002C0D4       DataSetPrintOneRecord
 0001:0002BF74       DataSetPrintRecord
 0001:00006F20       DataSetRefresh
 0001:0000819C       DataSetViewLabel
 0002:0000225C       DataStateCaptions
 0001:000011DC       Date
 0002:00002638       DateBeg
 0002:00002710       DateBeg
 0002:00002640       DateEnd
 0002:00002718       DateEnd
 0001:000011F4       DateToStr
 0001:0006CB7C       DateToStrEtv
 0001:00015710       DateToStr_
 0001:00035AD0       DateUtil
 0001:00003B94       Db
 0001:00003404       DBCommon
 0001:00003BA4       DbConsts
 0001:00003FD4       DBCtrls
 0001:000161C0       DBEditForField
 0001:0000429C       DBGrids
 0001:0000339C       DbiCloneCursor
 0001:00035928       DBIndex
 0001:000033A4       DbiSetToCursor
 0001:00003BC4       DBLogDlg
 0001:00003BD4       DBPWDlg
 0001:00003374       DBTables
 0001:00035948       DBUtils
 0002:06564844       DecimalSeparator
 0001:000011D4       DecodeDate
 0002:06B82190       DefaultFieldClasses
 0001:0006A9B4       DefaultFieldsInfo
 0002:000022D0       DefaultSortProc
 0001:000008E0       DeleteCriticalSection
 0001:00000978       DeleteDC
 0001:00023F74       DeleteFields
 0001:00000980       DeleteObject
 0002:000021BC       DeltaTop
 0001:0002CC54       DeviceCapabilities
 0002:0000007C       DeviceTypes
 0002:0000005C       DFGetDBEdit
 0002:00000060       DFGetLookCombo
 0002:0000006C       DFSetDBEditField
 0002:00000070       DFSetDBEditKeyValue
 0002:00000064       DFSetLookField
 0002:00000068       DFSetLookKeyValue
 0001:0000A2D8       DiAdv
 0002:0000245C       DialAct
 0002:000022B4       DialDate
 0002:000022F4       DialogOneDate
 0001:000005E8       Dialogs
 0001:0002CC30       DialPrint
 0001:00081230       DiDate
 0001:00006328       DiDual
 0001:0002E6D8       DiPrint
 0002:000021C8       DirShb
 0001:00001174       DiskFree
 0001:000B57F4       DlgAct
 0001:000904F8       DlgClient
 0002:00002334       DlgClientF
 0001:0000A270       DlgErrorAdv
 0001:0008A9E0       DlgOneDate
 0001:00001D5C       Dlgs
 0001:0008EC80       DlgUnLock
 0001:00001C4C       DocumentProperties
 0002:000020F4       DQuery
 0002:00002170       DrawBitmap
 0001:000009F0       DrawEdge
 0001:000009F8       DrawFocusRect
 0001:00000A00       DrawFrameControl
 0002:00001040       DrawLineFlag
 0001:00000A08       DrawText
 0001:00001DF4       DsgnIntf
 0001:00020BE4       DualFunc
 0001:00002ED4       EDBEngineError.GetError
 0001:00002EDC       EDBEngineError.GetErrorCount
 0002:000021F8       EdIFNsForm
 0002:00002200       EdInquiryForm
 0001:000162F8       EditForField
 0002:00002624       EditProd
 0002:00002208       EdRepsForm
 0002:000023B0       eMCards
 0001:0006D4AC       EmitMessage
 0001:000011CC       EncodeDate
 0001:00001C54       EndDocPrinter
 0001:0000ADFC       EtvApp
 0001:0000B23C       EtvBor
 0001:00090090       EtvClone
 0001:000051A4       EtvConst
 0001:0001737C       EtvContr
 0001:0000AFE4       EtvDB
 0001:0001FF10       EtvDBase
 0001:00009F88       EtvDBFun
 0001:0001F1CC       EtvFilt
 0002:00002304       EtvFilter
 0001:000857E4       EtvForms
 0001:00035918       EtvGrid
 0001:000219D0       EtvList
 0001:00013BC0       EtvLook
 0001:0000B138       EtvMem
 0001:00005A44       EtvOther
 0001:0004BDC4       EtvPages
 0001:00005A0C       EtvPas
 0001:00015580       EtvPopup
 0001:0003E4CC       EtvPpCtl
 0001:0002C478       EtvPrint
 0001:0002BE04       EtvPrinter
 0001:00029F6C       EtvPrintSet
 0001:0006CD08       EtvRus
 0001:00050DE0       EtvRXCtl
 0001:00089FBC       EtvShb
 0001:0000C178       EtvTable
 0001:00015BAC       EtvTemp
 0001:00085EF8       EtvView
 0002:0000223C       ExApp
 0001:00056774       Excel_TLB
 0001:0000121C       ExceptAddr
 0001:00001234       Exception.Create
 0001:0000123C       Exception.CreateFmt
 0001:00001214       ExceptObject
 0001:00000988       ExcludeClipRect
 0001:000097CC       ExecSQLText
 0002:00002300       ExitKod
 0002:0000230D       ExpandAll
 0001:0005A55C       ExpExcel
 0001:0005677C       ExportToExcel
 0001:00001DD4       ExtCtrls
 0001:00002E5C       ExtDlgs
 0001:00003424       ExtractFieldName
 0001:00105E34       Facture
 0001:000E2C00       FactureVAT
 0002:0000070C       FDataSetClassList
 0002:00000710       FDataViewList
 0002:00002168       fDialPrint
 0002:000020AC       fDlgErrorAdv
 0001:0004DEEC       FEdIFNs
 0002:000020B8       fEtvApp
 0002:00000044       fEtvPrinter
 0002:00002160       fEtvPrintSet
 0001:0000737C       FieldInfo
 0002:00001060       FieldListNames
 0001:00007700       FieldsInfo
 0002:000000C8       FieldsInfoProc
 0001:00035AE0       FileCtrl
 0001:00001164       FileExists
 0002:00000040       FileForPrint
 0001:0000116C       FileGetAttr
 0001:000359A8       FileUtil
 0001:00019E9C       Filter
 0001:00096428       Finalization
 0001:00001F34       Finalization
 0001:000963B8       Finalization
 0001:00095E74       Finalization
 0001:0006D1B8       Finalization
 0001:0006D150       Finalization
 0001:0006CE04       Finalization
 0001:0006CDA8       Finalization
 0001:0006CD98       Finalization
 0001:00001E7C       Finalization
 0001:0006CD10       Finalization
 0001:0006CC84       Finalization
 0001:00002C84       Finalization
 0001:00002C94       Finalization
 0001:00002CA4       Finalization
 0001:00002CB4       Finalization
 0001:00002CC4       Finalization
 0001:00002CD4       Finalization
 0001:00029D90       Finalization
 0001:00095BF4       Finalization
 0001:00001E14       Finalization
 0001:00002CE4       Finalization
 0001:00002CF4       Finalization
 0001:00001DFC       Finalization
 0001:00001DEC       Finalization
 0001:00002D04       Finalization
 0001:00001DDC       Finalization
 0001:00001DCC       Finalization
 0001:00002D14       Finalization
 0001:00104864       Finalization
 0001:0000204C       Finalization
 0001:0006BC00       Finalization
 0001:00000490       Finalization
 0001:0006AB14       Finalization
 0001:00001D2C       Finalization
 0001:00001CF4       Finalization
 0001:0006A5A0       Finalization
 0001:00001CDC       Finalization
 0001:0006A344       Finalization
 0001:00069F58       Finalization
 0001:00001C8C       Finalization
 0001:00002E44       Finalization
 0001:00002E54       Finalization
 0001:00002E64       Finalization
 0001:00001C2C       Finalization
 0001:00002E7C       Finalization
 0001:00002A74       Finalization
 0001:00002E8C       Finalization
 0001:0002C418       Finalization
 0001:00104B10       Finalization
 0001:000B536C       Finalization
 0001:00002E9C       Finalization
 0001:00002A44       Finalization
 0001:00001BAC       Finalization
 0001:00001B9C       Finalization
 0001:00002EAC       Finalization
 0001:00002EBC       Finalization
 0001:00001B74       Finalization
 0001:00001B64       Finalization
 0001:0002E694       Finalization
 0001:000020B4       Finalization
 0001:000B57C4       Finalization
 0001:00105014       Finalization
 0001:000B57FC       Finalization
 0001:00095A28       Finalization
 0001:000B7028       Finalization
 0001:0006747C       Finalization
 0001:00066E28       Finalization
 0001:000954C0       Finalization
 0001:000B9FF4       Finalization
 0001:00066428       Finalization
 0001:00095470       Finalization
 0001:00002124       Finalization
 0001:000019F4       Finalization
 0001:000019E4       Finalization
 0001:000621E4       Finalization
 0001:0000336C       Finalization
 0001:00094748       Finalization
 0001:00090CC4       Finalization
 0001:000CB704       Finalization
 0001:00090500       Finalization
 0001:000CC098       Finalization
 0001:0000337C       Finalization
 0001:0000338C       Finalization
 0001:00000530       Finalization
 0001:000CE704       Finalization
 0001:000CF2B4       Finalization
 0001:000033AC       Finalization
 0001:000904C8       Finalization
 0001:000021A4       Finalization
 0001:000D71B4       Finalization
 0001:000021B4       Finalization
 0001:000033FC       Finalization
 0001:000DA93C       Finalization
 0001:000DB41C       Finalization
 0001:0005AC40       Finalization
 0001:0005A518       Finalization
 0001:00056744       Finalization
 0001:00056620       Finalization
 0001:000565E8       Finalization
 0001:000565D8       Finalization
 0001:000565C8       Finalization
 0001:000565B8       Finalization
 0001:00056540       Finalization
 0001:00055B94       Finalization
 0001:00051FD4       Finalization
 0001:00050DB0       Finalization
 0001:00050B3C       Finalization
 0001:00050B2C       Finalization
 0001:00050B04       Finalization
 0001:00050A7C       Finalization
 0001:00050A6C       Finalization
 0001:000509AC       Finalization
 0001:00003B8C       Finalization
 0001:00003B9C       Finalization
 0001:00003BAC       Finalization
 0001:00003BBC       Finalization
 0001:00003BCC       Finalization
 0001:00003BF4       Finalization
 0001:00003FCC       Finalization
 0001:0004FC00       Finalization
 0001:0000408C       Finalization
 0001:00004294       Finalization
 0001:000042A4       Finalization
 0001:00004C94       Finalization
 0001:00005174       Finalization
 0001:00090060       Finalization
 0001:000015AC       Finalization
 0001:0000159C       Finalization
 0001:000059DC       Finalization
 0001:000E1454       Finalization
 0001:00005A14       Finalization
 0001:0004DEBC       Finalization
 0001:000062F8       Finalization
 0001:0008F63C       Finalization
 0001:0008EC50       Finalization
 0001:0008E8DC       Finalization
 0001:00009F44       Finalization
 0001:0000A294       Finalization
 0001:0004D698       Finalization
 0001:0004BD94       Finalization
 0001:0000B108       Finalization
 0001:000E1904       Finalization
 0001:00104668       Finalization
 0001:000E27FC       Finalization
 0001:0004B43C       Finalization
 0001:0000B20C       Finalization
 0001:0004B42C       Finalization
 0001:0004B41C       Finalization
 0001:000012DC       Finalization
 0001:000012CC       Finalization
 0001:0004B40C       Finalization
 0001:0004B3FC       Finalization
 0001:0004B3EC       Finalization
 0001:00001264       Finalization
 0001:0004B3DC       Finalization
 0001:00001254       Finalization
 0001:0004B3CC       Finalization
 0001:0000C134       Finalization
 0001:0004B3BC       Finalization
 0001:0004B3AC       Finalization
 0001:0004B39C       Finalization
 0001:0004B38C       Finalization
 0001:0004B37C       Finalization
 0001:0004B36C       Finalization
 0001:0004B35C       Finalization
 0001:0004B34C       Finalization
 0001:0004B33C       Finalization
 0001:0004B32C       Finalization
 0001:0004B31C       Finalization
 0001:0008A9B0       Finalization
 0001:000E2BC4       Finalization
 0001:0004B30C       Finalization
 0001:0004B2FC       Finalization
 0001:0004B2EC       Finalization
 0001:0004B2DC       Finalization
 0001:000010E4       Finalization
 0001:0004B2CC       Finalization
 0001:0004B2BC       Finalization
 0001:0004B2AC       Finalization
 0001:0004B29C       Finalization
 0001:0004B28C       Finalization
 0001:0004B27C       Finalization
 0001:0004B26C       Finalization
 0001:0004B25C       Finalization
 0001:0004B24C       Finalization
 0001:0004B23C       Finalization
 0001:0004B22C       Finalization
 0001:0004B21C       Finalization
 0001:0004B20C       Finalization
 0001:0004B1FC       Finalization
 0001:0004B184       Finalization
 0001:0004A018       Finalization
 0001:00049D24       Finalization
 0001:00049A1C       Finalization
 0001:00049354       Finalization
 0001:00049344       Finalization
 0001:000492FC       Finalization
 0001:00013B7C       Finalization
 0001:0008A784       Finalization
 0001:001043EC       Finalization
 0001:0008A450       Finalization
 0001:000491DC       Finalization
 0001:000485BC       Finalization
 0001:00089FCC       Finalization
 0001:000463C0       Finalization
 0001:00089F8C       Finalization
 0001:00015514       Finalization
 0001:00015B68       Finalization
 0001:000F6E2C       Finalization
 0001:0001734C       Finalization
 0001:00000DE4       Finalization
 0001:0000288C       Finalization
 0001:00041004       Finalization
 0001:00040FC4       Finalization
 0001:0003E49C       Finalization
 0001:0003DF60       Finalization
 0001:0000287C       Finalization
 0001:00002864       Finalization
 0001:0003C9C4       Finalization
 0001:0003BCA0       Finalization
 0001:0003AA58       Finalization
 0001:00039C68       Finalization
 0001:00037848       Finalization
 0001:00036578       Finalization
 0001:001052D8       Finalization
 0001:000027DC       Finalization
 0001:001013EC       Finalization
 0001:00036418       Finalization
 0001:00019E6C       Finalization
 0001:00105344       Finalization
 0001:00035B58       Finalization
 0001:00000BD4       Finalization
 0001:00035B48       Finalization
 0001:00000B9C       Finalization
 0001:000027BC       Finalization
 0001:00000B64       Finalization
 0001:00035B38       Finalization
 0001:00035B28       Finalization
 0001:00035B18       Finalization
 0001:00105958       Finalization
 0001:00035B08       Finalization
 0001:00035AE8       Finalization
 0001:00035AD8       Finalization
 0001:00035AC8       Finalization
 0001:00035A90       Finalization
 0001:00035A58       Finalization
 0001:00035A20       Finalization
 0001:000359E8       Finalization
 0001:000359B0       Finalization
 0001:000359A0       Finalization
 0001:00035990       Finalization
 0001:00035980       Finalization
 0001:00035970       Finalization
 0001:00035960       Finalization
 0001:00035950       Finalization
 0001:00105DF8       Finalization
 0001:00106350       Finalization
 0001:000024F4       Finalization
 0001:00002504       Finalization
 0001:00002514       Finalization
 0001:0000254C       Finalization
 0001:00085EC8       Finalization
 0001:00035940       Finalization
 0001:00035930       Finalization
 0001:000857B4       Finalization
 0001:0008577C       Finalization
 0001:00104040       Finalization
 0001:0008202C       Finalization
 0001:000025EC       Finalization
 0001:000025FC       Finalization
 0001:001063DC       Finalization
 0001:0000260C       Finalization
 0001:0008180C       Finalization
 0001:000008A8       Finalization
 0001:0008158C       Finalization
 0001:00000898       Finalization
 0001:00035920       Finalization
 0001:00000878       Finalization
 0001:000358D4       Finalization
 0001:00000868       Finalization
 0001:0001F19C       Finalization
 0001:0001F3FC       Finalization
 0001:0001FEE0       Finalization
 0001:0002013C       Finalization
 0001:000813A8       Finalization
 0001:00020BA8       Finalization
 0001:000219A0       Finalization
 0001:00081200       Finalization
 0001:00080E30       Finalization
 0001:00080918       Finalization
 0001:0000268C       Finalization
 0001:0000269C       Finalization
 0001:000268B0       Finalization
 0001:00026924       Finalization
 0001:00026964       Finalization
 0001:00026974       Finalization
 0001:0000271C       Finalization
 0001:000026BC       Finalization
 0001:000026CC       Finalization
 0001:0000270C       Finalization
 0001:000271AC       Finalization
 0001:000275C4       Finalization
 0001:000026DC       Finalization
 0001:000005E0       Finalization
 0001:000026FC       Finalization
 0001:0000AFA0       Finalization
 0001:00037878       FindDlgc
 0002:0652B2B0       FindGlobalComponent
 0001:00088950       FindKeyWord
 0001:00000A10       FindWindow
 0002:000027EC       FIN_BUH_FSG_Group
 0002:00001058       First
 0001:00009D80       FIsDBControl
 0002:000010D4       FlagLookUp
 0001:00001BB4       FlatSB
 0001:000011AC       FloatToStr
 0001:000011B4       FloatToStrF
 0001:00001CC4       Floor
 0002:00002350       FMInvoiceCheckSS
 0002:00002358       FMInvoiceDragInfo
 0002:0000003C       Form
 0001:000011A4       Format
 0001:000011FC       FormatDateTime
 0001:000011BC       FormatFloat
 0001:0006D4B4       FormatMessage
 0002:00002324       FormDlgUnLock
 0002:00000074       FormLevel
 0001:000015A4       Forms
 0002:00002650       FormStart
 0002:000022DC       FormView
 0002:000022CC       FPopupMenuDBTree
 0002:000020E8       fPopupMenuEtvDBFieldControls
 0002:00002178       fPopupMenuEtvDBGrid
 0002:000020F0       FPopupMenuEtvDBImage
 0002:000020DC       FPopupMenuEtvDBLookup
 0002:000020EC       fPopupMenuEtvDBMemo
 0002:00000708       FSessionClassList
 0001:0004FC30       FSetInq
 0001:000509DC       FSetReps
 0002:00002114       Functions
 0001:000365A8       FVisDisp
 0001:00035B10       Gauges
 0001:0006BD48       Get1Fig
 0001:0006BE30       Get2Fig
 0001:0006C044       Get3Fig
 0001:000221D4       GetAddFieldNames
 0001:00009520       GetArrFromSQLText
 0001:00005984       GetBitsPerPixel
 0001:0004A468       GetBlobFieldAsStream
 0001:00000A18       GetCapture
 0001:00000A20       GetClassName
 0001:00028534       GetCloneDataSet
 0001:00028404       GetCloneQueryToQuery
 0001:00028328       GetCloneQueryToTable
 0001:000281B0       GetCloneTableToQuery
 0001:000280BC       GetCloneTableToTable
 0001:000008E8       GetComputerName
 0001:00000A28       GetCursorPos
 0001:00000A30       GetDC
 0001:00000990       GetDeviceCaps
 0001:00036450       GetDispDBEdit
 0001:00036470       GetDispLookCombo
 0001:0002867C       GetEtvTableName
 0001:000008F0       GetExitCodeProcess
 0001:00008A10       GetFieldListExt
 0001:00021A9C       GetFieldNamesByList
 0001:0000341C       GetFieldProperty
 0001:000012AC       GetFloatProp
 0001:0000481C       GetFontCharSizes
 0001:00005834       GetFontSizes
 0001:00001C5C       GetForm
 0001:000092D4       GetFromSQLText
 0001:00026778       GetIndexOfField
 0001:000087F0       GetInvisibleFields
 0001:00008980       GetInvisibleUserFields
 0001:00000A40       GetKeyboardLayoutName
 0001:00000A38       GetKeyState
 0001:00000A48       GetLastActivePopup
 0001:000008F8       GetLastError
 0001:000287AC       GetLinkCloneDataset
 0001:0005BD98       GetLinkedDBFormControl
 0001:00024310       GetLookField
 0001:000012BC       GetMethodProp
 0001:000004A0       GetModuleFileName
 0001:000004A8       GetModuleHandle
 0001:000A7BD4       GetName
 0001:000B48D4       GetName
 0001:00000998       GetNearestColor
 0001:0000128C       GetOrdProp
 0001:000009A0       GetPaletteEntries
 0001:00001304       GetParentForm
 0001:0006BC38       GetPostfix
 0001:00001C64       GetPrinter
 0001:0000127C       GetPropInfo
 0001:00001284       GetPropInfos
 0001:0000129C       GetStrProp
 0001:00000900       GetSystemInfo
 0001:00000A50       GetSystemMetrics
 0001:00028014       GetTableModelIFN
 0001:000009A8       GetTextMetrics
 0001:00000908       GetTickCount
 0001:00001274       GetTypeData
 0001:00008870       GetUserFields
 0001:000008B8       GetUserName
 0001:00000910       GetVersionEx
 0001:000223D8       GetVisibleFieldNames
 0001:00008700       GetVisibleFields
 0001:000088F0       GetVisibleUserFields
 0001:00000A58       GetWindowRect
 0001:00000A60       GetWindowText
 0001:000B582C       GksmCons
 0001:00000918       GlobalAlloc
 0001:00000920       GlobalFree
 0001:00000928       GlobalLock
 0001:00000930       GlobalMemoryStatus
 0001:00000938       GlobalSize
 0001:00000940       GlobalUnlock
 0002:00002450       GMoveMat
 0001:00006FCC       GotoBookmarkWOExcept
 0001:00088CE4       GotoElse
 0001:00088B9C       GotoEnd
 0001:00000DDC       GraphicExtension
 0001:00000DD4       GraphicFilter
 0001:00000DEC       Graphics
 0001:00004094       Grids
 0002:00002004       HInstance
 0001:00000B48       HiWord
 0002:000021A0       HookCtl3D
 0002:000010E8       i
 0001:000008A0       ImgList
 0001:00001A24       Imm
 0002:0000254C       InAccount
 0002:0000255C       InAccountAll
 0002:0000250C       InClient
 0002:0000251C       InClientAll
 0001:000011EC       IncMonth
 0002:0000256C       InContract
 0002:0000252C       InCurrency
 0002:0000253C       InCurrencyAll
 0002:000024C0       InDateBeg
 0002:000024CC       InDateEnd
 0002:000010D0       InDaysOnWay
 0001:00000A68       InflateRect
 0001:00001E1C       IniFiles
 0001:0006D784       InitDecompressor
 0001:0006E7A4       InitDefaults
 0001:00000948       InitializeCriticalSection
 0001:000004B0       InitializeModule
 0001:000ECE14       InitNumInvoice
 0001:000005D8       InputBox
 0001:000005D0       InputQuery
 0001:000AA9B8       Insert
 0001:00102FD4       InsertItem1
 0002:000010CC       InTare
 0001:0000113C       IntToStr
 0001:00001144       IntToStr
 0001:00000A70       InvalidateRect
 0001:0006D420       InvalidOperation
 0001:000DA978       Invoice
 0002:000026D8       InvoiceChanged
 0002:000026D9       InvoicePayerChanged
 0002:000025CC       InvoiceProdDDeclarSource
 0002:000010E4       InvoiceProdRowCount
 0002:000025D0       InvoiceRailDeclarSource
 0001:00000028       IOResult
 0002:00000018       IsAppActive
 0002:000024D7       IsClientReportTotalSend
 0002:00000078       IsCommonPrintSetup
 0001:00009ED8       IsDBControl
 0001:00000A78       IsIconic
 0001:00063A04       IsLinkDataSet
 0001:00021C34       IsNotEqualLinkStrings
 0001:00021D14       IsNotEqualLinkValues
 0002:000025BC       IsPrintOn
 0001:00000A80       IsWindowEnabled
 0001:00000A88       IsWindowVisible
 0001:0006D1E8       jconsts
 0001:00080958       jpeg
 0002:00000714       JPEGDefaults
 0001:0006D438       JpegError
 0001:00070430       jpeg_calc_output_dimensions
 0001:0006EB54       jpeg_consume_input
 0001:0007AECC       jpeg_CreateCompress
 0001:0006E7E4       jpeg_CreateDecompress
 0001:0007A220       jpeg_destroy
 0001:0006E8AC       jpeg_destroy_decompress
 0001:0007AFDC       jpeg_finish_compress
 0001:0006EC68       jpeg_finish_decompress
 0001:00070318       jpeg_finish_output
 0001:0006EC34       jpeg_has_multiple_scans
 0001:0006EAE8       jpeg_read_header
 0001:0007017C       jpeg_read_scanlines
 0001:0007A6A8       jpeg_set_colorspace
 0001:0007A544       jpeg_set_defaults
 0001:0007A480       jpeg_set_quality
 0001:0007AB10       jpeg_simple_progression
 0001:0007ACF4       jpeg_start_compress
 0001:0006FFF8       jpeg_start_decompress
 0001:000702B8       jpeg_start_output
 0001:0007A344       jpeg_stdio_dest
 0001:0006FF8C       jpeg_stdio_src
 0002:0000071C       jpeg_std_error
 0001:0007AD60       jpeg_write_scanlines
 0001:000012FC       KeyDataToShiftState
 0001:000054D4       KeyReturn
 0002:00002620       KodProdLabel
 0001:00106DA4       KSMProj
 0002:0000247C       LabelTimeCalcBalance
 0002:000000B4       LastFormControl
 0002:00002728       Ledger2003Label
 0002:00002770       LedgerAcc
 0002:00002768       LedgerAccountD
 0002:00002778       LedgerDate
 0002:00002720       LedgerGridPanel
 0002:00002724       LedgerLabel
 0001:00007148       LengthFields
 0001:000071DC       LengthResultFields
 0002:00001054       LimRows
 0002:000025A0       LineHomeButton
 0002:0000259C       LineHostelButton
 0001:00021BD0       LinkDatasetListLocate
 0001:00021A08       LinkDatasetLocate
 0001:00026984       ListAdd
 0001:000269AC       ListDelete
 0001:000269DC       ListDestroy
 0001:000269F4       ListError
 0001:00026A48       ListItem
 0001:00026A64       ListRemove
 0001:000463F0       LnkMisc
 0001:0006647C       LnkSet
 0001:0002016C       LnPasw
 0001:00029DD4       LnTables
 0001:00000A90       LoadCursor
 0001:00000A98       LoadIcon
 0001:00000AA0       LoadKeyboardLayout
 0001:000003F8       LoadResourceModule
 0001:00000408       LoadResString
 0001:0000115C       LoadStr
 0001:00004A40       LoadXComponentFromStream
 0001:00007018       LocateWOExcept
 0002:00002628       LookSource
 0001:000010FC       LowerCase
 0002:000000B8       MainFormControl
 0001:00001E84       Mask
 0002:000026E0       MassaForOneRow
 0002:000026D0       MassaNameAdd
[...]
  1113 0001:000FCDF7  1114 0001:000FCE58  1115 0001:000FCE66  1117 0001:000FCEE8
  1118 0001:000FCEEA  1119 0001:000FCEF9  1121 0001:000FCF1C  1125 0001:000FCF27
  1127 0001:000FCF35  1128 0001:000FCF37  1130 0001:000FCF43  1131 0001:000FCF76
  1132 0001:000FCF81  1133 0001:000FCF88  1135 0001:000FCF92  1129 0001:000FCF93
  1137 0001:000FCF9F  1138 0001:000FCFAB  1140 0001:000FCFBF  1141 0001:000FCFC8
  1143 0001:000FD091  1146 0001:000FD09D  1147 0001:000FD0AD  1148 0001:000FD0B8
  1152 0001:000FD0CB  1153 0001:000FD0D4  1154 0001:000FD0DC  1156 0001:000FD0E3
  1157 0001:000FD0F7  1158 0001:000FD14A  1159 0001:000FD154  1160 0001:000FD171
  1161 0001:000FD205  1159 0001:000FD206  1162 0001:000FD20D  1163 0001:000FD244
  1164 0001:000FD266  1165 0001:000FD286  1166 0001:000FD2A8  1167 0001:000FD2CA
  1168 0001:000FD2EC  1169 0001:000FD2F2  1170 0001:000FD314  1172 0001:000FD334
  1173 0001:000FD345  1172 0001:000FD36A  1175 0001:000FD3C1  1184 0001:000FD654
  1187 0001:000FD688  1190 0001:000FD69F  1191 0001:000FD6AC  1192 0001:000FD6BC
  1193 0001:000FD6CC  1194 0001:000FD6DF  1195 0001:000FD6EC  1196 0001:000FD70C
  1197 0001:000FD726  1200 0001:000FD771  1202 0001:000FD782  1203 0001:000FD78E
  1204 0001:000FD79A  1205 0001:000FD7A6  1206 0001:000FD7B2  1207 0001:000FD7BB
  1208 0001:000FD7C4  1209 0001:000FD7D0  1212 0001:000FD7DA  1213 0001:000FD7F4
  1215 0001:000FD813  1216 0001:000FD81F  1219 0001:000FD829  1220 0001:000FD832
  1221 0001:000FD83C  1225 0001:000FD847  1227 0001:000FD858  1228 0001:000FD864
  1229 0001:000FD870  1230 0001:000FD87C  1231 0001:000FD888  1232 0001:000FD891
  1233 0001:000FD89A  1234 0001:000FD8A6  1237 0001:000FD8B0  1238 0001:000FD8D0
  1241 0001:000FD8EF  1242 0001:000FD8FB  1243 0001:000FD905  1246 0001:000FD90F
  1247 0001:000FD918  1248 0001:000FD922  1252 0001:000FD92D  1253 0001:000FD94B
  1254 0001:000FD962  1256 0001:000FD97C  1257 0001:000FD9B2  1259 0001:000FD9C0
  1260 0001:000FD9F6  1261 0001:000FDA1E  1262 0001:000FDA2E  1263 0001:000FDA3C
  1265 0001:000FDA79  1266 0001:000FDA87  1268 0001:000FDA97  1269 0001:000FDAC6
  1272 0001:000FDB3C  1273 0001:000FDB57  1274 0001:000FDB5D  1275 0001:000FDB77
  1276 0001:000FDBE1  1280 0001:000FDC08  1281 0001:000FDC3D  1282 0001:000FDC4B
  1284 0001:000FDC59  1286 0001:000FDC7F  1287 0001:000FDC8D  1289 0001:000FDCCD
  1299 0001:000FDCD4  1300 0001:000FDD14  1301 0001:000FDD56  1302 0001:000FDD95
  1304 0001:000FDD9A  1306 0001:000FDDA9  1308 0001:000FDDC5  1309 0001:000FDDE1
  1310 0001:000FDDF4  1311 0001:000FDE0B  1312 0001:000FDE19  1313 0001:000FDE2A
  1314 0001:000FDE4C  1316 0001:000FDF27  1317 0001:000FDF2F  1319 0001:000FDF39
  1320 0001:000FDF3C  1321 0001:000FDF92  1322 0001:000FDFE5  1318 0001:000FDFED
  1324 0001:000FDFFD  1326 0001:000FE005  1327 0001:000FE008  1328 0001:000FE02B
  1330 0001:000FE053  1332 0001:000FE069  1336 0001:000FE077  1337 0001:000FE07B
  1340 0001:000FE08E  1341 0001:000FE0F6  1342 0001:000FE103  1343 0001:000FE11A
  1344 0001:000FE1C9  1346 0001:000FE1D5  1347 0001:000FE202  1349 0001:000FE2CC
  1350 0001:000FE2CF  1351 0001:000FE313  1355 0001:000FE3DD  1337 0001:000FE3DE
  1356 0001:000FE3E7  1357 0001:000FE42B  1360 0001:000FE5B0  1361 0001:000FE5B8
  1362 0001:000FE5CB  1364 0001:000FE5DE  1365 0001:000FE5EA  1366 0001:000FE5F6
  1369 0001:000FE605  1370 0001:000FE614  1373 0001:000FE623  1374 0001:000FE628
  1375 0001:000FE639  1376 0001:000FE649  1378 0001:000FE65F  1379 0001:000FE67A
  1380 0001:000FE684  1383 0001:000FE69C  1384 0001:000FE6B8  1388 0001:000FE712
  1389 0001:000FE740  1391 0001:000FE771  1394 0001:000FE7E8  1395 0001:000FE7EF
  1396 0001:000FE814  1397 0001:000FE832  1399 0001:000FE849  1410 0001:000FE850
  1411 0001:000FE880  1414 0001:000FE897  1415 0001:000FE8A6  1418 0001:000FE8B3
  1420 0001:000FE8C4  1421 0001:000FE8D0  1422 0001:000FE8DC  1423 0001:000FE8E8
  1424 0001:000FE8F4  1425 0001:000FE8FD  1426 0001:000FE906  1427 0001:000FE912
  1430 0001:000FE91C  1431 0001:000FE930  1434 0001:000FE94A  1435 0001:000FE957
  1438 0001:000FE962  1439 0001:000FE96C  1440 0001:000FE977  1444 0001:000FE983
  1446 0001:000FE994  1447 0001:000FE9A0  1448 0001:000FE9AC  1449 0001:000FE9B8
  1450 0001:000FE9C4  1451 0001:000FE9CD  1452 0001:000FE9D6  1453 0001:000FE9E2
  1456 0001:000FE9EC  1457 0001:000FEA06  1460 0001:000FEA20  1461 0001:000FEA2D
  1462 0001:000FEA38  1465 0001:000FEA45  1466 0001:000FEA4F  1467 0001:000FEA5A
  1468 0001:000FEA66  1472 0001:000FEA7B  1474 0001:000FEA8C  1475 0001:000FEA98
  1476 0001:000FEAA4  1477 0001:000FEAB0  1478 0001:000FEABC  1479 0001:000FEAC5
  1480 0001:000FEACE  1481 0001:000FEADA  1484 0001:000FEAE4  1486 0001:000FEAF5
  1487 0001:000FEAFF  1488 0001:000FEB0B  1489 0001:000FEB17  1490 0001:000FEB21
  1492 0001:000FEB2D  1493 0001:000FEB36  1494 0001:000FEB46  1495 0001:000FEB56
  1496 0001:000FEB66  1497 0001:000FEB72  1500 0001:000FEB7D  1501 0001:000FEBB3
  1503 0001:000FEBC1  1517 0001:000FEBC7  1518 0001:000FEBD6  1519 0001:000FEBE2
  1521 0001:000FEBEE  1524 0001:000FEBF5  1528 0001:000FEC70  1530 0001:000FEC7B
  1531 0001:000FEC7D  1533 0001:000FEC89  1534 0001:000FECC0  1535 0001:000FECCE
  1536 0001:000FECD6  1538 0001:000FECE3  1532 0001:000FECE4  1540 0001:000FECF4
  1542 0001:000FED2E  1543 0001:000FED34  1544 0001:000FED77  1547 0001:000FED83
  1548 0001:000FED90  1549 0001:000FED9B  1550 0001:000FEDB5  1552 0001:000FEDC5
  1553 0001:000FEDCB  1555 0001:000FEDD3  1561 0001:000FEDDA  1562 0001:000FEDEB
  1563 0001:000FEE16  1564 0001:000FEE1F  1565 0001:000FEE2B  1562 0001:000FEE2C
  1568 0001:000FEE3E  1570 0001:000FEE4E  1571 0001:000FEE7D  1574 0001:000FEFB4
  1575 0001:000FEFB5  1576 0001:000FEFCE  1577 0001:000FEFDE  1582 0001:000FEFE0
  1583 0001:000FF006  1584 0001:000FF047  1585 0001:000FF075  1586 0001:000FF082
  1588 0001:000FF0AE  1591 0001:000FF0D8  1597 0001:000FF0DB  1600 0001:000FF0E0
  1601 0001:000FF105  1603 0001:000FF123  1604 0001:000FF141  1606 0001:000FF165
  1608 0001:000FF17E  1609 0001:000FF19A  1610 0001:000FF1B1  1612 0001:000FF1E1
  1614 0001:000FF1EB  1616 0001:000FF209  1617 0001:000FF227  1619 0001:000FF24B
  1621 0001:000FF260  1622 0001:000FF27C  1623 0001:000FF293  1624 0001:000FF2C3
  1626 0001:000FF2EA  1629 0001:000FF4D4  1630 0001:000FF4E2  1631 0001:000FF502
  1632 0001:000FF507  1633 0001:000FF516  1634 0001:000FF523  1636 0001:000FF537
  1637 0001:000FF543  1638 0001:000FF552  1639 0001:000FF561  1640 0001:000FF570
  1641 0001:000FF57F  1642 0001:000FF58E  1643 0001:000FF5A0  1644 0001:000FF5B3
  1645 0001:000FF5C3  1647 0001:000FF5D8  1649 0001:000FF5EC  1650 0001:000FF5F8
  1651 0001:000FF607  1652 0001:000FF616  1653 0001:000FF625  1654 0001:000FF634
  1655 0001:000FF643  1656 0001:000FF655  1657 0001:000FF668  1658 0001:000FF678
  1660 0001:000FF68D  1662 0001:000FF6A1  1663 0001:000FF6AD  1664 0001:000FF6BC
  1665 0001:000FF6CB  1666 0001:000FF6DA  1667 0001:000FF6E9  1668 0001:000FF6F8
  1669 0001:000FF70A  1670 0001:000FF71D  1671 0001:000FF72D  1673 0001:000FF742
  1675 0001:000FF758  1681 0001:000FF830  1682 0001:000FF860  1684 0001:000FF904
  1685 0001:000FF930  1687 0001:000FF935  1690 0001:000FF942  1692 0001:000FF95C
  1693 0001:000FF979  1694 0001:000FF98F  1695 0001:000FF9A7  1696 0001:000FF9CC
  1697 0001:000FFA52  1698 0001:000FFA70  1699 0001:000FFAAB  1706 0001:000FFBB8
  1707 0001:000FFBEA  1708 0001:000FFC2C  1709 0001:000FFC6B  1711 0001:000FFC70
  1714 0001:000FFCF5  1715 0001:000FFD1D  1716 0001:000FFD29  1717 0001:000FFD2E
  1719 0001:000FFD3E  1720 0001:000FFD54  1721 0001:000FFD68  1722 0001:000FFD73
  1724 0001:000FFD76  1725 0001:000FFD92  1726 0001:000FFDC0  1727 0001:000FFDEE
  1728 0001:000FFE04  1729 0001:000FFE3E  1730 0001:000FFE54  1731 0001:000FFE8E
  1732 0001:000FFEA4  1733 0001:000FFEDE  1734 0001:000FFEF4  1735 0001:000FFF2E
  1736 0001:000FFF44  1737 0001:000FFF55  1738 0001:000FFF8F  1740 0001:000FFFA5
  1741 0001:000FFFDF  1742 0001:000FFFF5  1743 0001:0010002F  1744 0001:0010003D
  1718 0001:00100049  1747 0001:0010005D  1748 0001:00100069  1750 0001:001000D5
  1753 0001:00100260  1755 0001:0010027F  1756 0001:00100300  1759 0001:00100324
  1761 0001:00100343  1762 0001:001003C4  1766 0001:001003E8  1767 0001:001003F4
  1770 0001:001003F8  1771 0001:0010040B  1772 0001:0010042B  1773 0001:0010042E
  1774 0001:0010043D  1775 0001:0010044A  1777 0001:0010045B  1778 0001:00100464
  1779 0001:00100470  1780 0001:0010047C  1781 0001:00100488  1782 0001:00100494
  1783 0001:001004A0  1784 0001:001004B0  1785 0001:001004BD  1788 0001:001004CF
  1793 0001:00100528  1794 0001:00100543  1796 0001:00100550  1798 0001:0010056A
  1799 0001:00100587  1800 0001:0010059D  1801 0001:001005CE  1802 0001:00100602
  1803 0001:0010060D  1804 0001:00100642  1807 0001:0010071C  1808 0001:00100754
  1809 0001:0010077C  1810 0001:0010077F  1811 0001:0010078E  1812 0001:0010079B
  1814 0001:001007AC  1815 0001:001007B5  1816 0001:001007C1  1817 0001:001007CD
  1818 0001:001007D9  1819 0001:001007E5  1820 0001:001007F1  1821 0001:00100801
  1822 0001:0010080E  1829 0001:00100823  1830 0001:00100894  1832 0001:001008C0
  1843 0001:0010091C  1844 0001:00100950  1848 0001:00100967  1849 0001:00100974
  1850 0001:00100984  1851 0001:00100994  1852 0001:001009A7  1853 0001:001009B4
  1854 0001:001009D4  1855 0001:001009EE  1858 0001:00100A39  1860 0001:00100A4A
  1861 0001:00100A56  1862 0001:00100A62  1863 0001:00100A6E  1864 0001:00100A7A
  1865 0001:00100A83  1866 0001:00100A8C  1867 0001:00100A98  1870 0001:00100AA2
  1871 0001:00100AB3  1872 0001:00100AC3  1873 0001:00100AD7  1875 0001:00100AED
  1876 0001:00100AF9  1879 0001:00100B03  1880 0001:00100B0C  1881 0001:00100B16
  1885 0001:00100B21  1887 0001:00100B32  1888 0001:00100B3E  1889 0001:00100B4A
  1890 0001:00100B56  1891 0001:00100B62  1892 0001:00100B6B  1893 0001:00100B74
  1894 0001:00100B80  1897 0001:00100B8A  1898 0001:00100BAA  1901 0001:00100BC9
  1902 0001:00100BD5  1903 0001:00100BDF  1906 0001:00100BE9  1907 0001:00100BF2
  1908 0001:00100BFC  1912 0001:00100C07  1913 0001:00100C25  1914 0001:00100C3C
  1916 0001:00100C56  1917 0001:00100C8C  1919 0001:00100C9A  1920 0001:00100CD0
  1921 0001:00100CF8  1922 0001:00100D08  1923 0001:00100D16  1925 0001:00100D53
  1926 0001:00100D61  1928 0001:00100D71  1929 0001:00100DA0  1936 0001:00100E20
  1937 0001:00100E65  1938 0001:00100E6B  1939 0001:00100E74  1940 0001:00100E83
  1941 0001:00100E8F  1943 0001:00100E9B  1946 0001:00100EA2  1949 0001:00100EC3
  1950 0001:00100ED1  1952 0001:00100F36  1953 0001:00100F38  1954 0001:00100F47
  1956 0001:00100F6A  1960 0001:00100F75  1962 0001:00100F83  1963 0001:00100F85
  1965 0001:00100F91  1966 0001:00100FC4  1967 0001:00100FCF  1968 0001:00100FD6
  1970 0001:00100FE0  1964 0001:00100FE1  1972 0001:00100FED  1973 0001:00100FF9
  1975 0001:0010100D  1976 0001:00101016  1978 0001:001010A3  1980 0001:001010AF
  2012 0001:00101107  2016 0001:00101210  2017 0001:00101229  2024 0001:00101250
  2025 0001:0010126C  2027 0001:0010127A  2028 0001:00101288  2029 0001:0010129A
  2031 0001:001012BC  2032 0001:001012C6  2033 0001:001012F2  2034 0001:0010130B
  2035 0001:00101319  2036 0001:00101325  2034 0001:0010134B  2037 0001:0010134E
  2038 0001:0010136E  2040 0001:00101376  2042 0001:0010139F  2045 0001:001013B8
  2046 0001:001013B9  2047 0001:001013BC  2048 0001:001013CB  2050 0001:001013E8
  2052 0001:00101428  2052 0001:0010142F

Line numbers for MdBase(MdBase.pas) segment .text

   289 0001:001029B0   290 0001:001029B9   291 0001:001029D0   292 0001:001029E7
   293 0001:00102A04   294 0001:00102A21   295 0001:00102A2B   299 0001:00102A44
   300 0001:00102A4E   301 0001:00102A5A   302 0001:00102A6A   303 0001:00102A70
   304 0001:00102A7E   305 0001:00102A9C   306 0001:00102AB8   307 0001:00102AD6
   308 0001:00102AE4   309 0001:00102B02   311 0001:00102B2E   312 0001:00102B66
   314 0001:00102B91   317 0001:00102BB0   318 0001:00102BBC   319 0001:00102BC7
   320 0001:00102BD2   323 0001:00102BD8   405 0001:00102BE4   410 0001:00102BE8
   411 0001:00102BF4   412 0001:00102C01   413 0001:00102C13   414 0001:00102C1F
   415 0001:00102C2B   418 0001:00102C42   422 0001:00102C48   423 0001:00102C54
   424 0001:00102C61   425 0001:00102C73   426 0001:00102C8B   427 0001:00102C9D
   428 0001:00102CB4   432 0001:00102CCA   437 0001:00102CD0   438 0001:00102CDC
   439 0001:00102CE9   440 0001:00102CFB   441 0001:00102D07   442 0001:00102D13
   445 0001:00102D21   448 0001:00102D28   449 0001:00102D5B   450 0001:00102D63
   451 0001:00102D88   452 0001:00102DAD   453 0001:00102DBA   454 0001:00102DFD
   455 0001:00102E0F   456 0001:00102E2E   457 0001:00102E59   459 0001:00102EA2
   460 0001:00102EDB   461 0001:00102F1E   463 0001:00102F7B   472 0001:00102FD4
   473 0001:00102FDD   474 0001:00102FF1   475 0001:00103003   476 0001:00103011
   477 0001:0010301E   478 0001:00103031   479 0001:00103040   481 0001:00103068
   482 0001:00103070   484 0001:0010307A   486 0001:001030B0   487 0001:001030DE
   488 0001:001030F2   489 0001:00103119   492 0001:0010312E   494 0001:00103152
   495 0001:0010317C   496 0001:001031B4   499 0001:00103209   501 0001:00103222
   502 0001:00103248   504 0001:00103261   505 0001:0010328A   506 0001:0010329A
   507 0001:001032C6   525 0001:00103370   526 0001:0010337F   528 0001:00103385
   531 0001:00103393   532 0001:001033A5   536 0001:001033B7   540 0001:001033C0
   541 0001:001033CF   542 0001:001033DC   543 0001:00103403   544 0001:00103421
   545 0001:0010342B   547 0001:00103435   550 0001:00103464   551 0001:00103485
   554 0001:0010350A   557 0001:00103548   558 0001:00103554   559 0001:00103571
   562 0001:00103578   563 0001:001035A7   564 0001:00103631   567 0001:00103638
   568 0001:00103641   569 0001:00103645   570 0001:0010368E   573 0001:001036A8
   574 0001:001036C9   575 0001:001036D5   576 0001:001036F8   577 0001:00103700
   578 0001:00103728   580 0001:00103751   584 0001:00103768   586 0001:00103774
   587 0001:0010377D   588 0001:00103789   590 0001:0010378E   593 0001:00103814
   594 0001:00103832   595 0001:00103837   596 0001:0010383A   601 0001:00103844
   602 0001:00103864   606 0001:001038C6   607 0001:00103902   608 0001:00103918
   610 0001:0010392E   612 0001:00103942   600 0001:00103945   615 0001:0010394E
   616 0001:00103957   617 0001:00103963   619 0001:00103968   623 0001:001039EA
   624 0001:001039FA   625 0001:001039FF   626 0001:00103A02   628 0001:00103A0C
   629 0001:00103A18   633 0001:00103AF4   634 0001:00103B17   635 0001:00103B31
   636 0001:00103B41   637 0001:00103B57   640 0001:00103B96   643 0001:00103BA0
   644 0001:00103BAF   645 0001:00103BC7   646 0001:00103BCE   648 0001:00103BDE
   651 0001:00103BE4   652 0001:00103BF0   653 0001:00103BF6   654 0001:00103C02
   655 0001:00103C10   656 0001:00103C1C   657 0001:00103C2B   658 0001:00103C35
   661 0001:00103C52   664 0001:00103C61   667 0001:00103C68   669 0001:00103C8A
   670 0001:00103CCC   671 0001:00103CD6   674 0001:00103CDB   675 0001:00103CFF
   676 0001:00103D09   678 0001:00103D30   682 0001:00103DD0   684 0001:00103DDF
   685 0001:00103DEC   688 0001:00103E5C   689 0001:00103E68   690 0001:00103E7E
   694 0001:00103E88   696 0001:00103E8D   699 0001:00103F58   700 0001:00103F7C
   702 0001:0010400C   704 0001:00104070   708 0001:00104077

Line numbers for Bank(Common\Bank.pas) segment .text

    64 0001:001043EC    65 0001:00104424    61 0001:00104428    62 0001:00104431
    63 0001:00104441

Line numbers for ProdMat(Product\ProdMat.pas) segment .text

    39 0001:00104668    40 0001:001046A0    36 0001:001046A4    37 0001:001046AD
    38 0001:001046BD

Line numbers for Tare(Product\Tare.pas) segment .text

    31 0001:00104864    32 0001:0010489C    28 0001:001048A0    29 0001:001048A9
    30 0001:001048B9

Line numbers for ContrProd(Contract\ContrProd.pas) segment .text

    41 0001:00104B10    42 0001:00104B48    38 0001:00104B4C    39 0001:00104B55
    40 0001:00104B65

Line numbers for Contract(Contract\Contract.pas) segment .text

    80 0001:00105014    81 0001:0010504C    77 0001:00105050    78 0001:00105059
    79 0001:00105069

Line numbers for Shop(Shop\Shop.Pas) segment .text

    42 0001:001052D8    44 0001:00105310    39 0001:00105314    40 0001:0010531D
    41 0001:0010532D

Line numbers for MInvoiceCalc(Materials\MInvoiceCalc.pas) segment .text

    92 0001:00105374    92 0001:0010537B

Line numbers for Person(Workers\Person.pas) segment .text

    96 0001:00105958    97 0001:00105990    93 0001:00105994    94 0001:0010599D
    95 0001:001059AD

Line numbers for Facture(Invoice\Facture.pas) segment .text

    64 0001:00105DCC    66 0001:00105DCD    67 0001:00105DDA    68 0001:00105DE5
    70 0001:00105DEF   105 0001:00105DF4   110 0001:00105DF8   111 0001:00105E30
   107 0001:00105E34   108 0001:00105E3D   109 0001:00105E4D

Line numbers for WorkTime(Workers\WorkTime.pas) segment .text

    89 0001:00106350    90 0001:00106388    86 0001:0010638C    87 0001:00106395
    88 0001:001063A5

Line numbers for KSMProj(P:\KSMProj.dpr) segment .text

    66 0001:001063C0    67 0001:001063CC    68 0001:001063D8    70 0001:00106DA4
    71 0001:00106DB7    72 0001:00106DC5    73 0001:00106DD1    75 0001:00106DE0
    77 0001:00106DF1    78 0001:00106E09    79 0001:00106E13    80 0001:00106E1D
    81 0001:00106E32    84 0001:00106E37    85 0001:00106E4F    86 0001:00106E59
    87 0001:00106E63    91 0001:00106E68    92 0001:00106E80    93 0001:00106E8A
    94 0001:00106E94    98 0001:00106E99    99 0001:00106EB1   100 0001:00106EBB
   101 0001:00106EC5   105 0001:00106ECA   106 0001:00106EE2   107 0001:00106EEC
   108 0001:00106EF6   112 0001:00106EFB   113 0001:00106F13   114 0001:00106F1D
   115 0001:00106F27   119 0001:00106F2C   120 0001:00106F44   121 0001:00106F4E
   122 0001:00106F58   126 0001:00106F5D   127 0001:00106F75   128 0001:00106F7F
   129 0001:00106F89   133 0001:00106F8E   134 0001:00106FA6   135 0001:00106FB0
   136 0001:00106FBA   140 0001:00106FBF   141 0001:00106FD7   142 0001:00106FE1
   143 0001:00106FEB   147 0001:00106FF0   148 0001:00107008   149 0001:00107012
   150 0001:0010701C   154 0001:00107021   155 0001:00107039   156 0001:00107043
   157 0001:0010704D   161 0001:00107052   162 0001:0010706A   167 0001:00107098
   174 0001:0010709D   178 0001:001070AC   179 0001:001070B8

Bound resource files

d:\b\etv\DiDual.DFM
d:\b\etv\DiAdv.DFM
d:\b\etv\Filter.DFM
d:\b\etv\Pasw.DFM
d:\b\link4\LnPasw.DFM
D:\B\VG\Units\vgVCLRes.RES
d:\b\etv\DiPrint.DFM
d:\b\link4\FindDlgc.DFM
d:\b\other4\XPDlg.DFM
d:\b\other4\XPrevDlg.DFM
d:\b\other4\XPrlDlg.DFM
d:\b\xylib4\XAbout.DFM
d:\b\xylib4\FEdIFNs.DFM
d:\b\xylib4\FSetInq.DFM
d:\b\xylib4\FSetReps.DFM
d:\b\xylib4\TlsForm.DFM
d:\b\xylib4\BEForms.DFM
d:\b\xylib4\Splash.DFM
MdGeography.DFM
D:\B\RB4\LIB\rbDADE.res
d:\b\xylib4\XSBForm.DFM
d:\b\etv\DiDate.DFM
d:\b\xylib4\ABEForms.DFM
d:\b\xylib4\BBEForms.DFM
d:\b\xylib4\MBEForms.DFM
d:\b\etv\EtvView.DFM
PriceDlg.DFM
DlgOneDate.DFM
Prod.DFM
DlgUnLock.DFM
Person2.DFM
DlgClient.DFM
Materials.DFM
MInvoice.DFM
MdContr.DFM
MInvoiceCheckSS.DFM
MInvoiceDragInfo.DFM
MServiceUnit.DFM
MFaktura.DFM
selectBox.DFM
mdMaterials.DFM
DlgAct.DFM
PayDoc.DFM
MdPays.DFM
MdClientsAdd.DFM
Orgs.DFM
MdOrgs.DFM
Workers.DFM
MdWorkers.DFM
Invoice.DFM
ProdPlan.DFM
MdProd.DFM
MdShop.DFM
SForm.DFM
FactureVAT.DFM
MdInvc.DFM
MdCommon.DFM
MdBase.DFM
Bank.DFM
ProdMat.DFM
Tare.DFM
ContrProd.DFM
Contract.DFM
Shop.DFM
MInvoiceCalc.DFM
Person.DFM
Facture.DFM
WorkTime.DFM
KSMProj.RES
KSMProj.drf


Program entry point at 0001:00106DA4
