
 Start         Length     Name                   Class
 0001:00000000 0010DBB4H .text                   CODE
 0002:00000000 000014ECH .data                   DATA
 0002:000014EC 0000081DH .bss                    BSS


Detailed map of segments

 0001:00000000 0000049E C=CODE     S=.text    G=(none)   M=System   ACBP=A9
 0001:000004A0 000000C8 C=CODE     S=.text    G=(none)   M=SysInit  ACBP=A9
 0001:00000568 00000086 C=CODE     S=.text    G=(none)   M=Dialogs  ACBP=A9
 0001:000005F0 00000286 C=CODE     S=.text    G=(none)   M=StdCtrls ACBP=A9
 0001:00000878 0000000E C=CODE     S=.text    G=(none)   M=ActnList ACBP=A9
 0001:00000888 0000001E C=CODE     S=.text    G=(none)   M=ImgList  ACBP=A9
 0001:000008A8 00000038 C=CODE     S=.text    G=(none)   M=Commctrl ACBP=A9
 0001:000008E0 0000000E C=CODE     S=.text    G=(none)   M=ActiveX  ACBP=A9
 0001:000008F0 00000038 C=CODE     S=.text    G=(none)   M=Messages ACBP=A9
 0001:00000928 000002E4 C=CODE     S=.text    G=(none)   M=Windows  ACBP=A9
 0001:00000C0C 000001E6 C=CODE     S=.text    G=(none)   M=Graphics ACBP=A9
 0001:00000DF4 000002FE C=CODE     S=.text    G=(none)   M=Classes  ACBP=A9
 0001:000010F4 0000016E C=CODE     S=.text    G=(none)   M=SysUtils ACBP=A9
 0001:00001264 0000000E C=CODE     S=.text    G=(none)   M=SysConst ACBP=A9
 0001:00001274 00000066 C=CODE     S=.text    G=(none)   M=TypInfo  ACBP=A9
 0001:000012DC 0000000E C=CODE     S=.text    G=(none)   M=Consts   ACBP=A9
 0001:000012EC 000002BE C=CODE     S=.text    G=(none)   M=Forms    ACBP=A9
 0001:000015AC 0000000E C=CODE     S=.text    G=(none)   M=MultiMon ACBP=A9
 0001:000015BC 00000436 C=CODE     S=.text    G=(none)   M=Controls ACBP=A9
 0001:000019F4 00000038 C=CODE     S=.text    G=(none)   M=Imm      ACBP=A9
 0001:00001A2C 00000146 C=CODE     S=.text    G=(none)   M=Menus    ACBP=A9
 0001:00001B74 0000000E C=CODE     S=.text    G=(none)   M=StdActns ACBP=A9
 0001:00001B84 00000026 C=CODE     S=.text    G=(none)   M=Clipbrd  ACBP=A9
 0001:00001BAC 0000000E C=CODE     S=.text    G=(none)   M=FlatSB   ACBP=A9
 0001:00001BBC 0000007E C=CODE     S=.text    G=(none)   M=Printers ACBP=A9
 0001:00001C3C 00000088 C=CODE     S=.text    G=(none)   M=WinSpool ACBP=A9
 0001:00001CC4 00000026 C=CODE     S=.text    G=(none)   M=Math     ACBP=A9
 0001:00001CEC 00000040 C=CODE     S=.text    G=(none)   M=CommDlg  ACBP=A9
 0001:00001D2C 00000038 C=CODE     S=.text    G=(none)   M=Dlgs     ACBP=A9
 0001:00001D64 00000076 C=CODE     S=.text    G=(none)   M=ExtCtrls ACBP=A9
 0001:00001DDC 0000000E C=CODE     S=.text    G=(none)   M=ppTypes  ACBP=A9
 0001:00001DEC 0000000E C=CODE     S=.text    G=(none)   M=DsgnIntf ACBP=A9
 0001:00001DFC 0000000E C=CODE     S=.text    G=(none)   M=Registry ACBP=A9
 0001:00001E0C 00000016 C=CODE     S=.text    G=(none)   M=IniFiles ACBP=A9
 0001:00001E24 00000066 C=CODE     S=.text    G=(none)   M=Mask     ACBP=A9
 0001:00001E8C 000000B6 C=CODE     S=.text    G=(none)   M=ppDevice ACBP=A9
 0001:00001F44 00000116 C=CODE     S=.text    G=(none)   M=ppPrintr ACBP=A9
 0001:0000205C 00000066 C=CODE     S=.text    G=(none)   M=ppUtils  ACBP=A9
 0001:000020C4 0000006E C=CODE     S=.text    G=(none)   M=ppForms  ACBP=A9
 0001:00002134 0000007E C=CODE     S=.text    G=(none)   M=ppComm   ACBP=A9
 0001:000021B4 0000000E C=CODE     S=.text    G=(none)   M=ppDsIntf ACBP=A9
 0001:000021C4 0000033E C=CODE     S=.text    G=(none)   M=ComCtrls ACBP=A9
 0001:00002504 0000000E C=CODE     S=.text    G=(none)   M=ToolWin  ACBP=A9
 0001:00002514 00000038 C=CODE     S=.text    G=(none)   M=RichEdit ACBP=A9
 0001:0000254C 0000000E C=CODE     S=.text    G=(none)   M=ComStrs  ACBP=A9
 0001:0000255C 0000009E C=CODE     S=.text    G=(none)   M=ppProd   ACBP=A9
 0001:000025FC 0000000E C=CODE     S=.text    G=(none)   M=ppPrnDev ACBP=A9
 0001:0000260C 0000000E C=CODE     S=.text    G=(none)   M=ppDrwCmd ACBP=A9
 0001:0000261C 0000007E C=CODE     S=.text    G=(none)   M=ppViewr  ACBP=A9
 0001:0000269C 0000000E C=CODE     S=.text    G=(none)   M=ppFilDev ACBP=A9
 0001:000026AC 0000001E C=CODE     S=.text    G=(none)   M=Buttons  ACBP=A9
 0001:000026CC 0000000E C=CODE     S=.text    G=(none)   M=ppPDlg   ACBP=A9
 0001:000026DC 0000000E C=CODE     S=.text    G=(none)   M=Tabnotbk ACBP=A9
 0001:000026EC 0000001E C=CODE     S=.text    G=(none)   M=Spin     ACBP=A9
 0001:0000270C 0000000E C=CODE     S=.text    G=(none)   M=ppCDlg   ACBP=A9
 0001:0000271C 0000000E C=CODE     S=.text    G=(none)   M=ppPrvDlg ACBP=A9
 0001:0000272C 0000009E C=CODE     S=.text    G=(none)   M=ppReport ACBP=A9
 0001:000027CC 0000001E C=CODE     S=.text    G=(none)   M=ppBands  ACBP=A9
 0001:000027EC 00000086 C=CODE     S=.text    G=(none)   M=ppRelatv ACBP=A9
 0001:00002874 00000016 C=CODE     S=.text    G=(none)   M=ppCache  ACBP=A9
 0001:0000288C 0000000E C=CODE     S=.text    G=(none)   M=ppDsgnCt ACBP=A9
 0001:0000289C 000001B6 C=CODE     S=.text    G=(none)   M=ppPrnabl ACBP=A9
 0001:00002A54 0000002E C=CODE     S=.text    G=(none)   M=ppDB     ACBP=A9
 0001:00002A84 0000020E C=CODE     S=.text    G=(none)   M=ppClass  ACBP=A9
 0001:00002C94 0000000E C=CODE     S=.text    G=(none)   M=ppTmplat ACBP=A9
 0001:00002CA4 0000000E C=CODE     S=.text    G=(none)   M=ppStrtch ACBP=A9
 0001:00002CB4 0000000E C=CODE     S=.text    G=(none)   M=ppRuler  ACBP=A9
 0001:00002CC4 0000000E C=CODE     S=.text    G=(none)   M=ppCmpReg ACBP=A9
 0001:00002CD4 0000000E C=CODE     S=.text    G=(none)   M=ppTmEDlg ACBP=A9
 0001:00002CE4 0000000E C=CODE     S=.text    G=(none)   M=ppTmDlg  ACBP=A9
 0001:00002CF4 0000000E C=CODE     S=.text    G=(none)   M=ppMemo   ACBP=A9
 0001:00002D04 0000000E C=CODE     S=.text    G=(none)   M=ppSubRpt ACBP=A9
 0001:00002D14 0000000E C=CODE     S=.text    G=(none)   M=ppRegion ACBP=A9
 0001:00002D24 0000012E C=CODE     S=.text    G=(none)   M=ppCtrls  ACBP=A9
 0001:00002E54 0000000E C=CODE     S=.text    G=(none)   M=ExtDlgs  ACBP=A9
 0001:00002E64 0000000E C=CODE     S=.text    G=(none)   M=ppEngine ACBP=A9
 0001:00002E74 00000016 C=CODE     S=.text    G=(none)   M=ppClasUt ACBP=A9
 0001:00002E8C 0000000E C=CODE     S=.text    G=(none)   M=ppBarCod ACBP=A9
 0001:00002E9C 0000000E C=CODE     S=.text    G=(none)   M=ppVar    ACBP=A9
 0001:00002EAC 0000000E C=CODE     S=.text    G=(none)   M=ppRichTx ACBP=A9
 0001:00002EBC 0000000E C=CODE     S=.text    G=(none)   M=ppDBBDE  ACBP=A9
 0001:00002ECC 000004AE C=CODE     S=.text    G=(none)   M=DBTables ACBP=A9
 0001:0000337C 0000000E C=CODE     S=.text    G=(none)   M=StdVCL   ACBP=A9
 0001:0000338C 0000000E C=CODE     S=.text    G=(none)   M=SMIntf   ACBP=A9
 0001:0000339C 0000001E C=CODE     S=.text    G=(none)   M=Bde      ACBP=A9
 0001:000033BC 0000004E C=CODE     S=.text    G=(none)   M=DBCommon ACBP=A9
 0001:0000340C 0000078E C=CODE     S=.text    G=(none)   M=Db       ACBP=A9
 0001:00003B9C 0000000E C=CODE     S=.text    G=(none)   M=DbConsts ACBP=A9
 0001:00003BAC 0000000E C=CODE     S=.text    G=(none)   M=BdeConst ACBP=A9
 0001:00003BBC 0000000E C=CODE     S=.text    G=(none)   M=DBLogDlg ACBP=A9
 0001:00003BCC 0000000E C=CODE     S=.text    G=(none)   M=DBPWDlg  ACBP=A9
 0001:00003BDC 00000026 C=CODE     S=.text    G=(none)   M=ppDBPipe ACBP=A9
 0001:00003C04 000003D6 C=CODE     S=.text    G=(none)   M=DBCtrls  ACBP=A9
 0001:00003FDC 000000BE C=CODE     S=.text    G=(none)   M=Grids    ACBP=A9
 0001:0000409C 00000206 C=CODE     S=.text    G=(none)   M=DBGrids  ACBP=A9
 0001:000042A4 00000038 C=CODE     S=.text    G=(none)   M=XCracks  ACBP=A9
 0001:000042DC 00000A45 C=CODE     S=.text    G=(none)   M=XMisc    ACBP=A9
 0001:00004D24 00000488 C=CODE     S=.text    G=(none)   M=EtvConst ACBP=A9
 0001:000051AC 00000A08 C=CODE     S=.text    G=(none)   M=EtvPas   ACBP=A9
 0001:00005BB4 00000038 C=CODE     S=.text    G=(none)   M=EtvOther ACBP=A9
 0001:00005BEC 00000A38 C=CODE     S=.text    G=(none)   M=DiDual   ACBP=A9
 0001:00006624 00004304 C=CODE     S=.text    G=(none)   M=EtvDBFun ACBP=A9
 0001:0000A928 00000394 C=CODE     S=.text    G=(none)   M=DiAdv    ACBP=A9
 0001:0000ACBC 00000DD1 C=CODE     S=.text    G=(none)   M=EtvDB    ACBP=A9
 0001:0000BA90 00000170 C=CODE     S=.text    G=(none)   M=EtvMem   ACBP=A9
 0001:0000BC00 00000128 C=CODE     S=.text    G=(none)   M=EtvBor   ACBP=A9
 0001:0000BD28 00001130 C=CODE     S=.text    G=(none)   M=EtvTable ACBP=A9
 0001:0000CE58 00008B5E C=CODE     S=.text    G=(none)   M=EtvLook  ACBP=A9
 0001:000159B8 00001E68 C=CODE     S=.text    G=(none)   M=EtvPopup ACBP=A9
 0001:00017820 00000650 C=CODE     S=.text    G=(none)   M=EtvTemp  ACBP=A9
 0001:00017E70 00001B1C C=CODE     S=.text    G=(none)   M=EtvContr ACBP=A9
 0001:0001998C 000035E4 C=CODE     S=.text    G=(none)   M=Filter   ACBP=A9
 0001:0001CF70 00005FB0 C=CODE     S=.text    G=(none)   M=EtvFilt  ACBP=A9
 0001:00022F20 00000260 C=CODE     S=.text    G=(none)   M=Pasw     ACBP=A9
 0001:00023180 00000AE4 C=CODE     S=.text    G=(none)   M=EtvDBase ACBP=A9
 0001:00023C64 0000025C C=CODE     S=.text    G=(none)   M=LnPasw   ACBP=A9
 0001:00023EC0 00000B48 C=CODE     S=.text    G=(none)   M=DualFunc ACBP=A9
 0001:00024A08 00000F63 C=CODE     S=.text    G=(none)   M=EtvList  ACBP=A9
 0001:0002596C 00005040 C=CODE     S=.text    G=(none)   M=XDBMisc  ACBP=A9
 0001:0002A9AC 00000038 C=CODE     S=.text    G=(none)   M=vgVCLRes ACBP=A9
 0001:0002A9E4 00000016 C=CODE     S=.text    G=(none)   M=ComObj   ACBP=A9
 0001:0002A9FC 0000000E C=CODE     S=.text    G=(none)   M=ComConst ACBP=A9
 0001:0002AA0C 00000894 C=CODE     S=.text    G=(none)   M=vgUtils  ACBP=A9
 0001:0002B2A0 0000047C C=CODE     S=.text    G=(none)   M=Misc     ACBP=A9
 0001:0002B71C 000027F5 C=CODE     S=.text    G=(none)   M=LnTables ACBP=A9
 0001:0002DF14 00002CF0 C=CODE     S=.text    G=(none)   M=EtvPrint ACBP=A9
 0001:00030C04 0000253C C=CODE     S=.text    G=(none)   M=DiPrint  ACBP=A9
 0001:00033140 00008400 C=CODE     S=.text    G=(none)   M=EtvGrid  ACBP=A9
 0001:0003B540 0000000E C=CODE     S=.text    G=(none)   M=DBIndex  ACBP=A9
 0001:0003B550 0000000E C=CODE     S=.text    G=(none)   M=StrUtils ACBP=A9
 0001:0003B560 0000000E C=CODE     S=.text    G=(none)   M=DBUtils  ACBP=A9
 0001:0003B570 0000000E C=CODE     S=.text    G=(none)   M=RXDConst ACBP=A9
 0001:0003B580 0000000E C=CODE     S=.text    G=(none)   M=VCLUtils ACBP=A9
 0001:0003B590 0000000E C=CODE     S=.text    G=(none)   M=MaxMin   ACBP=A9
 0001:0003B5A0 0000000E C=CODE     S=.text    G=(none)   M=RXConst  ACBP=A9
 0001:0003B5B0 0000000E C=CODE     S=.text    G=(none)   M=RXCConst ACBP=A9
 0001:0003B5C0 0000000E C=CODE     S=.text    G=(none)   M=FileUtil ACBP=A9
 0001:0003B5D0 00000038 C=CODE     S=.text    G=(none)   M=ShlObj   ACBP=A9
 0001:0003B608 00000038 C=CODE     S=.text    G=(none)   M=UrlMon   ACBP=A9
 0001:0003B640 00000038 C=CODE     S=.text    G=(none)   M=WinInet  ACBP=A9
 0001:0003B678 00000038 C=CODE     S=.text    G=(none)   M=RegStr   ACBP=A9
 0001:0003B6B0 00000038 C=CODE     S=.text    G=(none)   M=ShellAPI ACBP=A9
 0001:0003B6E8 0000000E C=CODE     S=.text    G=(none)   M=DateUtil ACBP=A9
 0001:0003B6F8 0000000E C=CODE     S=.text    G=(none)   M=FileCtrl ACBP=A9
 0001:0003B708 0000000E C=CODE     S=.text    G=(none)   M=RxPrgrss ACBP=A9
 0001:0003B718 0000001E C=CODE     S=.text    G=(none)   M=Gauges   ACBP=A9
 0001:0003B738 0000000E C=CODE     S=.text    G=(none)   M=AppUtils ACBP=A9
 0001:0003B748 0000000E C=CODE     S=.text    G=(none)   M=Placemnt ACBP=A9
 0001:0003B758 0000000E C=CODE     S=.text    G=(none)   M=RxHook   ACBP=A9
 0001:0003B768 0000000E C=CODE     S=.text    G=(none)   M=RXProps  ACBP=A9
 0001:0003B778 0000000E C=CODE     S=.text    G=(none)   M=BdeUtils ACBP=A9
 0001:0003B788 000008E8 C=CODE     S=.text    G=(none)   M=SrcIndex ACBP=A9
 0001:0003C070 00000160 C=CODE     S=.text    G=(none)   M=FVisDisp ACBP=A9
 0001:0003C1D0 000012D0 C=CODE     S=.text    G=(none)   M=FindDlgc ACBP=A9
 0001:0003D4A0 00002420 C=CODE     S=.text    G=(none)   M=XTxtPrn  ACBP=A9
 0001:0003F8C0 00000E0A C=CODE     S=.text    G=(none)   M=XTxtDev  ACBP=A9
 0001:000406CC 0000122C C=CODE     S=.text    G=(none)   M=XPDlg    ACBP=A9
 0001:000418F8 00000D24 C=CODE     S=.text    G=(none)   M=XPrevDlg ACBP=A9
 0001:0004261C 000015B4 C=CODE     S=.text    G=(none)   M=XPrlDlg  ACBP=A9
 0001:00043BD0 00000590 C=CODE     S=.text    G=(none)   M=EtvPpCtl ACBP=A9
 0001:00044160 00002ABC C=CODE     S=.text    G=(none)   M=XRepLays ACBP=A9
 0001:00046C1C 00000016 C=CODE     S=.text    G=(none)   M=ppDBJIT  ACBP=A9
 0001:00046C34 00000308 C=CODE     S=.text    G=(none)   M=XSplash  ACBP=A9
 0001:00046F3C 000002F4 C=CODE     S=.text    G=(none)   M=XAbout   ACBP=A9
 0001:00047230 0000116C C=CODE     S=.text    G=(none)   M=UsersSet ACBP=A9
 0001:0004839C 0000004E C=CODE     S=.text    G=(none)   M=ppEndUsr ACBP=A9
 0001:000483EC 0000000E C=CODE     S=.text    G=(none)   M=ppDsgnDB ACBP=A9
 0001:000483FC 0000000E C=CODE     S=.text    G=(none)   M=ppWizard ACBP=A9
 0001:0004840C 0000000E C=CODE     S=.text    G=(none)   M=ppDsgner ACBP=A9
 0001:0004841C 0000000E C=CODE     S=.text    G=(none)   M=ppToolWn ACBP=A9
 0001:0004842C 0000000E C=CODE     S=.text    G=(none)   M=ppTB97   ACBP=A9
 0001:0004843C 0000000E C=CODE     S=.text    G=(none)   M=pptb97ut ACBP=A9
 0001:0004844C 0000000E C=CODE     S=.text    G=(none)   M=ppIDE    ACBP=A9
 0001:0004845C 0000000E C=CODE     S=.text    G=(none)   M=ppTreeVw ACBP=A9
 0001:0004846C 0000000E C=CODE     S=.text    G=(none)   M=ppMetaB  ACBP=A9
 0001:0004847C 0000000E C=CODE     S=.text    G=(none)   M=ppTB97x  ACBP=A9
 0001:0004848C 0000000E C=CODE     S=.text    G=(none)   M=ppMetaAL ACBP=A9
 0001:0004849C 0000000E C=CODE     S=.text    G=(none)   M=ppRptWiz ACBP=A9
 0001:000484AC 0000000E C=CODE     S=.text    G=(none)   M=ppMetaRW ACBP=A9
 0001:000484BC 0000000E C=CODE     S=.text    G=(none)   M=ppRWzDlg ACBP=A9
 0001:000484CC 0000000E C=CODE     S=.text    G=(none)   M=Tabs     ACBP=A9
 0001:000484DC 0000000E C=CODE     S=.text    G=(none)   M=ppPgNDlg ACBP=A9
 0001:000484EC 0000000E C=CODE     S=.text    G=(none)   M=ppCOrDlg ACBP=A9
 0001:000484FC 0000000E C=CODE     S=.text    G=(none)   M=ppNewDlg ACBP=A9
 0001:0004850C 0000000E C=CODE     S=.text    G=(none)   M=ppMMDlg  ACBP=A9
 0001:0004851C 0000000E C=CODE     S=.text    G=(none)   M=ppVarDlg ACBP=A9
 0001:0004852C 0000000E C=CODE     S=.text    G=(none)   M=ppDrlDlg ACBP=A9
 0001:0004853C 0000000E C=CODE     S=.text    G=(none)   M=ppBarDlg ACBP=A9
 0001:0004854C 0000000E C=CODE     S=.text    G=(none)   M=ppBPsDlg ACBP=A9
 0001:0004855C 0000000E C=CODE     S=.text    G=(none)   M=ppDatDlg ACBP=A9
 0001:0004856C 0000000E C=CODE     S=.text    G=(none)   M=ppPosDlg ACBP=A9
 0001:0004857C 0000000E C=CODE     S=.text    G=(none)   M=ppDemo   ACBP=A9
 0001:0004858C 0000000E C=CODE     S=.text    G=(none)   M=ppShfDlg ACBP=A9
 0001:0004859C 0000000E C=CODE     S=.text    G=(none)   M=ppClcDlg ACBP=A9
 0001:000485AC 0000000E C=CODE     S=.text    G=(none)   M=ppMemDlg ACBP=A9
 0001:000485BC 0000000E C=CODE     S=.text    G=(none)   M=ppAbout  ACBP=A9
 0001:000485CC 0000000E C=CODE     S=.text    G=(none)   M=ppGrdDlg ACBP=A9
 0001:000485DC 0000000E C=CODE     S=.text    G=(none)   M=ppFmtDlg ACBP=A9
 0001:000485EC 0000000E C=CODE     S=.text    G=(none)   M=ppGrpDlg ACBP=A9
 0001:000485FC 0000000E C=CODE     S=.text    G=(none)   M=ppTxtDlg ACBP=A9
 0001:0004860C 0000000E C=CODE     S=.text    G=(none)   M=ppPgSdlg ACBP=A9
 0001:0004861C 0000000E C=CODE     S=.text    G=(none)   M=ppRichEd ACBP=A9
 0001:0004862C 00000ACC C=CODE     S=.text    G=(none)   M=EtvPages ACBP=A9
 0001:000490F8 0000196D C=CODE     S=.text    G=(none)   M=XDBForms ACBP=A9
 0001:0004AA68 000007B8 C=CODE     S=.text    G=(none)   M=FEdIFNs  ACBP=A9
 0001:0004B220 00001D44 C=CODE     S=.text    G=(none)   M=FSetInq  ACBP=A9
 0001:0004CF64 00000DAC C=CODE     S=.text    G=(none)   M=FSetReps ACBP=A9
 0001:0004DD10 0000004E C=CODE     S=.text    G=(none)   M=CheckLst ACBP=A9
 0001:0004DD60 00000046 C=CODE     S=.text    G=(none)   M=RXCtrls  ACBP=A9
 0001:0004DDA8 0000000E C=CODE     S=.text    G=(none)   M=RxTimer  ACBP=A9
 0001:0004DDB8 000006F0 C=CODE     S=.text    G=(none)   M=XCtrls   ACBP=A9
 0001:0004E4A8 00000096 C=CODE     S=.text    G=(none)   M=ToolEdit ACBP=A9
 0001:0004E540 0000000E C=CODE     S=.text    G=(none)   M=PickDate ACBP=A9
 0001:0004E550 00000086 C=CODE     S=.text    G=(none)   M=RXDBCtrl ACBP=A9
 0001:0004E5D8 00000026 C=CODE     S=.text    G=(none)   M=CurrEdit ACBP=A9
 0001:0004E600 0000000E C=CODE     S=.text    G=(none)   M=RxCalc   ACBP=A9
 0001:0004E610 0000029C C=CODE     S=.text    G=(none)   M=EtvRXCtl ACBP=A9
 0001:0004E8AC 000003BC C=CODE     S=.text    G=(none)   M=Splash   ACBP=A9
 0001:0004EC68 00001258 C=CODE     S=.text    G=(none)   M=TlsForm  ACBP=A9
 0001:0004FEC0 00003C92 C=CODE     S=.text    G=(none)   M=XECtrls  ACBP=A9
 0001:00053B54 000008E4 C=CODE     S=.text    G=(none)   M=BEForms  ACBP=A9
 0001:00054438 0000000E C=CODE     S=.text    G=(none)   M=OleCtrls ACBP=A9
 0001:00054448 0000000E C=CODE     S=.text    G=(none)   M=AxCtrls  ACBP=A9
 0001:00054458 0000000E C=CODE     S=.text    G=(none)   M=OleConst ACBP=A9
 0001:00054468 00000038 C=CODE     S=.text    G=(none)   M=Office_TLB ACBP=A9
 0001:000544A0 00000038 C=CODE     S=.text    G=(none)   M=VBIDE_TLB ACBP=A9
 0001:000544D8 00000124 C=CODE     S=.text    G=(none)   M=Excel_TLB ACBP=A9
 0001:000545FC 00003DE8 C=CODE     S=.text    G=(none)   M=ExpExcel ACBP=A9
 0001:000583E4 0000072E C=CODE     S=.text    G=(none)   M=XLnkPipe ACBP=A9
 0001:00058B14 00004207 C=CODE     S=.text    G=(none)   M=LnkSet   ACBP=A9
 0001:0005CD1C 00000968 C=CODE     S=.text    G=(none)   M=XTools   ACBP=A9
 0001:0005D684 0000066E C=CODE     S=.text    G=(none)   M=XForms   ACBP=A9
 0001:0005DCF4 00002B22 C=CODE     S=.text    G=(none)   M=XTFC     ACBP=A9
 0001:00060818 00007659 C=CODE     S=.text    G=(none)   M=XDBTFC   ACBP=A9
 0001:00067E74 000053E4 C=CODE     S=.text    G=(none)   M=LnkMisc  ACBP=A9
 0001:0006D258 0000221E C=CODE     S=.text    G=(none)   M=XReports ACBP=A9
 0001:0006F478 00000CA3 C=CODE     S=.text    G=(none)   M=XApps    ACBP=A9
 0001:0007011C 00000247 C=CODE     S=.text    G=(none)   M=SaErrors ACBP=A9
 0001:00070364 00000602 C=CODE     S=.text    G=(none)   M=XEFields ACBP=A9
 0001:00070968 000010B8 C=CODE     S=.text    G=(none)   M=MdGeography ACBP=A9
 0001:00071A20 000010D8 C=CODE     S=.text    G=(none)   M=EtvRus   ACBP=A9
 0001:00072AF8 0000000E C=CODE     S=.text    G=(none)   M=RxMemDS  ACBP=A9
 0001:00072B08 00000086 C=CODE     S=.text    G=(none)   M=ppModule ACBP=A9
 0001:00072B90 0000005C C=CODE     S=.text    G=(none)   M=daDB     ACBP=A9
 0001:00072BEC 0000004C C=CODE     S=.text    G=(none)   M=daDataVw ACBP=A9
 0001:00072C38 00000350 C=CODE     S=.text    G=(none)   M=daDatMod ACBP=A9
 0001:00072F88 00000050 C=CODE     S=.text    G=(none)   M=jconsts  ACBP=A9
 0001:00072FD8 00013810 C=CODE     S=.text    G=(none)   M=jpeg     ACBP=A9
 0001:000867E8 000004C0 C=CODE     S=.text    G=(none)   M=XSBForm  ACBP=A9
 0001:00086CA8 000003B8 C=CODE     S=.text    G=(none)   M=DiDate   ACBP=A9
 0001:00087060 000001C0 C=CODE     S=.text    G=(none)   M=ABEForms ACBP=A9
 0001:00087220 000001E4 C=CODE     S=.text    G=(none)   M=BBEForms ACBP=A9
 0001:00087404 000002E4 C=CODE     S=.text    G=(none)   M=MBEForms ACBP=A9
 0001:000876E8 0000081C C=CODE     S=.text    G=(none)   M=PopupTr  ACBP=A9
 0001:00087F04 0000373C C=CODE     S=.text    G=(none)   M=Vg       ACBP=A9
 0001:0008B640 00000038 C=CODE     S=.text    G=(none)   M=EtvForms ACBP=A9
 0001:0008B678 00000714 C=CODE     S=.text    G=(none)   M=EtvView  ACBP=A9
 0001:0008BD8C 000040C4 C=CODE     S=.text    G=(none)   M=EtvShb   ACBP=A9
 0001:0008FE50 00000016 C=CODE     S=.text    G=(none)   M=RXSwitch ACBP=A9
 0001:0008FE68 000005C5 C=CODE     S=.text    G=(none)   M=XETrees  ACBP=A9
 0001:00090430 00000308 C=CODE     S=.text    G=(none)   M=PriceDlg ACBP=A9
 0001:00090738 0000022C C=CODE     S=.text    G=(none)   M=DlgOneDate ACBP=A9
 0001:00090964 00003FA4 C=CODE     S=.text    G=(none)   M=Prod     ACBP=A9
 0001:00094908 000002FC C=CODE     S=.text    G=(none)   M=DlgUnLock ACBP=A9
 0001:00094C04 00000A20 C=CODE     S=.text    G=(none)   M=Person2  ACBP=A9
 0001:00095624 00000B04 C=CODE     S=.text    G=(none)   M=EtvClone ACBP=A9
 0001:00096128 000004F8 C=CODE     S=.text    G=(none)   M=DlgClient ACBP=A9
 0001:00096620 0000000E C=CODE     S=.text    G=(none)   M=RXSplit  ACBP=A9
 0001:00096630 0000081C C=CODE     S=.text    G=(none)   M=Materials ACBP=A9
 0001:00096E4C 00003A8C C=CODE     S=.text    G=(none)   M=MInvoice ACBP=A9
 0001:0009A8D8 00000CF0 C=CODE     S=.text    G=(none)   M=MdContr  ACBP=A9
 0001:0009B5C8 00000026 C=CODE     S=.text    G=(none)   M=RXSpin   ACBP=A9
 0001:0009B5F0 00000590 C=CODE     S=.text    G=(none)   M=MInvoiceCheckSS ACBP=A9
 0001:0009BB80 000001CC C=CODE     S=.text    G=(none)   M=MInvoiceDragInfo ACBP=A9
 0001:0009BD4C 00000280 C=CODE     S=.text    G=(none)   M=MServiceUnit ACBP=A9
 0001:0009BFCC 0000057C C=CODE     S=.text    G=(none)   M=MFaktura ACBP=A9
 0001:0009C548 00000038 C=CODE     S=.text    G=(none)   M=selectBox ACBP=A9
 0001:0009C580 0001F380 C=CODE     S=.text    G=(none)   M=mdMaterials ACBP=A9
 0001:000BB900 0000037C C=CODE     S=.text    G=(none)   M=DlgAct   ACBP=A9
 0001:000BBC7C 00000038 C=CODE     S=.text    G=(none)   M=GksmCons ACBP=A9
 0001:000BBCB4 00001860 C=CODE     S=.text    G=(none)   M=PayDoc   ACBP=A9
 0001:000BD514 00002F98 C=CODE     S=.text    G=(none)   M=MdPays   ACBP=A9
 0001:000C04AC 00011758 C=CODE     S=.text    G=(none)   M=MdClientsAdd ACBP=A9
 0001:000D1C04 00000980 C=CODE     S=.text    G=(none)   M=Orgs     ACBP=A9
 0001:000D2584 000027E4 C=CODE     S=.text    G=(none)   M=MdOrgs   ACBP=A9
 0001:000D4D68 00000BE4 C=CODE     S=.text    G=(none)   M=Workers  ACBP=A9
 0001:000D594C 00007ECC C=CODE     S=.text    G=(none)   M=MdWorkers ACBP=A9
 0001:000DD818 00003A78 C=CODE     S=.text    G=(none)   M=Invoice  ACBP=A9
 0001:000E1290 00000ADC C=CODE     S=.text    G=(none)   M=ProdPlan ACBP=A9
 0001:000E1D6C 00006000 C=CODE     S=.text    G=(none)   M=MdProd   ACBP=A9
 0001:000E7D6C 000004B0 C=CODE     S=.text    G=(none)   M=MdShop   ACBP=A9
 0001:000E821C 00000F2C C=CODE     S=.text    G=(none)   M=SForm    ACBP=A9
 0001:000E9148 000003E0 C=CODE     S=.text    G=(none)   M=FactureVAT ACBP=A9
 0001:000E9528 00014238 C=CODE     S=.text    G=(none)   M=MdInvc   ACBP=A9
 0001:000FD760 0000A5DC C=CODE     S=.text    G=(none)   M=MdCommon ACBP=A9
 0001:00107D3C 00002C48 C=CODE     S=.text    G=(none)   M=MdBase   ACBP=A9
 0001:0010A984 000003E0 C=CODE     S=.text    G=(none)   M=Bank     ACBP=A9
 0001:0010AD64 0000027C C=CODE     S=.text    G=(none)   M=ProdMat  ACBP=A9
 0001:0010AFE0 000001FC C=CODE     S=.text    G=(none)   M=Tare     ACBP=A9
 0001:0010B1DC 000002B4 C=CODE     S=.text    G=(none)   M=ContrProd ACBP=A9
 0001:0010B490 00000500 C=CODE     S=.text    G=(none)   M=Contract ACBP=A9
 0001:0010B990 000002C0 C=CODE     S=.text    G=(none)   M=Shop     ACBP=A9
 0001:0010BC50 00000038 C=CODE     S=.text    G=(none)   M=MInvoiceCalc ACBP=A9
 0001:0010BC88 00000648 C=CODE     S=.text    G=(none)   M=Person   ACBP=A9
 0001:0010C2D0 000004C0 C=CODE     S=.text    G=(none)   M=Facture  ACBP=A9
 0001:0010C790 0000055C C=CODE     S=.text    G=(none)   M=WorkTime ACBP=A9
 0001:0010CCEC 00000EC8 C=CODE     S=.text    G=(none)   M=KSMProj  ACBP=A9
 0002:00000000 00000018 C=DATA     S=.data    G=DGROUP   M=SysInit  ACBP=A9
 0002:00000018 00000008 C=DATA     S=.data    G=DGROUP   M=XMisc    ACBP=A9
 0002:00000020 00000004 C=DATA     S=.data    G=DGROUP   M=EtvTable ACBP=A9
 0002:00000024 00000008 C=DATA     S=.data    G=DGROUP   M=XDBMisc  ACBP=A9
 0002:0000002C 00000008 C=DATA     S=.data    G=DGROUP   M=vgUtils  ACBP=A9
 0002:00000034 00000008 C=DATA     S=.data    G=DGROUP   M=Misc     ACBP=A9
 0002:0000003C 00000004 C=DATA     S=.data    G=DGROUP   M=LnTables ACBP=A9
 0002:00000040 00000008 C=DATA     S=.data    G=DGROUP   M=EtvPrint ACBP=A9
 0002:00000048 00000014 C=DATA     S=.data    G=DGROUP   M=EtvGrid  ACBP=A9
 0002:0000005C 00000018 C=DATA     S=.data    G=DGROUP   M=FVisDisp ACBP=A9
 0002:00000074 00000001 C=DATA     S=.data    G=DGROUP   M=XTxtPrn  ACBP=A9
 0002:00000078 00000001 C=DATA     S=.data    G=DGROUP   M=XPDlg    ACBP=A9
 0002:0000007C 00000010 C=DATA     S=.data    G=DGROUP   M=XPrlDlg  ACBP=A9
 0002:0000008C 00000004 C=DATA     S=.data    G=DGROUP   M=XRepLays ACBP=A9
 0002:00000090 00000004 C=DATA     S=.data    G=DGROUP   M=XSplash  ACBP=A9
 0002:00000094 00000004 C=DATA     S=.data    G=DGROUP   M=XAbout   ACBP=A9
 0002:00000098 00000010 C=DATA     S=.data    G=DGROUP   M=Excel_TLB ACBP=A9
 0002:000000A8 00000014 C=DATA     S=.data    G=DGROUP   M=XTFC     ACBP=A9
 0002:000000BC 0000000C C=DATA     S=.data    G=DGROUP   M=XApps    ACBP=A9
 0002:000000C8 00000004 C=DATA     S=.data    G=DGROUP   M=XEFields ACBP=A9
 0002:000000CC 0000063C C=DATA     S=.data    G=DGROUP   M=EtvRus   ACBP=A9
 0002:00000708 00000008 C=DATA     S=.data    G=DGROUP   M=daDB     ACBP=A9
 0002:00000710 00000004 C=DATA     S=.data    G=DGROUP   M=daDataVw ACBP=A9
 0002:00000714 000008F8 C=DATA     S=.data    G=DGROUP   M=jpeg     ACBP=A9
 0002:0000100C 00000054 C=DATA     S=.data    G=DGROUP   M=Prod     ACBP=A9
 0002:00001060 0000006C C=DATA     S=.data    G=DGROUP   M=mdMaterials ACBP=A9
 0002:000010CC 00000007 C=DATA     S=.data    G=DGROUP   M=MdClientsAdd ACBP=A9
 0002:000010D4 00000001 C=DATA     S=.data    G=DGROUP   M=Invoice  ACBP=A9
 0002:000010D8 00000011 C=DATA     S=.data    G=DGROUP   M=MdInvc   ACBP=A9
 0002:000010EC 00000015 C=DATA     S=.data    G=DGROUP   M=MdCommon ACBP=A9
 0002:00001104 00000004 C=DATA     S=.data    G=DGROUP   M=MdBase   ACBP=A9
 0002:00002000 0000000C C=BSS      S=.bss     G=DGROUP   M=SysInit  ACBP=A9
 0002:0000200C 00000004 C=BSS      S=.bss     G=DGROUP   M=Commctrl ACBP=A9
 0002:00002010 00000004 C=BSS      S=.bss     G=DGROUP   M=Messages ACBP=A9
 0002:00002014 00000004 C=BSS      S=.bss     G=DGROUP   M=Windows  ACBP=A9
 0002:00002018 00000004 C=BSS      S=.bss     G=DGROUP   M=Imm      ACBP=A9
 0002:0000201C 00000004 C=BSS      S=.bss     G=DGROUP   M=WinSpool ACBP=A9
 0002:00002020 00000004 C=BSS      S=.bss     G=DGROUP   M=CommDlg  ACBP=A9
 0002:00002024 00000004 C=BSS      S=.bss     G=DGROUP   M=Dlgs     ACBP=A9
 0002:00002028 00000004 C=BSS      S=.bss     G=DGROUP   M=RichEdit ACBP=A9
 0002:0000202C 00000004 C=BSS      S=.bss     G=DGROUP   M=XCracks  ACBP=A9
 0002:00002030 00000010 C=BSS      S=.bss     G=DGROUP   M=XMisc    ACBP=A9
 0002:00002040 00000004 C=BSS      S=.bss     G=DGROUP   M=EtvConst ACBP=A9
 0002:00002044 00000004 C=BSS      S=.bss     G=DGROUP   M=EtvPas   ACBP=A9
 0002:00002048 00000054 C=BSS      S=.bss     G=DGROUP   M=EtvOther ACBP=A9
 0002:0000209C 00000004 C=BSS      S=.bss     G=DGROUP   M=DiDual   ACBP=A9
 0002:000020A0 00000008 C=BSS      S=.bss     G=DGROUP   M=EtvDBFun ACBP=A9
 0002:000020A8 00000008 C=BSS      S=.bss     G=DGROUP   M=DiAdv    ACBP=A9
 0002:000020B0 0000000C C=BSS      S=.bss     G=DGROUP   M=EtvDB    ACBP=A9
 0002:000020BC 00000004 C=BSS      S=.bss     G=DGROUP   M=EtvMem   ACBP=A9
 0002:000020C0 00000004 C=BSS      S=.bss     G=DGROUP   M=EtvBor   ACBP=A9
 0002:000020C4 00000008 C=BSS      S=.bss     G=DGROUP   M=EtvTable ACBP=A9
 0002:000020CC 00000018 C=BSS      S=.bss     G=DGROUP   M=EtvLook  ACBP=A9
 0002:000020E4 00000010 C=BSS      S=.bss     G=DGROUP   M=EtvPopup ACBP=A9
 0002:000020F4 00000008 C=BSS      S=.bss     G=DGROUP   M=EtvTemp  ACBP=A9
 0002:000020FC 00000004 C=BSS      S=.bss     G=DGROUP   M=EtvContr ACBP=A9
 0002:00002100 00000004 C=BSS      S=.bss     G=DGROUP   M=Filter   ACBP=A9
 0002:00002104 00000004 C=BSS      S=.bss     G=DGROUP   M=EtvFilt  ACBP=A9
 0002:00002108 00000004 C=BSS      S=.bss     G=DGROUP   M=Pasw     ACBP=A9
 0002:0000210C 00000004 C=BSS      S=.bss     G=DGROUP   M=EtvDBase ACBP=A9
 0002:00002110 00000004 C=BSS      S=.bss     G=DGROUP   M=LnPasw   ACBP=A9
 0002:00002114 00000008 C=BSS      S=.bss     G=DGROUP   M=DualFunc ACBP=A9
 0002:0000211C 00000008 C=BSS      S=.bss     G=DGROUP   M=EtvList  ACBP=A9
 0002:00002124 0000000C C=BSS      S=.bss     G=DGROUP   M=XDBMisc  ACBP=A9
 0002:00002130 00000004 C=BSS      S=.bss     G=DGROUP   M=vgVCLRes ACBP=A9
 0002:00002134 0000001C C=BSS      S=.bss     G=DGROUP   M=vgUtils  ACBP=A9
 0002:00002150 00000004 C=BSS      S=.bss     G=DGROUP   M=Misc     ACBP=A9
 0002:00002154 00000008 C=BSS      S=.bss     G=DGROUP   M=LnTables ACBP=A9
 0002:0000215C 00000008 C=BSS      S=.bss     G=DGROUP   M=EtvPrint ACBP=A9
 0002:00002164 00000008 C=BSS      S=.bss     G=DGROUP   M=DiPrint  ACBP=A9
 0002:0000216C 00000010 C=BSS      S=.bss     G=DGROUP   M=EtvGrid  ACBP=A9
 0002:0000217C 00000004 C=BSS      S=.bss     G=DGROUP   M=ShlObj   ACBP=A9
 0002:00002180 00000004 C=BSS      S=.bss     G=DGROUP   M=UrlMon   ACBP=A9
 0002:00002184 00000004 C=BSS      S=.bss     G=DGROUP   M=WinInet  ACBP=A9
 0002:00002188 00000004 C=BSS      S=.bss     G=DGROUP   M=RegStr   ACBP=A9
 0002:0000218C 00000004 C=BSS      S=.bss     G=DGROUP   M=ShellAPI ACBP=A9
 0002:00002190 00000004 C=BSS      S=.bss     G=DGROUP   M=SrcIndex ACBP=A9
 0002:00002194 00000004 C=BSS      S=.bss     G=DGROUP   M=FVisDisp ACBP=A9
 0002:00002198 00000004 C=BSS      S=.bss     G=DGROUP   M=FindDlgc ACBP=A9
 0002:0000219C 00000005 C=BSS      S=.bss     G=DGROUP   M=XTxtPrn  ACBP=A9
 0002:000021A4 00000004 C=BSS      S=.bss     G=DGROUP   M=XTxtDev  ACBP=A9
 0002:000021A8 00000004 C=BSS      S=.bss     G=DGROUP   M=XPDlg    ACBP=A9
 0002:000021AC 00000004 C=BSS      S=.bss     G=DGROUP   M=XPrevDlg ACBP=A9
 0002:000021B0 00000004 C=BSS      S=.bss     G=DGROUP   M=XPrlDlg  ACBP=A9
 0002:000021B4 00000004 C=BSS      S=.bss     G=DGROUP   M=EtvPpCtl ACBP=A9
 0002:000021B8 00000006 C=BSS      S=.bss     G=DGROUP   M=XRepLays ACBP=A9
 0002:000021C0 00000004 C=BSS      S=.bss     G=DGROUP   M=XSplash  ACBP=A9
 0002:000021C4 00000004 C=BSS      S=.bss     G=DGROUP   M=XAbout   ACBP=A9
 0002:000021C8 00000004 C=BSS      S=.bss     G=DGROUP   M=UsersSet ACBP=A9
 0002:000021CC 00000004 C=BSS      S=.bss     G=DGROUP   M=EtvPages ACBP=A9
 0002:000021D0 00000008 C=BSS      S=.bss     G=DGROUP   M=XDBForms ACBP=A9
 0002:000021D8 00000008 C=BSS      S=.bss     G=DGROUP   M=FEdIFNs  ACBP=A9
 0002:000021E0 00000008 C=BSS      S=.bss     G=DGROUP   M=FSetInq  ACBP=A9
 0002:000021E8 00000008 C=BSS      S=.bss     G=DGROUP   M=FSetReps ACBP=A9
 0002:000021F0 00000004 C=BSS      S=.bss     G=DGROUP   M=XCtrls   ACBP=A9
 0002:000021F4 00000004 C=BSS      S=.bss     G=DGROUP   M=EtvRXCtl ACBP=A9
 0002:000021F8 00000004 C=BSS      S=.bss     G=DGROUP   M=Splash   ACBP=A9
 0002:000021FC 00000004 C=BSS      S=.bss     G=DGROUP   M=TlsForm  ACBP=A9
 0002:00002200 00000009 C=BSS      S=.bss     G=DGROUP   M=XECtrls  ACBP=A9
 0002:0000220C 00000008 C=BSS      S=.bss     G=DGROUP   M=BEForms  ACBP=A9
 0002:00002214 00000004 C=BSS      S=.bss     G=DGROUP   M=Office_TLB ACBP=A9
 0002:00002218 00000004 C=BSS      S=.bss     G=DGROUP   M=VBIDE_TLB ACBP=A9
 0002:0000221C 00000004 C=BSS      S=.bss     G=DGROUP   M=Excel_TLB ACBP=A9
 0002:00002220 0000000C C=BSS      S=.bss     G=DGROUP   M=ExpExcel ACBP=A9
 0002:0000222C 00000004 C=BSS      S=.bss     G=DGROUP   M=XLnkPipe ACBP=A9
 0002:00002230 0000000C C=BSS      S=.bss     G=DGROUP   M=LnkSet   ACBP=A9
 0002:0000223C 00000004 C=BSS      S=.bss     G=DGROUP   M=XTools   ACBP=A9
 0002:00002240 00000004 C=BSS      S=.bss     G=DGROUP   M=XForms   ACBP=A9
 0002:00002244 00000008 C=BSS      S=.bss     G=DGROUP   M=XTFC     ACBP=A9
 0002:0000224C 00000018 C=BSS      S=.bss     G=DGROUP   M=XDBTFC   ACBP=A9
 0002:00002264 00000004 C=BSS      S=.bss     G=DGROUP   M=LnkMisc  ACBP=A9
 0002:00002268 00000004 C=BSS      S=.bss     G=DGROUP   M=XReports ACBP=A9
 0002:0000226C 00000014 C=BSS      S=.bss     G=DGROUP   M=XApps    ACBP=A9
 0002:00002280 00000008 C=BSS      S=.bss     G=DGROUP   M=SaErrors ACBP=A9
 0002:00002288 00000004 C=BSS      S=.bss     G=DGROUP   M=XEFields ACBP=A9
 0002:0000228C 00000008 C=BSS      S=.bss     G=DGROUP   M=MdGeography ACBP=A9
 0002:00002294 00000005 C=BSS      S=.bss     G=DGROUP   M=EtvRus   ACBP=A9
 0002:0000229C 00000004 C=BSS      S=.bss     G=DGROUP   M=daDB     ACBP=A9
 0002:000022A0 00000004 C=BSS      S=.bss     G=DGROUP   M=daDataVw ACBP=A9
 0002:000022A4 00000004 C=BSS      S=.bss     G=DGROUP   M=daDatMod ACBP=A9
 0002:000022A8 00000004 C=BSS      S=.bss     G=DGROUP   M=jconsts  ACBP=A9
 0002:000022AC 00000004 C=BSS      S=.bss     G=DGROUP   M=jpeg     ACBP=A9
 0002:000022B0 00000004 C=BSS      S=.bss     G=DGROUP   M=XSBForm  ACBP=A9
 0002:000022B4 00000008 C=BSS      S=.bss     G=DGROUP   M=DiDate   ACBP=A9
 0002:000022BC 00000004 C=BSS      S=.bss     G=DGROUP   M=ABEForms ACBP=A9
 0002:000022C0 00000004 C=BSS      S=.bss     G=DGROUP   M=BBEForms ACBP=A9
 0002:000022C4 00000004 C=BSS      S=.bss     G=DGROUP   M=MBEForms ACBP=A9
 0002:000022C8 00000008 C=BSS      S=.bss     G=DGROUP   M=PopupTr  ACBP=A9
 0002:000022D0 00000008 C=BSS      S=.bss     G=DGROUP   M=Vg       ACBP=A9
 0002:000022D8 00000004 C=BSS      S=.bss     G=DGROUP   M=EtvForms ACBP=A9
 0002:000022DC 00000008 C=BSS      S=.bss     G=DGROUP   M=EtvView  ACBP=A9
 0002:000022E4 00000004 C=BSS      S=.bss     G=DGROUP   M=EtvShb   ACBP=A9
 0002:000022E8 00000008 C=BSS      S=.bss     G=DGROUP   M=XETrees  ACBP=A9
 0002:000022F0 00000004 C=BSS      S=.bss     G=DGROUP   M=PriceDlg ACBP=A9
 0002:000022F4 00000008 C=BSS      S=.bss     G=DGROUP   M=DlgOneDate ACBP=A9
 0002:000022FC 00000028 C=BSS      S=.bss     G=DGROUP   M=Prod     ACBP=A9
 0002:00002324 00000008 C=BSS      S=.bss     G=DGROUP   M=DlgUnLock ACBP=A9
 0002:0000232C 00000004 C=BSS      S=.bss     G=DGROUP   M=Person2  ACBP=A9
 0002:00002330 00000004 C=BSS      S=.bss     G=DGROUP   M=EtvClone ACBP=A9
 0002:00002334 00000008 C=BSS      S=.bss     G=DGROUP   M=DlgClient ACBP=A9
 0002:0000233C 00000004 C=BSS      S=.bss     G=DGROUP   M=Materials ACBP=A9
 0002:00002340 00000008 C=BSS      S=.bss     G=DGROUP   M=MInvoice ACBP=A9
 0002:00002348 00000008 C=BSS      S=.bss     G=DGROUP   M=MdContr  ACBP=A9
 0002:00002350 00000008 C=BSS      S=.bss     G=DGROUP   M=MInvoiceCheckSS ACBP=A9
 0002:00002358 00000008 C=BSS      S=.bss     G=DGROUP   M=MInvoiceDragInfo ACBP=A9
 0002:00002360 00000008 C=BSS      S=.bss     G=DGROUP   M=MServiceUnit ACBP=A9
 0002:00002368 00000004 C=BSS      S=.bss     G=DGROUP   M=MFaktura ACBP=A9
 0002:0000236C 00000004 C=BSS      S=.bss     G=DGROUP   M=selectBox ACBP=A9
 0002:00002370 000000EC C=BSS      S=.bss     G=DGROUP   M=mdMaterials ACBP=A9
 0002:0000245C 00000008 C=BSS      S=.bss     G=DGROUP   M=DlgAct   ACBP=A9
 0002:00002464 00000004 C=BSS      S=.bss     G=DGROUP   M=GksmCons ACBP=A9
 0002:00002468 00000004 C=BSS      S=.bss     G=DGROUP   M=PayDoc   ACBP=A9
 0002:0000246C 00000008 C=BSS      S=.bss     G=DGROUP   M=MdPays   ACBP=A9
 0002:00002474 00000108 C=BSS      S=.bss     G=DGROUP   M=MdClientsAdd ACBP=A9
 0002:0000257C 00000004 C=BSS      S=.bss     G=DGROUP   M=Orgs     ACBP=A9
 0002:00002580 00000009 C=BSS      S=.bss     G=DGROUP   M=MdOrgs   ACBP=A9
 0002:0000258C 00000004 C=BSS      S=.bss     G=DGROUP   M=Workers  ACBP=A9
 0002:00002590 00000029 C=BSS      S=.bss     G=DGROUP   M=MdWorkers ACBP=A9
 0002:000025BC 00000018 C=BSS      S=.bss     G=DGROUP   M=Invoice  ACBP=A9
 0002:000025D4 00000004 C=BSS      S=.bss     G=DGROUP   M=ProdPlan ACBP=A9
 0002:000025D8 00000070 C=BSS      S=.bss     G=DGROUP   M=MdProd   ACBP=A9
 0002:00002648 00000008 C=BSS      S=.bss     G=DGROUP   M=MdShop   ACBP=A9
 0002:00002650 00000008 C=BSS      S=.bss     G=DGROUP   M=SForm    ACBP=A9
 0002:00002658 00000004 C=BSS      S=.bss     G=DGROUP   M=FactureVAT ACBP=A9
 0002:0000265C 000000C4 C=BSS      S=.bss     G=DGROUP   M=MdInvc   ACBP=A9
 0002:00002720 00000086 C=BSS      S=.bss     G=DGROUP   M=MdCommon ACBP=A9
 0002:000027A8 0000004C C=BSS      S=.bss     G=DGROUP   M=MdBase   ACBP=A9
 0002:000027F4 00000004 C=BSS      S=.bss     G=DGROUP   M=Bank     ACBP=A9
 0002:000027F8 00000004 C=BSS      S=.bss     G=DGROUP   M=ProdMat  ACBP=A9
 0002:000027FC 00000004 C=BSS      S=.bss     G=DGROUP   M=Tare     ACBP=A9
 0002:00002800 00000004 C=BSS      S=.bss     G=DGROUP   M=ContrProd ACBP=A9
 0002:00002804 00000004 C=BSS      S=.bss     G=DGROUP   M=Contract ACBP=A9
 0002:00002808 00000004 C=BSS      S=.bss     G=DGROUP   M=Shop     ACBP=A9
 0002:0000280C 00000004 C=BSS      S=.bss     G=DGROUP   M=MInvoiceCalc ACBP=A9
 0002:00002810 00000004 C=BSS      S=.bss     G=DGROUP   M=Person   ACBP=A9
 0002:00002814 00000004 C=BSS      S=.bss     G=DGROUP   M=Facture  ACBP=A9
 0002:00002818 00000004 C=BSS      S=.bss     G=DGROUP   M=WorkTime ACBP=A9


  Address         Publics by Name

 0001:0007AC10       .
 0001:00079908       .
 0001:0007B2E8       .
 0002:000008A0       .
 0001:0007C384       .
 0001:0007C964       .
 0001:0007C678       .
 0001:00078CB0       .
 0002:000009AC       .
 0001:00078704       .
 0001:0007E41C       .
 0001:00078118       .
 0002:00000820       .
 0001:00077688       .
 0002:000007A0       .
 0001:00080058       .
 0001:0008016C       .
 0002:00000BAC       .
 0001:000768BC       .
 0001:00080FF8       .
 0001:00076188       .
 0001:000817E4       .
 0001:00075CC8       .
 0001:0008231C       .
 0001:00075760       .
 0001:00082478       .
 0001:00085B7C       .
 0001:00084714       .
 0002:00000790       .
 0002:00000F4C       .
 0001:000829B4       .
 0001:00074B00       .
 0001:000831E4       .
 0001:0008386C       .
 0001:00084194       .
 0002:00002204       .01
 0002:00002040       .1
 0002:00002150       .1
 0002:00002008       .1
 0002:000020A0       .1
 0002:000020F8       .1
 0002:00002124       .1
 0002:000022A8       .1
 0002:00002044       .1
 0002:00002098       .1
 0002:00002294       .1
 0002:00002464       .1
 0002:000022C4       .2
 0002:000027FC       .2
 0002:0000264C       .2
 0002:000022B0       .2
 0002:00002800       .2
 0002:00002654       .2
 0002:00002804       .2
 0002:000027F8       .2
 0002:000022F0       .2
 0002:000027F4       .2
 0002:000022F8       .2
 0002:000022FC       .2
 0002:000022B8       .2
 0002:00002808       .2
 0002:00002328       .2
 0002:000022E8       .2
 0002:0000209C       .2
 0002:0000232C       .2
 0002:00002330       .2
 0002:00002338       .2
 0002:0000233C       .2
 0002:00002344       .2
 0002:0000280C       .2
 0002:000027F0       .2
 0002:000022E0       .2
 0002:00002814       .2
 0002:000020A8       .2
 0002:0000234C       .2
 0002:00002354       .2
 0002:0000235C       .2
 0002:00002584       .2
 0002:00002364       .2
 0002:00002368       .2
 0002:0000236C       .2
 0002:0000258C       .2
 0002:000022BC       .2
 0002:00002810       .2
 0002:0000257C       .2
 0002:00002164       .2
 0002:00002594       .2
 0002:00002734       .2
 0002:00002818       .2
 0002:00002460       .2
 0002:00002284       .2
 0002:00002478       .2
 0002:000025D4       .2
 0002:000022C0       .2
 0002:000020BC       .2
 0002:00002614       .2
 0002:000025C0       .2
 0002:00002470       .2
 0002:00002468       .2
 0002:00002658       .2
 0002:00002290       .2
 0002:0000215C       .3
 0002:00002378       .3
 0002:00002288       .3
 0002:000021CC       .3
 0002:00002100       .3
 0002:000026D4       .3
 0002:000020FC       .3
 0002:000022D8       .3
 0002:000022AC       .3
 0002:000020CC       .31
 0002:000020C4       .4
 0002:0000211C       .4
 0002:000020C0       .41
 0002:000020E4       .5
 0002:00002104       .8
 0002:000020B4       .8
 0002:000022E4       .8
 0002:0000216C       .9
 0001:00000068       @AbstractError
 0001:00000150       @AfterConstruction
 0001:000000F0       @AsClass
 0001:00000438       @Assign
 0001:00000088       @AStrCmp
 0001:00000158       @BeforeDestruction
 0001:000000A8       @BoundErr
 0001:000000F8       @CallDynaInst
 0001:00000428       @CheckAutoResult
 0001:00000140       @ClassCreate
 0001:00000148       @ClassDestroy
 0001:00000448       @Close
 0001:00000020       @Copy
 0001:00000290       @DispInvoke
 0001:00000188       @DoneExcept
 0001:000003F0       @DynArrayAsg
 0001:000003E8       @DynArrayClear
 0001:000003D8       @DynArrayHigh
 0001:000003E0       @DynArraySetLength
 0001:00000450       @EofText
 0001:00000090       @FillChar
 0001:00000288       @FinalizeArray
 0001:00000100       @FindDynaInst
 0001:00000440       @Flush
 0001:00000050       @FRAC
 0001:00000008       @FreeMem
 0001:00000000       @GetMem
 0001:000001A0       @Halt0
 0001:00000160       @HandleAnyException
 0001:00000170       @HandleFinally
 0001:00000168       @HandleOnException
 0001:000004FC       @InitExe
 0001:00000280       @InitializeArray
 0001:00000420       @IntfCast
 0001:00000410       @IntfClear
 0001:00000418       @IntfCopy
 0001:00000430       @IntfDispCall
 0001:000000E8       @IsClass
 0001:0007FFCC       @jcopy_block_row
 0001:0007FF80       @jcopy_sample_rows
 0001:00079874       @jinit_1pass_quantizer
 0001:0007AAF0       @jinit_2pass_quantizer
 0001:00083620       @jinit_color_converter
 0001:00078AE4       @jinit_color_deconverter
 0001:00080F48       @jinit_compress_master
 0001:0008311C       @jinit_c_coef_controller
 0001:000823F4       @jinit_c_main_controller
 0001:00082254       @jinit_c_master_control
 0001:0008290C       @jinit_c_prep_controller
 0001:0008400C       @jinit_downsampler
 0001:0007C270       @jinit_d_coef_controller
 0001:0007B208       @jinit_d_main_controller
 0001:0007C5E4       @jinit_d_post_controller
 0001:00084684       @jinit_forward_dct
 0001:000780D8       @jinit_huff_decoder
 0001:000866BC       @jinit_huff_encoder
 0001:00075C80       @jinit_input_controller
 0001:0007C8E8       @jinit_inverse_dct
 0001:0007FEFC       @jinit_marker_reader
 0001:00081798       @jinit_marker_writer
 0001:00076884       @jinit_master_decompress
 0001:00075630       @jinit_memory_mgr
 0001:00078684       @jinit_merged_upsampler
 0001:00077614       @jinit_phuff_decoder
 0001:000851BC       @jinit_phuff_encoder
 0001:0007CE48       @jinit_upsampler
 0001:0007FFDC       @jpeg_abort
 0001:00080040       @jpeg_alloc_huff_table
 0001:00080028       @jpeg_alloc_quant_table
 0001:00085850       @jpeg_fdct_float
 0001:000855E4       @jpeg_fdct_ifast
 0001:00085200       @jpeg_fdct_islow
 0001:000779C0       @jpeg_fill_bit_buffer
 0001:00075734       @jpeg_free_large
 0001:00075724       @jpeg_free_small
 0001:00086400       @jpeg_gen_optimal_table
 0001:0007572C       @jpeg_get_large
 0001:0007571C       @jpeg_get_small
 0001:00077AD0       @jpeg_huff_decode
 0001:0007E3E0       @jpeg_idct_1x1
 0001:0007E204       @jpeg_idct_2x2
 0001:0007DE70       @jpeg_idct_4x4
 0001:0007D060       @jpeg_idct_float
 0001:0007D490       @jpeg_idct_ifast
 0001:0007D89C       @jpeg_idct_islow
 0001:00085D48       @jpeg_make_c_derived_tbl
 0001:000777A8       @jpeg_make_d_derived_tbl
 0001:0007573C       @jpeg_mem_available
 0001:00075758       @jpeg_mem_init
 0001:0007575C       @jpeg_mem_term
 0001:00075748       @jpeg_open_backing_store
 0001:0007FDD0       @jpeg_resync_to_restart
 0001:00080D7C       @jpeg_suppress_tables
 0001:0007FF68       @jround_up
 0001:00000220       @LStrAddRef
 0001:000001B0       @LStrArrayClr
 0001:000001B8       @LStrAsg
 0001:00000200       @LStrCat
 0001:00000208       @LStrCat3
 0001:00000210       @LStrCatN
 0001:000001A8       @LStrClr
 0001:00000218       @LStrCmp
 0001:00000238       @LStrCopy
 0001:00000240       @LStrDelete
 0001:000001E8       @LStrFromArray
 0001:000001D0       @LStrFromChar
 0001:000001D8       @LStrFromPChar
 0001:000001C8       @LStrFromPCharLen
 0001:000001E0       @LStrFromString
 0001:00000248       @LStrInsert
 0001:000001C0       @LStrLAsg
 0001:000001F8       @LStrLen
 0001:00000250       @LStrPos
 0001:00000258       @LStrSetLength
 0001:00000228       @LStrToPChar
 0001:000001F0       @LStrToString
 0001:00000328       @OleVarFromLStr
 0001:00000320       @OleVarFromPStr
 0001:00000330       @OleVarFromVar
 0001:00000078       @PStrCpy
 0001:00000070       @PStrNCat
 0001:00000080       @PStrNCpy
 0001:00000180       @RaiseAgain
 0001:00000178       @RaiseExcept
 0001:00000458       @ReadLn
 0001:00000268       @ReadLString
 0001:00000010       @ReallocMem
 0001:00000460       @ResetText
 0001:00000468       @RewritText
 0001:00000058       @ROUND
 0001:000000A0       @SetUnion
 0001:00000198       @StartExe
 0001:00000470       @Str2Ext
 0001:00000060       @TRUNC
 0001:00000190       @TryFinallyExit
 0001:00000478       @ValExt
 0001:00000098       @ValLong
 0001:00000338       @VarAdd
 0001:00000370       @VarAddRef
 0001:000003C8       @VarArrayGet
 0001:000003D0       @VarArrayPut
 0001:000003B0       @VarArrayRedim
 0001:00000298       @VarClear
 0001:00000368       @VarClr
 0001:00000358       @VarCmp
 0001:000002A0       @VarCopy
 0001:000002E0       @VarFromBool
 0001:000002F8       @VarFromCurr
 0001:00000310       @VarFromDisp
 0001:00000318       @VarFromDynArray
 0001:000002D8       @VarFromInt
 0001:00000308       @VarFromLStr
 0001:00000300       @VarFromPStr
 0001:000002E8       @VarFromReal
 0001:000002F0       @VarFromTDateTime
 0001:00000348       @VarMul
 0001:00000360       @VarNeg
 0001:00000350       @VarRDiv
 0001:00000340       @VarSub
 0001:000002B8       @VarToCurr
 0001:000002D0       @VarToDynArray
 0001:000002A8       @VarToInt
 0001:000002C8       @VarToLStr
 0001:000002C0       @VarToPStr
 0001:000002B0       @VarToReal
 0001:00000260       @Write0LString
 0001:00000270       @WStrClr
 0001:00000278       @WStrFromLStr
 0001:00000018       @_IOTest
 0001:00000488       @_lldiv
 0001:00000480       @_llmul
 0001:0008720C       ABEForms
 0001:0000122C       Abort
 0002:00000094       AboutBox
 0002:000025B8       aCategory
 0002:00002740       AccountD
 0002:00002748       AccountK
 0002:00002500       aClient
 0001:00000A30       ActivateKeyboardLayout
 0001:000008E8       ActiveX
 0001:00000880       ActnList
 0002:0000225C       aCurrentLink
 0002:00002298       aCurType
 0002:00001010       aDate
 0002:000024E0       aDate
 0002:0000260C       aDate
 0002:000027A4       aDay
 0001:00004C20       AddCollection
 0001:00007804       AddFilterCondition
 0001:00001C3C       AddForm
 0001:0008D6CC       AddSum
 0002:000010F0       AFAccount
 0002:00002708       aFactureSumma
 0002:00002700       aFactureSummaVAT
 0002:00002784       AFDateBeg
 0002:00002790       AFDateEnd
 0002:000010FC       AFDebitComboBoxItem
 0002:00001100       AFSection
 0002:000010F8       AFSignComboBox
 0002:00001104       aIdle
 0002:00001018       aKoeff
 0002:00001020       aKoeffExtra
 0002:00001030       aKoeffRateVAT
 0002:00002270       AliasName
 0002:00000048       AlignFlags
 0001:000069FC       AllFieldNames
 0002:000027A2       aMonth
 0001:0002B2A0       AMScaleForm
 0001:0000111C       AnsiCompareStr
 0001:00001124       AnsiCompareText
 0001:00001114       AnsiLowerCase
 0001:0000110C       AnsiUpperCase
 0002:000024E8       aNumDoc
 0002:000024F4       aNumDoc1
 0002:000026E8       aNumInvoice
 0002:000024DA       aOperation
 0002:000026FC       aPayer
 0002:000026F8       aPayerLookField
 0002:000025A4       aPeriod
 0002:0000279C       aPeriodStr
 0002:0000002C       AppFileName
 0002:06690F24       Application
 0002:00002278       AppUserName
 0001:0003B740       AppUtils
 0002:00002504       aPrice
 0002:000010EC       aRound
 0002:000025B4       aSection
 0002:000025B0       aShop
 0001:00027F4C       AssignCloneField
 0002:000025AC       aTabNum
 0002:000024DC       aTare
 0002:00001028       aTare
 0002:00002208       aTick
 0002:0000102C       aTPrice
 0001:0000C6D0       AutoIncBeforePost
 0002:00000020       AutoIncQuery
 0002:000026DC       AutoRailRow
 0001:00054450       AxCtrls
 0002:000027A0       aYear
 0001:0010AD34       Bank
 0001:000873F0       BBEForms
 0001:000033B4       Bde
 0001:00003BB4       BdeConst
 0001:0003B780       BdeUtils
 0001:00001244       Beep
 0001:00000930       Beep
 0001:000543FC       BEForms
 0002:0000220C       BitsPerPixel
 0001:00000A38       BringWindowToTop
 0002:00002488       BtnActParam
 0002:0000248C       BtnBy
 0002:00002480       BtnCalcBalance
 0002:00002498       BtnCalcChess62_2008
 0002:0000249C       BtnCalcCircle62
 0002:00002764       BtnCalcCurrencyReport
 0002:00002750       BtnCalcLedger
 0002:00002754       BtnCalcLedgerZ
 0002:0000237C       BtnCalcMAmounts
 0002:0000239C       BtnCalcMAmounts2
 0002:000023A0       BtnCalcMAmounts3
 0002:000023B4       BtnCalcMCards
 0002:00002388       BtnCalcMCards000
 0002:000023B8       BtnCalcMCards2
 0002:00002398       BtnCalcMDrgInvent
 0002:00002758       BtnCalcRotateBalance
 0002:00002494       BtnCalcSummary16_2008
 0002:00002760       BtnCallPageMainBook
 0002:0000275C       BtnCallPageMainBook2
 0002:000024B0       BtnChangeView
 0002:000024AC       BtnCheckSaldo
 0002:00002490       BtnPlus
 0002:000024A8       BtnTareMovePenalty
 0002:000024A0       BtnTareMoveReport
 0002:000024A4       BtnTareMoveReportTotal
 0002:00002484       BtnTimeCalcBalance
 0001:00073C90       BuildColorMap
 0001:00073BE8       BuildPalette
 0001:000026C4       Buttons
 0002:0000243D       CalcBID
 0001:00027908       CalcFieldTotals
 0002:0000243C       CalcPrice
 0001:000276B0       CalcTotals
 0001:000277F0       CalcTotalsNotSTA
 0001:00000A40       CallWindowProc
 0002:00002438       CardPanel
 0002:00000038       cFontHeight
 0001:00097824       ChangeAccount
 0001:000015BC       ChangeBiDiModeAlignment
 0001:00025DCC       ChangeFindLikeQuery
 0001:00025FF4       ChangeFindLikeQueryVar
 0001:000E8E44       ChangeInquiresSources
 0001:00059BD0       ChangeLinkQuery
 0001:00059D4C       ChangeLookQueryField
 0001:000054E0       ChangeSymbol
 0001:000282A8       ChangeToLookField
 0001:000099A8       ChangeVisibleFields
 0001:0001FFD4       ChangeWord
 0001:0002F3C8       Char2OEM
 0001:00000A48       CharToOem
 0001:00000A50       CharToOemBuff
 0002:00002380       ChbxMRashWork
 0002:00002384       ChbxMReadyMat
 0001:00002ECC       Check
 0001:00006CE8       Check
 0002:0000262C       CheckBoxOTK
 0002:00002630       CheckBoxStore
 0001:000F39B4       CheckDuplicationNumInvoiceSDate
 0001:000075D8       CheckFieldNames
 0001:0000A2CC       CheckForList
 0001:0004DD58       CheckLst
 0001:00048BAC       CheckMaster
 0001:00026DDC       ChooseAggregateCalcFields
 0001:0002705C       ChooseAggrGroupByCalcFields
 0001:00026710       ChooseContextIndexFields
 0001:0000948C       ChooseFieldList
 0001:000243B4       ChooseFieldListFunc
 0001:000264E4       ChooseOrderIndexFields
 0001:00026B6C       ChooseResultCalcFields
 0001:00026964       ChooseVisibleCalcFields
 0001:000010EC       Classes
 0002:00000098       CLASS_Application_
 0001:0002AED8       ClearMethodProps
 0001:000520BC       ClearOpenReturnControl
 0002:00002588       ClientChanged
 0001:00001B94       Clipboard
 0001:00001BA4       Clipbrd
 0001:0002873C       CloneCalcListFields
 0001:00005A94       CloneComponent
 0001:0002882C       CloneDataSetField
 0001:000287A8       CloneDatasetFieldNames
 0001:0000B64C       CloneRecord
 0002:000010D8       CloneRegime
 0001:00000938       CloseHandle
 0001:00001C44       ClosePrinter
 0001:00054560       CoApplication_.Create
 0001:00000E1C       CollectionsEqual
 0001:00000C0C       ColorToRGB
 0001:0002AA04       ComConst
 0001:000024FC       ComCtrls
 0001:000008D8       Commctrl
 0001:00001D24       CommDlg
 0001:0002A9F4       ComObj
 0001:00001104       CompareText
 0001:00002554       ComStrs
 0001:00028D58       ConcatFieldList
 0001:000195CC       ConstructOneRecordEdit
 0001:000012E4       Consts
 0002:000026AC       Contract
 0001:0010B95C       Contract
 0001:000187E0       ControlRequiredParent
 0001:000019EC       Controls
 0001:0010B458       ContrProd
 0001:00022DE0       CopyDataSetToQuery
 0002:000025BD       CopyInvoiceFlag
 0001:0000587C       CopyObjectMethodProps
 0001:00000D94       CopyPalette
 0001:000228E4       CopyPropDataSetToQuery
 0001:0002ACB4       CopyProps
 0001:0002B1B8       CopyResString
 0002:00000034       cPixelsPerInch
 0001:00000A58       CreateCaret
 0001:0002AECC       CreateClone
 0001:0002AE6C       CreateCloneOwner
 0001:0002832C       CreateCommonField
 0001:0002A9E4       CreateComObject
 0001:0002578C       CreateEtvCombo
 0001:00018A88       CreateEtvDateEdit
 0001:000257C8       CreateEtvDBCombo
 0001:00018DE8       CreateEtvDBDateEdit
 0001:00018D70       CreateEtvDBEdit
 0001:00018F8C       CreateEtvDBImage
 0001:00018E60       CreateEtvDBIntEdit
 0001:0001902C       CreateEtvDBLookupComboBox
 0001:00018ED8       CreateEtvDBMemo
 0001:00018D08       CreateEtvDBText
 0001:00018A10       CreateEtvEdit
 0001:00018B00       CreateEtvIntEdit
 0001:00018BF0       CreateEtvLookupComboBox
 0001:00018B78       CreateEtvMemo
 0001:00005630       CreateEtvProcess
 0001:000189B0       CreateEtvText
 0001:00028CC0       CreateFieldList
 0001:0002729C       CreateFilterCondition
 0001:000009D0       CreateHalftonePalette
 0001:000009D8       CreateIC
 0001:000283AC       CreateLinkDefFields
 0001:00000940       CreateMutex
 0002:00002050       CreateOtherDateEdit
 0002:00002068       CreateOtherDBDateEdit
 0002:00002064       CreateOtherDBEdit
 0001:000158A8       CreateOtherDBEtvLookupComboBox
 0002:0000207C       CreateOtherDBGridControls
 0002:00002080       CreateOtherDBGridPrint
 0002:00002084       CreateOtherDBGridPrintRecord
 0002:00002074       CreateOtherDBImage
 0002:0000206C       CreateOtherDBIntEdit
 0002:00002078       CreateOtherDBLookupComboBox
 0002:00002070       CreateOtherDBMemo
 0002:00002060       CreateOtherDBText
 0002:0000204C       CreateOtherEdit
 0001:000156E0       CreateOtherEtvDBText
 0001:00025814       CreateOtherEtvListFieldAutoCorrect
 0001:00015914       CreateOtherEtvLookFieldAutoCorrect
 0001:00015768       CreateOtherEtvLookupComboBox
 0002:00002094       CreateOtherFieldAutoCorrect
 0002:00002054       CreateOtherIntEdit
 0002:0000205C       CreateOtherLookupComboBox
 0002:00002058       CreateOtherMemo
 0002:0000208C       CreateOtherOnFilterLoad
 0002:00002090       CreateOtherOnFilterSave
 0002:00002048       CreateOtherText
 0001:000009E0       CreatePalette
 0001:00000948       CreateProcess
 0001:000288DC       CreateQueryBaseOnFieldList
 0001:00028AA0       CreateQueryBaseOnFieldNames
 0001:00028B50       CreateQueryOrderOnFieldList
 0001:00028E30       CreateQueryOrderOnFieldNames
 0001:00028FE4       CreateQueryWhereOnFieldList
 0001:0002962C       CreateQueryWhereOnFieldListVar
 0001:000275A4       CreateQueryWhereOnFilter
 0001:00022CA8       CreateSQLforQuery
 0001:00022B4C       CreateSQLText
 0002:0000242C       CurAccountMotion
 0002:00002434       CurColorArr
 0002:00002430       CurColorIndex
 0002:00002440       CurDateIns
 0002:0000272C       CurLedgerLabel
 0002:000027AC       CurPeriod
 0002:00002420       CurPriceMotion
 0001:0004E5F8       CurrEdit
 0002:000026A8       Currency
 0002:000024B4       CurrentReportPeriod
 0002:0000001C       CurrentXControl
 0001:00088E3C       CustomSortProc
 0001:000053D8       CutFirstWord
 0001:00072C30       daDataVw
 0001:00072F74       daDatMod
 0001:00072BE4       daDB
 0001:00072D70       daGetDataModule
 0001:0000340C       DatabaseError
 0001:00003414       DatabaseErrorFmt
 0001:00007EFC       DataSetLabel
 0001:000DFE3C       DataSetLookUpRefresh
 0001:00030488       DataSetPrintedField
 0001:00030778       DataSetPrintOneRecord
 0001:000305B8       DataSetPrintRecord
 0001:0000741C       DataSetRefresh
 0001:00008878       DataSetViewLabel
 0002:00002260       DataStateCaptions
 0001:000011DC       Date
 0002:00002638       DateBeg
 0002:00002710       DateBeg
 0002:00002640       DateEnd
 0002:00002718       DateEnd
 0001:000011F4       DateToStr
 0001:00072964       DateToStrEtv
 0001:000179A8       DateToStr_
 0001:0003B6F0       DateUtil
 0001:00003B94       Db
 0001:00003404       DBCommon
 0001:00003BA4       DbConsts
 0001:00003FD4       DBCtrls
 0001:00018554       DBEditForField
 0001:0000429C       DBGrids
 0001:0000339C       DbiCloneCursor
 0001:0003B548       DBIndex
 0001:000033A4       DbiSetToCursor
 0001:00003BC4       DBLogDlg
 0001:00003BD4       DBPWDlg
 0001:00003374       DBTables
 0001:0003B568       DBUtils
 0002:0650E820       DecimalSeparator
 0001:000011D4       DecodeDate
 0002:06B2C16C       DefaultFieldClasses
 0001:0007074C       DefaultFieldsInfo
 0002:000022D0       DefaultSortProc
 0001:00000950       DeleteCriticalSection
 0001:000009E8       DeleteDC
 0001:00027F24       DeleteFields
 0001:000009F0       DeleteObject
 0001:000151EC       DelItems
 0002:000021BC       DeltaTop
 0001:000313E4       DeviceCapabilities
 0002:0000007C       DeviceTypes
 0002:0000005C       DFGetDBEdit
 0002:00000060       DFGetLookCombo
 0002:0000006C       DFSetDBEditField
 0002:00000070       DFSetDBEditKeyValue
 0002:00000064       DFSetLookField
 0002:00000068       DFSetLookKeyValue
 0001:0000ACB4       DiAdv
 0002:0000245C       DialAct
 0002:000022B4       DialDate
 0002:000022F4       DialogOneDate
 0001:000005E8       Dialogs
 0001:000313B4       DialPrint
 0001:00087058       DiDate
 0001:0000661C       DiDual
 0001:00033138       DiPrint
 0002:0000226C       DirShb
 0001:00048C64       DisableInnerControls
 0001:00001174       DiskFree
 0001:000BBC74       DlgAct
 0001:00096618       DlgClient
 0002:00002334       DlgClientF
 0001:0000AC40       DlgErrorAdv
 0001:0009095C       DlgOneDate
 0001:00001D5C       Dlgs
 0001:00094BFC       DlgUnLock
 0001:00001C4C       DocumentProperties
 0002:000020F4       DQuery
 0002:00002170       DrawBitmap
 0001:00000A60       DrawEdge
 0001:00000A68       DrawFocusRect
 0001:00000A70       DrawFrameControl
 0001:00039B64       DrawLine
 0002:00001040       DrawLineFlag
 0001:00000A78       DrawText
 0001:00001DF4       DsgnIntf
 0001:00024930       DualFunc
 0001:00002ED4       EDBEngineError.GetError
 0001:00002EDC       EDBEngineError.GetErrorCount
 0002:000021D8       EdIFNsForm
 0002:000021E0       EdInquiryForm
 0001:000186EC       EditForField
 0002:00002624       EditProd
 0002:000021E8       EdRepsForm
 0002:000023B0       eMCards
 0001:00073294       EmitMessage
 0001:00048E38       EnableInnerControls
 0001:000011CC       EncodeDate
 0001:00001C54       EndDocPrinter
 0001:0000B82C       EtvApp
 0001:0000BD20       EtvBor
 0001:00096120       EtvClone
 0001:000051A4       EtvConst
 0001:00019984       EtvContr
 0001:0000BA7C       EtvDB
 0001:00023C5C       EtvDBase
 0001:0000A920       EtvDBFun
 0001:00022F18       EtvFilt
 0002:00002304       EtvFilter
 0001:0008B670       EtvForms
 0001:0003B538       EtvGrid
 0001:00025934       EtvList
 0001:00015974       EtvLook
 0001:0000BBF8       EtvMem
 0001:00005BE4       EtvOther
 0001:000490F0       EtvPages
 0001:00005BAC       EtvPas
 0001:00017818       EtvPopup
 0001:000440EC       EtvPpCtl
 0001:00030BFC       EtvPrint
 0001:00030408       EtvPrinter
 0001:0002E08C       EtvPrintSet
 0001:00072AF0       EtvRus
 0001:0004E8A4       EtvRXCtl
 0001:0008FE48       EtvShb
 0001:0000CD70       EtvTable
 0001:00017E68       EtvTemp
 0001:0008BD84       EtvView
 0002:00002224       ExApp
 0001:000545F4       Excel_TLB
 0001:0000121C       ExceptAddr
 0001:00001234       Exception.Create
 0001:0000123C       Exception.CreateFmt
 0001:00001214       ExceptObject
 0001:000009F8       ExcludeClipRect
 0001:0000A09C       ExecSQLText
 0002:00002300       ExitKod
 0002:0000230D       ExpandAll
 0001:000583DC       ExpExcel
 0001:000545FC       ExportToExcel
 0001:00001DD4       ExtCtrls
 0001:00002E5C       ExtDlgs
 0001:00003424       ExtractFieldName
 0001:0010C760       Facture
 0001:000E94F4       FactureVAT
 0002:0000070C       FDataSetClassList
 0002:00000710       FDataViewList
 0002:00002168       fDialPrint
 0002:000020AC       fDlgErrorAdv
 0001:0004B218       FEdIFNs
 0002:000020B8       fEtvApp
 0002:00000044       fEtvPrinter
 0002:00002160       fEtvPrintSet
 0001:000078C8       FieldInfo
 0002:00001060       FieldListNames
 0001:00007CC4       FieldsInfo
 0002:000000C8       FieldsInfoProc
 0001:0003B700       FileCtrl
 0001:00001164       FileExists
 0002:00000040       FileForPrint
 0001:0000116C       FileGetAttr
 0001:0003B5C8       FileUtil
 0001:0001CF68       Filter
 0001:0002A9EC       Finalization
 0001:0002A938       Finalization
 0001:000005E0       Finalization
 0001:00001DCC       Finalization
 0001:00001DDC       Finalization
 0001:00001DEC       Finalization
 0001:00001DFC       Finalization
 0001:00087028       Finalization
 0001:00001E14       Finalization
 0001:0000AC70       Finalization
 0001:0005CC4C       Finalization
 0001:0000BA38       Finalization
 0001:00001E7C       Finalization
 0001:0000BBC8       Finalization
 0001:0005DCA0       Finalization
 0001:0008BD54       Finalization
 0001:000E90DC       Finalization
 0001:000E94B8       Finalization
 0001:0008B640       Finalization
 0001:000871D0       Finalization
 0001:0000BCF0       Finalization
 0001:0006F41C       Finalization
 0001:0000CD2C       Finalization
 0001:00001F34       Finalization
 0001:00025904       Finalization
 0001:000248F4       Finalization
 0001:0005D64C       Finalization
 0001:00023E88       Finalization
 0001:00023C2C       Finalization
 0001:00023148       Finalization
 0001:00022EE8       Finalization
 0001:0010BBE4       Finalization
 0001:00015930       Finalization
 0001:0001CF38       Finalization
 0001:0008B608       Finalization
 0001:000021B4       Finalization
 0001:0000204C       Finalization
 0001:00019954       Finalization
 0001:000177AC       Finalization
 0001:000020B4       Finalization
 0001:000021A4       Finalization
 0001:00067D68       Finalization
 0001:0006D220       Finalization
 0001:00017E24       Finalization
 0001:00002124       Finalization
 0001:00001D2C       Finalization
 0001:00001CF4       Finalization
 0001:00001CDC       Finalization
 0001:0000A8DC       Finalization
 0001:0002A9FC       Finalization
 0001:00001C8C       Finalization
 0001:00000DE4       Finalization
 0001:00058AC0       Finalization
 0001:00072FA0       Finalization
 0001:00001C2C       Finalization
 0001:000065EC       Finalization
 0001:000FD6E0       Finalization
 0001:00005BB4       Finalization
 0001:00000868       Finalization
 0001:00001BAC       Finalization
 0001:00001B9C       Finalization
 0001:0002B234       Finalization
 0001:00001B74       Finalization
 0001:00001B64       Finalization
 0001:00000878       Finalization
 0001:00000898       Finalization
 0001:000008A8       Finalization
 0001:0002B6E4       Finalization
 0001:000024F4       Finalization
 0001:00002504       Finalization
 0001:00002514       Finalization
 0001:0002DEB0       Finalization
 0001:000008E0       Finalization
 0001:0008FE18       Finalization
 0001:00030B9C       Finalization
 0001:000008F0       Finalization
 0001:000330F4       Finalization
 0001:0000254C       Finalization
 0001:000019F4       Finalization
 0001:000019E4       Finalization
 0001:00072F38       Finalization
 0001:000E81E4       Finalization
 0001:00005B7C       Finalization
 0001:000E7D34       Finalization
 0001:00087EB8       Finalization
 0001:000025EC       Finalization
 0001:000025FC       Finalization
 0001:0000260C       Finalization
 0001:00005174       Finalization
 0001:00072BEC       Finalization
 0001:00004C94       Finalization
 0001:000BB780       Finalization
 0001:0003B4F4       Finalization
 0001:0003B540       Finalization
 0001:0003B550       Finalization
 0001:0003B560       Finalization
 0001:0003B570       Finalization
 0001:0003B580       Finalization
 0001:0003B590       Finalization
 0001:0003B5A0       Finalization
 0001:0003B5B0       Finalization
 0001:0003B5C0       Finalization
 0001:0003B5D0       Finalization
 0001:0003B608       Finalization
 0001:0003B640       Finalization
 0001:0003B678       Finalization
 0001:0003B6B0       Finalization
 0001:0003B6E8       Finalization
 0001:0003B6F8       Finalization
 0001:0003B708       Finalization
 0001:0003B728       Finalization
 0001:0003B738       Finalization
 0001:0003B748       Finalization
 0001:0003B758       Finalization
 0001:0003B768       Finalization
 0001:00107CF8       Finalization
 0001:0003B778       Finalization
 0001:0000268C       Finalization
 0001:0003C038       Finalization
 0001:000042A4       Finalization
 0001:0000269C       Finalization
 0001:0003C198       Finalization
 0001:0003D468       Finalization
 0001:00004294       Finalization
 0001:000026BC       Finalization
 0001:00072B90       Finalization
 0001:0003F888       Finalization
 0001:00040678       Finalization
 0001:000026CC       Finalization
 0001:000418C0       Finalization
 0001:000026DC       Finalization
 0001:0000408C       Finalization
 0001:000425E4       Finalization
 0001:00043B80       Finalization
 0001:000440BC       Finalization
 0001:000BBC44       Finalization
 0001:000026FC       Finalization
 0001:0000270C       Finalization
 0001:0008FE58       Finalization
 0001:00058398       Finalization
 0001:00003FCC       Finalization
 0001:0000271C       Finalization
 0001:0009C548       Finalization
 0001:00046BE4       Finalization
 0001:00003BF4       Finalization
 0001:00046C24       Finalization
 0001:0009C4D8       Finalization
 0001:00046F04       Finalization
 0001:000471F8       Finalization
 0001:0009BF94       Finalization
 0001:000BBC7C       Finalization
 0001:0009BD14       Finalization
 0001:00087698       Finalization
 0001:000015AC       Finalization
 0001:0000159C       Finalization
 0001:00003BCC       Finalization
 0001:00003BBC       Finalization
 0001:0009BB48       Finalization
 0001:0007003C       Finalization
 0001:00003BAC       Finalization
 0001:0009B5E0       Finalization
 0001:0009B590       Finalization
 0001:00003B9C       Finalization
 0001:00003B8C       Finalization
 0001:000027BC       Finalization
 0001:000BD4A8       Finalization
 0001:000027DC       Finalization
 0001:00000530       Finalization
 0001:0009A868       Finalization
 0001:00048364       Finalization
 0001:000483DC       Finalization
 0001:000483EC       Finalization
 0001:000483FC       Finalization
 0001:0004840C       Finalization
 0001:0004841C       Finalization
 0001:0004842C       Finalization
 0001:0004843C       Finalization
 0001:0004844C       Finalization
 0001:0004845C       Finalization
 0001:0004846C       Finalization
 0001:0004847C       Finalization
 0001:0004848C       Finalization
 0001:0004849C       Finalization
 0001:000484AC       Finalization
 0001:000484BC       Finalization
 0001:000484CC       Finalization
 0001:000484DC       Finalization
 0001:000484EC       Finalization
 0001:000484FC       Finalization
 0001:0004850C       Finalization
 0001:0004851C       Finalization
 0001:0004852C       Finalization
 0001:0004853C       Finalization
 0001:0004854C       Finalization
 0001:0004855C       Finalization
 0001:0004856C       Finalization
 0001:0004857C       Finalization
 0001:0004858C       Finalization
 0001:0004859C       Finalization
 0001:000485AC       Finalization
 0001:000485BC       Finalization
 0001:000485CC       Finalization
 0001:000485DC       Finalization
 0001:000485EC       Finalization
 0001:000485FC       Finalization
 0001:0004860C       Finalization
 0001:0004861C       Finalization
 0001:000490C0       Finalization
 0001:0004A9C4       Finalization
 0001:0004B1E8       Finalization
 0001:0004CF2C       Finalization
 0001:0004DCD8       Finalization
 0001:000033FC       Finalization
 0001:0004DD50       Finalization
 0001:000033AC       Finalization
 0001:000E1CFC       Finalization
 0001:00002864       Finalization
 0001:0004DD98       Finalization
 0001:0000338C       Finalization
 0001:0000287C       Finalization
 0001:0004DDA8       Finalization
 0001:00096DE4       Finalization
 0001:0004E470       Finalization
 0001:0000337C       Finalization
 0001:000012DC       Finalization
 0001:0004E530       Finalization
 0001:000012CC       Finalization
 0001:0004E540       Finalization
 0001:0000288C       Finalization
 0001:0004E5C8       Finalization
 0001:0004E5F0       Finalization
 0001:0000336C       Finalization
 0001:000C0474       Finalization
 0001:000E121C       Finalization
 0001:00000490       Finalization
 0001:0007030C       Finalization
 0001:0004E600       Finalization
 0001:00001264       Finalization
 0001:0004E874       Finalization
 0001:00001254       Finalization
 0001:0010C264       Finalization
 0001:00072B80       Finalization
 0001:00096620       Finalization
 0001:0010C724       Finalization
 0001:000965E8       Finalization
 0001:0010CC7C       Finalization
 0001:00072AF8       Finalization
 0001:0004EBFC       Finalization
 0001:000960F0       Finalization
 0001:000DD7E0       Finalization
 0001:000955B8       Finalization
 0001:000708FC       Finalization
 0001:00072A6C       Finalization
 0001:0004FE54       Finalization
 0001:000719E8       Finalization
 0001:00002EBC       Finalization
 0001:00002EAC       Finalization
 0001:00002E9C       Finalization
 0001:00002E8C       Finalization
 0001:000010E4       Finalization
 0001:00094BCC       Finalization
 0001:00002E7C       Finalization
 0001:00002E64       Finalization
 0001:00094858       Finalization
 0001:00002A44       Finalization
 0001:000545C4       Finalization
 0001:00002E54       Finalization
 0001:00002E44       Finalization
 0001:00002A74       Finalization
 0001:00002D14       Finalization
 0001:00002D04       Finalization
 0001:00002CF4       Finalization
 0001:0010CD08       Finalization
 0001:0009092C       Finalization
 0001:00090700       Finalization
 0001:00002CE4       Finalization
 0001:000D58E0       Finalization
 0001:00002CD4       Finalization
 0001:00002CC4       Finalization
 0001:000D4D30       Finalization
 0001:00002CB4       Finalization
 0001:00002CA4       Finalization
 0001:00053A14       Finalization
 0001:0010A94C       Finalization
 0001:00002C94       Finalization
 0001:00000BD4       Finalization
 0001:0010ACF8       Finalization
 0001:0010BC50       Finalization
 0001:00002C84       Finalization
 0001:000D1B84       Finalization
 0001:000543C0       Finalization
 0001:0006077C       Finalization
 0001:00054438       Finalization
 0001:0010AF74       Finalization
 0001:00054448       Finalization
 0001:00086700       Finalization
 0001:0010B170       Finalization
 0001:000D2518       Finalization
 0001:00086C58       Finalization
 0001:0010B41C       Finalization
 0001:0010B920       Finalization
 0001:000873B4       Finalization
 0001:00054458       Finalization
 0001:00054468       Finalization
 0001:000544A0       Finalization
 0001:000903CC       Finalization
 0001:0002A9AC       Finalization
 0001:0003D498       FindDlgc
 0002:064D528C       FindGlobalComponent
 0001:0008E7DC       FindKeyWord
 0001:00006624       FindOrderBy
 0001:00000A80       FindWindow
 0002:000027EC       FIN_BUH_FSG_Group
 0002:00001058       First
 0001:0000A6E0       FIsDBControl
 0002:000010D4       FlagLookUp
 0001:00001BB4       FlatSB
 0001:000011AC       FloatToStr
 0001:000011B4       FloatToStrF
 0001:00001CC4       Floor
 0002:00002350       FMInvoiceCheckSS
 0002:00002358       FMInvoiceDragInfo
 0002:000020E0       fOldCreateOtherFieldAutoCorrect
 0002:00002120       fOldCreateOtherFieldAutoCorrect
 0002:0000003C       Form
 0001:000011A4       Format
 0001:000011FC       FormatDateTime
 0001:000011BC       FormatFloat
 0001:0007329C       FormatMessage
 0002:00002324       FormDlgUnLock
 0002:00000074       FormLevel
 0001:000015A4       Forms
 0002:00002650       FormStart
 0002:000022DC       FormView
 0002:000022CC       FPopupMenuDBTree
 0002:000020E8       fPopupMenuEtvDBFieldControls
 0002:00002178       fPopupMenuEtvDBGrid
 0002:000020F0       FPopupMenuEtvDBImage
 0002:000020DC       FPopupMenuEtvDBLookup
 0002:000020EC       fPopupMenuEtvDBMemo
 0002:00000708       FSessionClassList
 0001:0004CF5C       FSetInq
 0001:0004DD08       FSetReps
 0002:00002114       Functions
 0001:0003C1C8       FVisDisp
 0001:0003B730       Gauges
 0001:00071B30       Get1Fig
 0001:00071C18       Get2Fig
 0001:00071E2C       Get3Fig
 0001:00026138       GetAddFieldNames
 0001:00009DD4       GetArrFromSQLText
 0001:00005B10       GetBitsPerPixel
 0001:00047648       GetBlobFieldAsStream
 0001:00000A88       GetCapture
 0001:00000A90       GetClassName
 0001:0002C654       GetCloneDataSet
 0001:0002C524       GetCloneQueryToQuery
 0001:0002C448       GetCloneQueryToTable
 0001:0002C2D0       GetCloneTableToQuery
 0001:0002C1DC       GetCloneTableToTable
 0001:00000958       GetComputerName
 0001:00000A98       GetCursorPos
 0001:00000AA0       GetDC
 0001:00000A00       GetDeviceCaps
 0001:0003C070       GetDispDBEdit
 0001:0003C090       GetDispLookCombo
 0001:0002C79C       GetEtvTableName
 0001:00000960       GetExitCodeProcess
 0001:00009220       GetFieldListExt
 0001:00026440       GetFieldListNames
 0001:00025A00       GetFieldNamesByList
 0001:0000341C       GetFieldProperty
 0001:000012AC       GetFloatProp
 0001:0000481C       GetFontCharSizes
 0001:000059AC       GetFontSizes
 0001:00001C5C       GetForm
 0001:00009B84       GetFromSQLText
 0001:0002A7E4       GetIndexOfField
 0001:00008F80       GetInvisibleFields
 0001:0000916C       GetInvisibleUserFields
 0001:00000AB0       GetKeyboardLayoutName
 0001:00000AA8       GetKeyState
 0001:00007D9C       GetLabel
 0001:00000AB8       GetLastActivePopup
 0001:00000968       GetLastError
 0001:0002C8CC       GetLinkCloneDataset
 0001:0006191C       GetLinkedDBFormControl
 0001:000282C0       GetLookField
 0001:000012BC       GetMethodProp
 0001:000004A0       GetModuleFileName
 0001:000004A8       GetModuleHandle
 0001:000ADCF4       GetName
 0001:000BACE8       GetName
 0001:00000A08       GetNearestColor
 0001:0000128C       GetOrdProp
 0001:00000A10       GetPaletteEntries
 0001:00001304       GetParentForm
 0001:00071A20       GetPostfix
 0001:00001C64       GetPrinter
 0001:0000127C       GetPropInfo
 0001:00001284       GetPropInfos
 0001:00028890       GetQueryFieldName
 0001:0000129C       GetStrProp
 0001:00000970       GetSystemInfo
 0001:00000AC0       GetSystemMetrics
 0001:0002C134       GetTableModelIFN
 0001:00000A18       GetTextMetrics
 0001:00000978       GetTickCount
 0001:00001274       GetTypeData
 0001:0000901C       GetUserFields
 0001:00000928       GetUserName
 0001:00000980       GetVersionEx
 0001:0002633C       GetVisibleFieldNames
 0001:00008E70       GetVisibleFields
 0001:000090B8       GetVisibleUserFields
 0001:00000AC8       GetWindowRect
 0001:00000AD0       GetWindowText
 0001:000538C8       GetXEEdit
 0001:00070784       GetXEFieldClass
 0001:00053818       GetXELookup
 0001:0005398C       GetXEOtherDBComboBox
 0001:00053968       GetXEOtherDBDateEdit
 0001:00053944       GetXEOtherDBEdit
 0001:000539F0       GetXEOtherDBLookupComboBox
 0001:000539CC       GetXEOtherDBMemo
 0001:000BBCAC       GksmCons
 0001:00000988       GlobalAlloc
 0001:00000990       GlobalFree
 0001:00000998       GlobalLock
 0001:000009A0       GlobalMemoryStatus
 0001:000009A8       GlobalSize
 0001:000009B0       GlobalUnlock
 0002:00002450       GMoveMat
 0001:0001958C       GoodField
 0001:000074C8       GotoBookmarkWOExcept
 0001:0008EB70       GotoElse
 0001:0008EA28       GotoEnd
 0001:00000DDC       GraphicExtension
 0001:00000DD4       GraphicFilter
 0001:00000DEC       Graphics
 0001:00004094       Grids
 0002:00002004       HInstance
 0001:00000BB8       HiWord
 0002:000021A0       HookCtl3D
 0002:000010E8       i
 0001:000008A0       ImgList
 0001:00001A24       Imm
 0002:0000254C       InAccount
 0002:0000255C       InAccountAll
 0002:0000250C       InClient
 0002:0000251C       InClientAll
 0001:000011EC       IncMonth
 0002:0000256C       InContract
 0002:0000252C       InCurrency
 0002:0000253C       InCurrencyAll
 0002:000024C0       InDateBeg
 0002:000024CC       InDateEnd
 0002:000010D0       InDaysOnWay
 0001:0001DA68       InDoubleQuotes
 0001:00000AD8       InflateRect
 0001:00001E1C       IniFiles
 0001:0007356C       InitDecompressor
 0001:0007458C       InitDefaults
 0001:00029780       InitEtvLookFieldInfo
 0001:000009B8       InitializeCriticalSection
 0001:000004B0       InitializeModule
 0001:000F36C8       InitNumInvoice
 0001:000005D8       InputBox
 0001:000005D0       InputQuery
 0001:000B0AD8       Insert
 0001:001098E0       InsertItem1
 0001:00015214       InsertItems
 0002:000010CC       InTare
 0001:00001144       IntToStr
 0001:0000113C       IntToStr
 0001:00000AE0       InvalidateRect
 0001:00073208       InvalidOperation
 0001:000E1258       Invoice
 0002:000026D8       InvoiceChanged
 0002:000026D9       InvoicePayerChanged
 0002:000025CC       InvoiceProdDDeclarSource
 0002:000010E4       InvoiceProdRowCount
 0002:000025D0       InvoiceRailDeclarSource
 0001:00000028       IOResult
 0002:00000018       IsAppActive
 0002:000024D7       IsClientReportTotalSend
 0002:00000078       IsCommonPrintSetup
 0001:0000A84C       IsDBControl
 0001:00000AE8       IsIconic
 0001:0005A228       IsLinkDataSet
 0001:00025B98       IsNotEqualLinkStrings
 0001:00025C78       IsNotEqualLinkValues
 0002:000025BC       IsPrintOn
 0001:00000AF0       IsWindowEnabled
 0001:00000AF8       IsWindowVisible
 0001:00072FD0       jconsts
 0001:00086740       jpeg
 0002:00000714       JPEGDefaults
 0001:00073220       JpegError
 0001:00076218       jpeg_calc_output_dimensions
 0001:0007493C       jpeg_consume_input
 0001:00080CB4       jpeg_CreateCompress
 0001:000745CC       jpeg_CreateDecompress
 0001:00080008       jpeg_destroy
 0001:00074694       jpeg_destroy_decompress
 0001:00080DC4       jpeg_finish_compress
[...]
  1135 0001:00103841  1136 0001:00103848  1138 0001:00103852  1132 0001:00103853
  1140 0001:0010385F  1141 0001:0010386B  1143 0001:0010387F  1144 0001:00103888
  1146 0001:00103951  1149 0001:0010395D  1150 0001:0010396D  1151 0001:00103978
  1155 0001:0010398B  1156 0001:00103994  1157 0001:0010399C  1159 0001:001039A3
  1160 0001:001039B7  1161 0001:00103A0A  1162 0001:00103A14  1163 0001:00103A31
  1164 0001:00103AC5  1162 0001:00103AC6  1165 0001:00103ACD  1166 0001:00103B04
  1167 0001:00103B26  1168 0001:00103B46  1169 0001:00103B68  1170 0001:00103B8A
  1171 0001:00103BAC  1172 0001:00103BB2  1173 0001:00103BD4  1175 0001:00103BF4
  1176 0001:00103C05  1175 0001:00103C2A  1178 0001:00103C81  1188 0001:00103F14
  1191 0001:00103F48  1194 0001:00103F5F  1195 0001:00103F6C  1196 0001:00103F7C
  1197 0001:00103F8C  1198 0001:00103F9F  1199 0001:00103FAC  1200 0001:00103FCC
  1201 0001:00103FE6  1204 0001:00104031  1206 0001:00104042  1207 0001:0010404E
  1208 0001:0010405A  1209 0001:00104066  1210 0001:00104072  1211 0001:0010407B
  1212 0001:00104084  1213 0001:00104090  1216 0001:0010409A  1217 0001:001040AB
  1218 0001:001040B8  1219 0001:001040CC  1221 0001:001040E2  1222 0001:001040EE
  1225 0001:001040F8  1226 0001:00104101  1227 0001:0010410B  1231 0001:00104116
  1233 0001:00104127  1234 0001:00104133  1235 0001:0010413F  1236 0001:0010414B
  1237 0001:00104157  1238 0001:00104160  1239 0001:00104169  1240 0001:00104175
  1243 0001:0010417F  1244 0001:00104190  1245 0001:001041A0  1246 0001:001041B4
  1249 0001:001041CA  1250 0001:001041D6  1251 0001:001041E0  1254 0001:001041EA
  1255 0001:001041F3  1256 0001:001041FD  1260 0001:00104208  1261 0001:00104226
  1262 0001:0010423D  1264 0001:00104257  1265 0001:0010428D  1267 0001:0010429B
  1268 0001:001042D1  1269 0001:001042F9  1270 0001:00104309  1271 0001:00104317
  1273 0001:00104354  1274 0001:00104362  1276 0001:00104372  1277 0001:001043A1
  1280 0001:00104414  1281 0001:0010442F  1282 0001:00104435  1283 0001:0010444F
  1284 0001:001044B9  1288 0001:001044E0  1289 0001:00104515  1290 0001:00104523
  1292 0001:00104531  1294 0001:00104557  1295 0001:00104565  1297 0001:001045A5
  1307 0001:001045AC  1308 0001:001045EC  1309 0001:0010462E  1310 0001:0010466D
  1312 0001:00104672  1314 0001:00104681  1316 0001:0010469D  1317 0001:001046B9
  1318 0001:001046CC  1319 0001:001046E3  1320 0001:001046F1  1321 0001:00104702
  1322 0001:00104724  1324 0001:001047FF  1325 0001:00104807  1327 0001:00104811
  1328 0001:00104814  1329 0001:0010486A  1330 0001:001048BD  1326 0001:001048C5
  1332 0001:001048D5  1334 0001:001048DD  1335 0001:001048E0  1336 0001:00104903
  1338 0001:0010492B  1340 0001:00104941  1344 0001:0010494F  1345 0001:00104953
  1348 0001:00104966  1349 0001:001049CE  1350 0001:001049DB  1351 0001:001049F2
  1352 0001:00104AA1  1354 0001:00104AAD  1355 0001:00104ADA  1357 0001:00104BA4
  1358 0001:00104BA7  1359 0001:00104BEB  1363 0001:00104CB5  1345 0001:00104CB6
  1364 0001:00104CBF  1365 0001:00104D03  1368 0001:00104E88  1369 0001:00104E90
  1370 0001:00104EA3  1372 0001:00104EB6  1373 0001:00104EC2  1374 0001:00104ECE
  1377 0001:00104EDD  1378 0001:00104EEC  1381 0001:00104EFB  1382 0001:00104F00
  1383 0001:00104F11  1384 0001:00104F21  1386 0001:00104F37  1387 0001:00104F52
  1388 0001:00104F5C  1391 0001:00104F74  1392 0001:00104F90  1396 0001:00104FEA
  1397 0001:00105018  1399 0001:00105049  1402 0001:001050C0  1403 0001:001050C7
  1404 0001:001050EC  1405 0001:0010510A  1407 0001:00105121  1419 0001:00105128
  1420 0001:00105158  1423 0001:0010516F  1424 0001:0010517E  1427 0001:0010518B
  1429 0001:0010519C  1430 0001:001051A8  1431 0001:001051B4  1432 0001:001051C0
  1433 0001:001051CC  1434 0001:001051D5  1435 0001:001051DE  1436 0001:001051EA
  1439 0001:001051F4  1440 0001:00105205  1441 0001:0010520F  1442 0001:00105223
  1445 0001:00105237  1446 0001:00105244  1449 0001:0010524F  1450 0001:00105259
  1451 0001:00105264  1455 0001:00105270  1457 0001:00105281  1458 0001:0010528D
  1459 0001:00105299  1460 0001:001052A5  1461 0001:001052B1  1462 0001:001052BA
  1463 0001:001052C3  1464 0001:001052CF  1467 0001:001052D9  1468 0001:001052EA
  1469 0001:001052F7  1470 0001:0010530B  1473 0001:0010531F  1474 0001:0010532C
  1475 0001:00105337  1478 0001:00105344  1479 0001:0010534E  1480 0001:00105359
  1481 0001:00105365  1485 0001:0010537A  1487 0001:0010538B  1488 0001:00105397
  1489 0001:001053A3  1490 0001:001053AF  1491 0001:001053BB  1492 0001:001053C4
  1493 0001:001053CD  1494 0001:001053D9  1497 0001:001053E3  1499 0001:001053F4
  1500 0001:001053FE  1501 0001:0010540A  1502 0001:00105416  1503 0001:00105420
  1505 0001:0010542C  1506 0001:00105435  1507 0001:00105445  1508 0001:00105455
  1509 0001:00105465  1510 0001:00105471  1513 0001:0010547C  1514 0001:001054B2
  1516 0001:001054C0  1530 0001:001054C6  1531 0001:001054D5  1532 0001:001054E1
  1534 0001:001054ED  1537 0001:001054F4  1541 0001:0010556F  1543 0001:0010557A
  1544 0001:0010557C  1546 0001:00105588  1547 0001:001055BF  1548 0001:001055CD
  1549 0001:001055D5  1551 0001:001055E2  1545 0001:001055E3  1553 0001:001055F3
  1555 0001:0010562D  1556 0001:00105633  1557 0001:00105676  1560 0001:00105682
  1561 0001:0010568F  1562 0001:0010569A  1563 0001:001056B4  1565 0001:001056C4
  1566 0001:001056CA  1568 0001:001056D2  1574 0001:001056D9  1575 0001:001056EA
  1576 0001:00105715  1577 0001:0010571E  1578 0001:0010572A  1575 0001:0010572B
  1581 0001:0010573D  1583 0001:0010574D  1584 0001:0010577C  1587 0001:001058B4
  1588 0001:001058B5  1589 0001:001058CE  1590 0001:001058DE  1595 0001:001058E0
  1596 0001:00105906  1597 0001:00105947  1598 0001:00105975  1599 0001:00105982
  1601 0001:001059AE  1604 0001:001059D8  1610 0001:001059DB  1613 0001:001059E0
  1614 0001:00105A05  1616 0001:00105A23  1617 0001:00105A41  1619 0001:00105A65
  1621 0001:00105A7E  1622 0001:00105A9A  1623 0001:00105AB1  1625 0001:00105AE1
  1627 0001:00105AEB  1629 0001:00105B09  1630 0001:00105B27  1632 0001:00105B4B
  1634 0001:00105B60  1635 0001:00105B7C  1636 0001:00105B93  1637 0001:00105BC3
  1639 0001:00105BEA  1642 0001:00105DD4  1643 0001:00105DE2  1644 0001:00105E02
  1645 0001:00105E07  1646 0001:00105E16  1647 0001:00105E23  1649 0001:00105E37
  1650 0001:00105E43  1651 0001:00105E52  1652 0001:00105E61  1653 0001:00105E70
  1654 0001:00105E7F  1655 0001:00105E8E  1656 0001:00105EA0  1657 0001:00105EB3
  1658 0001:00105EC3  1660 0001:00105ED8  1662 0001:00105EEC  1663 0001:00105EF8
  1664 0001:00105F07  1665 0001:00105F16  1666 0001:00105F25  1667 0001:00105F34
  1668 0001:00105F43  1669 0001:00105F55  1670 0001:00105F68  1671 0001:00105F78
  1673 0001:00105F8D  1675 0001:00105FA1  1676 0001:00105FAD  1677 0001:00105FBC
  1678 0001:00105FCB  1679 0001:00105FDA  1680 0001:00105FE9  1681 0001:00105FF8
  1682 0001:0010600A  1683 0001:0010601D  1684 0001:0010602D  1686 0001:00106042
  1688 0001:00106058  1694 0001:00106130  1695 0001:00106160  1697 0001:00106204
  1698 0001:00106230  1700 0001:00106235  1703 0001:00106242  1705 0001:0010625C
  1706 0001:00106279  1707 0001:0010628F  1708 0001:001062A7  1709 0001:001062CC
  1710 0001:00106352  1711 0001:00106370  1712 0001:001063AB  1719 0001:001064B8
  1720 0001:001064EA  1721 0001:0010652C  1722 0001:0010656B  1724 0001:00106570
  1727 0001:001065F5  1728 0001:0010661D  1729 0001:00106629  1730 0001:0010662E
  1732 0001:0010663E  1733 0001:00106654  1734 0001:00106668  1735 0001:00106673
  1737 0001:00106676  1738 0001:00106692  1739 0001:001066C0  1740 0001:001066EE
  1741 0001:00106704  1742 0001:0010673E  1743 0001:00106754  1744 0001:0010678E
  1745 0001:001067A4  1746 0001:001067DE  1747 0001:001067F4  1748 0001:0010682E
  1749 0001:00106844  1750 0001:00106855  1751 0001:0010688F  1753 0001:001068A5
  1754 0001:001068DF  1755 0001:001068F5  1756 0001:0010692F  1757 0001:0010693D
  1731 0001:00106949  1760 0001:0010695D  1761 0001:00106969  1763 0001:001069D5
  1766 0001:00106B60  1768 0001:00106B7F  1769 0001:00106C00  1772 0001:00106C24
  1774 0001:00106C43  1775 0001:00106CC4  1779 0001:00106CE8  1780 0001:00106CF4
  1783 0001:00106CF8  1784 0001:00106D0B  1785 0001:00106D2B  1786 0001:00106D2E
  1787 0001:00106D3D  1788 0001:00106D4A  1790 0001:00106D5B  1791 0001:00106D64
  1792 0001:00106D70  1793 0001:00106D7C  1794 0001:00106D88  1795 0001:00106D94
  1796 0001:00106DA0  1797 0001:00106DB0  1798 0001:00106DBD  1801 0001:00106DCF
  1806 0001:00106E28  1807 0001:00106E43  1809 0001:00106E50  1811 0001:00106E6A
  1812 0001:00106E87  1813 0001:00106E9D  1814 0001:00106ECE  1815 0001:00106F02
  1816 0001:00106F0D  1817 0001:00106F42  1820 0001:0010701C  1821 0001:00107054
  1822 0001:0010707C  1823 0001:0010707F  1824 0001:0010708E  1825 0001:0010709B
  1827 0001:001070AC  1828 0001:001070B5  1829 0001:001070C1  1830 0001:001070CD
  1831 0001:001070D9  1832 0001:001070E5  1833 0001:001070F1  1834 0001:00107101
  1835 0001:0010710E  1842 0001:00107123  1843 0001:00107194  1845 0001:001071C0
  1856 0001:0010721C  1857 0001:00107250  1861 0001:00107267  1862 0001:00107274
  1863 0001:00107284  1864 0001:00107294  1865 0001:001072A7  1866 0001:001072B4
  1867 0001:001072D4  1868 0001:001072EE  1871 0001:00107339  1873 0001:0010734A
  1874 0001:00107356  1875 0001:00107362  1876 0001:0010736E  1877 0001:0010737A
  1878 0001:00107383  1879 0001:0010738C  1880 0001:00107398  1883 0001:001073A2
  1884 0001:001073B3  1885 0001:001073C3  1886 0001:001073D7  1888 0001:001073ED
  1889 0001:001073F9  1892 0001:00107403  1893 0001:0010740C  1894 0001:00107416
  1898 0001:00107421  1900 0001:00107432  1901 0001:0010743E  1902 0001:0010744A
  1903 0001:00107456  1904 0001:00107462  1905 0001:0010746B  1906 0001:00107474
  1907 0001:00107480  1910 0001:0010748A  1911 0001:0010749B  1912 0001:001074AB
  1913 0001:001074BF  1916 0001:001074D5  1917 0001:001074E1  1918 0001:001074EB
  1921 0001:001074F5  1922 0001:001074FE  1923 0001:00107508  1927 0001:00107513
  1928 0001:00107531  1929 0001:00107548  1931 0001:00107562  1932 0001:00107598
  1934 0001:001075A6  1935 0001:001075DC  1936 0001:00107604  1937 0001:00107614
  1938 0001:00107622  1940 0001:0010765F  1941 0001:0010766D  1943 0001:0010767D
  1944 0001:001076AC  1951 0001:0010772C  1952 0001:00107771  1953 0001:00107777
  1954 0001:00107780  1955 0001:0010778F  1956 0001:0010779B  1958 0001:001077A7
  1961 0001:001077AE  1964 0001:001077CF  1965 0001:001077DD  1967 0001:00107842
  1968 0001:00107844  1969 0001:00107853  1971 0001:00107876  1975 0001:00107881
  1977 0001:0010788F  1978 0001:00107891  1980 0001:0010789D  1981 0001:001078D0
  1982 0001:001078DB  1983 0001:001078E2  1985 0001:001078EC  1979 0001:001078ED
  1987 0001:001078F9  1988 0001:00107905  1990 0001:00107919  1991 0001:00107922
  1993 0001:001079AF  1995 0001:001079BB  2027 0001:00107A13  2031 0001:00107B1C
  2032 0001:00107B35  2039 0001:00107B5C  2040 0001:00107B78  2042 0001:00107B86
  2043 0001:00107B94  2044 0001:00107BA6  2046 0001:00107BC8  2047 0001:00107BD2
  2048 0001:00107BFE  2049 0001:00107C17  2050 0001:00107C25  2051 0001:00107C31
  2049 0001:00107C57  2052 0001:00107C5A  2053 0001:00107C7A  2055 0001:00107C82
  2057 0001:00107CAB  2060 0001:00107CC4  2061 0001:00107CC5  2062 0001:00107CC8
  2063 0001:00107CD7  2065 0001:00107CF4  2067 0001:00107D34  2067 0001:00107D3B

Line numbers for MdBase(MdBase.pas) segment .text

   289 0001:001092BC   290 0001:001092C5   291 0001:001092DC   292 0001:001092F3
   293 0001:00109310   294 0001:0010932D   295 0001:00109337   299 0001:00109350
   300 0001:0010935A   301 0001:00109366   302 0001:00109376   303 0001:0010937C
   304 0001:0010938A   305 0001:001093A8   306 0001:001093C4   307 0001:001093E2
   308 0001:001093F0   309 0001:0010940E   311 0001:0010943A   312 0001:00109472
   314 0001:0010949D   317 0001:001094BC   318 0001:001094C8   319 0001:001094D3
   320 0001:001094DE   323 0001:001094E4   405 0001:001094F0   410 0001:001094F4
   411 0001:00109500   412 0001:0010950D   413 0001:0010951F   414 0001:0010952B
   415 0001:00109537   418 0001:0010954E   422 0001:00109554   423 0001:00109560
   424 0001:0010956D   425 0001:0010957F   426 0001:00109597   427 0001:001095A9
   428 0001:001095C0   432 0001:001095D6   437 0001:001095DC   438 0001:001095E8
   439 0001:001095F5   440 0001:00109607   441 0001:00109613   442 0001:0010961F
   445 0001:0010962D   448 0001:00109634   449 0001:00109667   450 0001:0010966F
   451 0001:00109694   452 0001:001096B9   453 0001:001096C6   454 0001:00109709
   455 0001:0010971B   456 0001:0010973A   457 0001:00109765   459 0001:001097AE
   460 0001:001097E7   461 0001:0010982A   463 0001:00109887   472 0001:001098E0
   473 0001:001098E9   474 0001:001098FD   475 0001:0010990F   476 0001:0010991D
   477 0001:0010992A   478 0001:0010993D   479 0001:0010994C   481 0001:00109974
   482 0001:0010997C   484 0001:00109986   486 0001:001099BC   487 0001:001099EA
   488 0001:001099FE   489 0001:00109A25   492 0001:00109A3A   494 0001:00109A5E
   495 0001:00109A88   496 0001:00109AC0   499 0001:00109B15   501 0001:00109B2E
   502 0001:00109B54   504 0001:00109B6D   505 0001:00109B96   506 0001:00109BA6
   507 0001:00109BD2   525 0001:00109C7C   526 0001:00109C8B   528 0001:00109C91
   531 0001:00109C9F   532 0001:00109CB1   536 0001:00109CC3   540 0001:00109CCC
   541 0001:00109CDB   542 0001:00109CE8   543 0001:00109D0F   544 0001:00109D2D
   545 0001:00109D37   547 0001:00109D41   550 0001:00109D70   551 0001:00109D91
   554 0001:00109E16   557 0001:00109E54   558 0001:00109E60   559 0001:00109E7D
   562 0001:00109E84   563 0001:00109EB3   564 0001:00109F3D   567 0001:00109F44
   568 0001:00109F4D   569 0001:00109F51   570 0001:00109F9A   573 0001:00109FB4
   574 0001:00109FD5   575 0001:00109FE1   576 0001:0010A004   577 0001:0010A00C
   578 0001:0010A034   580 0001:0010A05D   584 0001:0010A074   586 0001:0010A080
   587 0001:0010A089   588 0001:0010A095   590 0001:0010A09A   593 0001:0010A120
   594 0001:0010A13E   595 0001:0010A143   596 0001:0010A146   601 0001:0010A150
   602 0001:0010A170   606 0001:0010A1D2   607 0001:0010A20E   608 0001:0010A224
   610 0001:0010A23A   612 0001:0010A24E   600 0001:0010A251   615 0001:0010A25A
   616 0001:0010A263   617 0001:0010A26F   619 0001:0010A274   623 0001:0010A2F6
   624 0001:0010A306   625 0001:0010A30B   626 0001:0010A30E   628 0001:0010A318
   629 0001:0010A324   633 0001:0010A400   634 0001:0010A423   635 0001:0010A43D
   636 0001:0010A44D   637 0001:0010A463   640 0001:0010A4A2   643 0001:0010A4AC
   644 0001:0010A4BB   645 0001:0010A4D3   646 0001:0010A4DA   648 0001:0010A4EA
   651 0001:0010A4F0   652 0001:0010A4FC   653 0001:0010A502   654 0001:0010A50E
   655 0001:0010A51C   656 0001:0010A528   657 0001:0010A537   658 0001:0010A541
   661 0001:0010A55E   664 0001:0010A56D   667 0001:0010A574   669 0001:0010A596
   670 0001:0010A5D8   671 0001:0010A5E2   674 0001:0010A5E7   675 0001:0010A60B
   676 0001:0010A615   678 0001:0010A63C   682 0001:0010A6DC   684 0001:0010A6EB
   685 0001:0010A6F8   688 0001:0010A768   689 0001:0010A774   690 0001:0010A78A
   694 0001:0010A794   696 0001:0010A799   699 0001:0010A864   700 0001:0010A888
   702 0001:0010A918   704 0001:0010A97C   708 0001:0010A983

Line numbers for Bank(Common\Bank.pas) segment .text

    64 0001:0010ACF8    65 0001:0010AD30    61 0001:0010AD34    62 0001:0010AD3D
    63 0001:0010AD4D

Line numbers for ProdMat(Product\ProdMat.pas) segment .text

    39 0001:0010AF74    40 0001:0010AFAC    36 0001:0010AFB0    37 0001:0010AFB9
    38 0001:0010AFC9

Line numbers for Tare(Product\Tare.pas) segment .text

    31 0001:0010B170    32 0001:0010B1A8    28 0001:0010B1AC    29 0001:0010B1B5
    30 0001:0010B1C5

Line numbers for ContrProd(Contract\ContrProd.pas) segment .text

    41 0001:0010B41C    42 0001:0010B454    38 0001:0010B458    39 0001:0010B461
    40 0001:0010B471

Line numbers for Contract(Contract\Contract.pas) segment .text

    80 0001:0010B920    81 0001:0010B958    77 0001:0010B95C    78 0001:0010B965
    79 0001:0010B975

Line numbers for Shop(Shop\Shop.Pas) segment .text

    42 0001:0010BBE4    44 0001:0010BC1C    39 0001:0010BC20    40 0001:0010BC29
    41 0001:0010BC39

Line numbers for MInvoiceCalc(Materials\MInvoiceCalc.pas) segment .text

    92 0001:0010BC80    92 0001:0010BC87

Line numbers for Person(Workers\Person.pas) segment .text

    96 0001:0010C264    97 0001:0010C29C    93 0001:0010C2A0    94 0001:0010C2A9
    95 0001:0010C2B9

Line numbers for Facture(Invoice\Facture.pas) segment .text

    64 0001:0010C6D8    66 0001:0010C6E4    67 0001:0010C6F4    68 0001:0010C702
    70 0001:0010C70D    74 0001:0010C714   105 0001:0010C720   110 0001:0010C724
   111 0001:0010C75C   107 0001:0010C760   108 0001:0010C769   109 0001:0010C779

Line numbers for WorkTime(Workers\WorkTime.pas) segment .text

    89 0001:0010CC7C    90 0001:0010CCB4    86 0001:0010CCB8    87 0001:0010CCC1
    88 0001:0010CCD1

Line numbers for KSMProj(P:\KSMProj.dpr) segment .text

    66 0001:0010CCEC    67 0001:0010CCF8    68 0001:0010CD04    70 0001:0010D6D0
    71 0001:0010D6E3    72 0001:0010D6F1    73 0001:0010D6FD    75 0001:0010D70C
    77 0001:0010D71D    78 0001:0010D735    79 0001:0010D73F    80 0001:0010D749
    81 0001:0010D75E    84 0001:0010D763    85 0001:0010D77B    86 0001:0010D785
    87 0001:0010D78F    91 0001:0010D794    92 0001:0010D7AC    93 0001:0010D7B6
    94 0001:0010D7C0    98 0001:0010D7C5    99 0001:0010D7DD   100 0001:0010D7E7
   101 0001:0010D7F1   105 0001:0010D7F6   106 0001:0010D80E   107 0001:0010D818
   108 0001:0010D822   112 0001:0010D827   113 0001:0010D83F   114 0001:0010D849
   115 0001:0010D853   119 0001:0010D858   120 0001:0010D870   121 0001:0010D87A
   122 0001:0010D884   126 0001:0010D889   127 0001:0010D8A1   128 0001:0010D8AB
   129 0001:0010D8B5   133 0001:0010D8BA   134 0001:0010D8D2   135 0001:0010D8DC
   136 0001:0010D8E6   140 0001:0010D8EB   141 0001:0010D903   142 0001:0010D90D
   143 0001:0010D917   147 0001:0010D91C   148 0001:0010D934   149 0001:0010D93E
   150 0001:0010D948   154 0001:0010D94D   155 0001:0010D965   156 0001:0010D96F
   157 0001:0010D979   161 0001:0010D97E   162 0001:0010D996   167 0001:0010D9C4
   174 0001:0010D9C9   178 0001:0010D9D8   179 0001:0010D9E4

Bound resource files

d:\b\etv\DiDual.DFM
d:\b\etv\DiAdv.DFM
d:\b\etv\Filter.DFM
d:\b\etv\Pasw.DFM
d:\b\link4\LnPasw.DFM
D:\B\VG\Units\vgVCLRes.RES
d:\b\etv\DiPrint.DFM
d:\b\link4\FindDlgc.DFM
d:\b\other4\XPDlg.DFM
d:\b\other4\XPrevDlg.DFM
d:\b\other4\XPrlDlg.DFM
d:\b\xylib4\XAbout.DFM
d:\b\xylib4\FEdIFNs.DFM
d:\b\xylib4\FSetInq.DFM
d:\b\xylib4\FSetReps.DFM
d:\b\xylib4\Splash.DFM
d:\b\xylib4\TlsForm.DFM
d:\b\xylib4\BEForms.DFM
MdGeography.DFM
D:\B\RB4\LIB\rbDADE.res
d:\b\xylib4\XSBForm.DFM
d:\b\etv\DiDate.DFM
d:\b\xylib4\ABEForms.DFM
d:\b\xylib4\BBEForms.DFM
d:\b\xylib4\MBEForms.DFM
d:\b\etv\EtvView.DFM
PriceDlg.DFM
DlgOneDate.DFM
Prod.DFM
DlgUnLock.DFM
Person2.DFM
DlgClient.DFM
Materials.DFM
MInvoice.DFM
MdContr.DFM
MInvoiceCheckSS.DFM
MInvoiceDragInfo.DFM
MServiceUnit.DFM
MFaktura.DFM
selectBox.DFM
mdMaterials.DFM
DlgAct.DFM
PayDoc.DFM
MdPays.DFM
MdClientsAdd.DFM
Orgs.DFM
MdOrgs.DFM
Workers.DFM
MdWorkers.DFM
Invoice.DFM
ProdPlan.DFM
MdProd.DFM
MdShop.DFM
SForm.DFM
FactureVAT.DFM
MdInvc.DFM
MdCommon.DFM
MdBase.DFM
Bank.DFM
ProdMat.DFM
Tare.DFM
ContrProd.DFM
Contract.DFM
Shop.DFM
MInvoiceCalc.DFM
Person.DFM
Facture.DFM
WorkTime.DFM
KSMProj.RES
KSMProj.drf


Program entry point at 0001:0010D6D0
